Archive member included because of file (symbol)

contiki-sky.a(powertrace.o)   border-router.co (powertrace_start)
contiki-sky.a(contiki-sky-pla)
                              obj_sky/contiki-sky-main.o (init_platform)
contiki-sky.a(button-sensor.o)
                              border-router.co (button_sensor)
contiki-sky.a(ds2411.o)       obj_sky/contiki-sky-main.o (ds2411_init)
contiki-sky.a(xmem.o)         obj_sky/contiki-sky-main.o (xmem_init)
contiki-sky.a(node-id.o)      obj_sky/contiki-sky-main.o (node_id_restore)
contiki-sky.a(sensors.o)      border-router.co (sensors_event)
contiki-sky.a(cc2420.o)       obj_sky/contiki-sky-main.o (cc2420_set_pan_addr)
contiki-sky.a(cc2420-arch.o)  contiki-sky.a(cc2420.o) (cc2420_arch_init)
contiki-sky.a(uart1.o)        obj_sky/contiki-sky-main.o (uart1_active)
contiki-sky.a(slip_uart1.o)   obj_sky/slip-bridge.o (slip_arch_writeb)
contiki-sky.a(slip.o)         obj_sky/slip-bridge.o (slip_process)
contiki-sky.a(msp430.o)       contiki-sky.a(uart1.o) (msp430_add_lpm_req)
contiki-sky.a(clock.o)        obj_sky/contiki-sky-main.o (clock_init)
contiki-sky.a(leds.o)         obj_sky/contiki-sky-main.o (leds_init)
contiki-sky.a(leds-arch.o)    contiki-sky.a(leds.o) (leds_arch_init)
contiki-sky.a(watchdog.o)     obj_sky/contiki-sky-main.o (watchdog_start)
contiki-sky.a(rtimer-arch.o)  obj_sky/contiki-sky-main.o (rtimer_arch_now)
contiki-sky.a(autostart.o)    obj_sky/contiki-sky-main.o (autostart_start)
contiki-sky.a(ctimer.o)       obj_sky/contiki-sky-main.o (ctimer_init)
contiki-sky.a(energest.o)     obj_sky/contiki-sky-main.o (energest_init)
contiki-sky.a(etimer.o)       contiki-sky.a(clock.o) (etimer_request_poll)
contiki-sky.a(process.o)      border-router.co (process_current)
contiki-sky.a(rtimer.o)       obj_sky/contiki-sky-main.o (rtimer_init)
contiki-sky.a(timer.o)        obj_sky/httpd-simple.o (timer_set)
contiki-sky.a(list.o)         contiki-sky.a(ctimer.o) (list_init)
contiki-sky.a(memb.o)         obj_sky/httpd-simple.o (memb_init)
contiki-sky.a(random.o)       obj_sky/contiki-sky-main.o (random_init)
contiki-sky.a(sicslowpan.o)   obj_sky/contiki-sky-main.o (sicslowpan_driver)
contiki-sky.a(uip6.o)         border-router.co (uip_aligned_buf)
contiki-sky.a(uip-ds6.o)      contiki-sky.a(uip6.o) (uip_ds6_is_addr_onlink)
contiki-sky.a(uip-ds6-nbr.o)  border-router.co (ds6_neighbors)
contiki-sky.a(uip-ds6-route.o)
                              contiki-sky.a(uip-ds6.o) (uip_ds6_route_init)
contiki-sky.a(uip-icmp6.o)    contiki-sky.a(uip6.o) (uip_icmp6_input)
contiki-sky.a(uip-nd6.o)      contiki-sky.a(uip6.o) (uip_nd6_init)
contiki-sky.a(psock.o)        border-router.co (psock_send)
contiki-sky.a(tcpip.o)        contiki-sky.a(sicslowpan.o) (tcpip_set_outputfunc)
contiki-sky.a(uip-debug.o)    border-router.co (uip_debug_ipaddr_print)
contiki-sky.a(rpl.o)          contiki-sky.a(uip-ds6-nbr.o) (rpl_link_neighbor_callback)
contiki-sky.a(rpl-dag.o)      contiki-sky.a(rpl.o) (default_instance)
contiki-sky.a(rpl-ext-header.)
                              contiki-sky.a(uip6.o) (rpl_verify_header)
contiki-sky.a(rpl-icmp6.o)    contiki-sky.a(rpl.o) (dao_output_target)
contiki-sky.a(rpl-mrhof.o)    contiki-sky.a(rpl.o) (rpl_mrhof)
contiki-sky.a(rpl-timers.o)   contiki-sky.a(rpl.o) (rpl_reset_periodic_timer)
contiki-sky.a(framer-802154.o)
                              contiki-sky.a(sicslowpan.o) (framer_802154)
contiki-sky.a(framer.o)       contiki-sky.a(framer-802154.o) (framer_canonical_create_and_secure)
contiki-sky.a(nullmac.o)      border-router.co (nullmac_driver)
contiki-sky.a(linkaddr.o)     obj_sky/contiki-sky-main.o (linkaddr_copy)
contiki-sky.a(nbr-table.o)    contiki-sky.a(uip-ds6-nbr.o) (nbr_table_register)
contiki-sky.a(packetbuf.o)    contiki-sky.a(framer.o) (packetbuf_compact)
contiki-sky.a(queuebuf.o)     obj_sky/contiki-sky-main.o (queuebuf_init)
contiki-sky.a(contikimac.o)   obj_sky/contiki-sky-main.o (contikimac_driver)
contiki-sky.a(nullsec.o)      obj_sky/contiki-sky-main.o (nullsec_driver)
contiki-sky.a(spi.o)          contiki-sky.a(xmem.o) (spi_init)
contiki-sky.a(compower.o)     contiki-sky.a(contikimac.o) (compower_accumulate)
contiki-sky.a(stimer.o)       contiki-sky.a(uip-ds6.o) (stimer_set)
contiki-sky.a(frame802154.o)  contiki-sky.a(framer-802154.o) (frame802154_hdrlen)
contiki-sky.a(mac.o)          contiki-sky.a(contikimac.o) (mac_call_sent_callback)
contiki-sky.a(mac-sequence.o)
                              contiki-sky.a(contikimac.o) (mac_sequence_is_duplicate)
/usr/lib/gcc/msp430/4.6.3/mmpy-16/libgcc.a(_mulsi3.o)
                              contiki-sky.a(rpl.o) (__mulsi3)
/usr/lib/gcc/msp430/4.6.3/mmpy-16/libgcc.a(_udivmod16.o)
                              contiki-sky.a(rpl-dag.o) (__udivhi3)
/usr/lib/gcc/msp430/4.6.3/mmpy-16/libgcc.a(_divmod16.o)
                              contiki-sky.a(sicslowpan.o) (__divhi3)
/usr/lib/gcc/msp430/4.6.3/mmpy-16/libgcc.a(_udivmod32.o)
                              obj_sky/contiki-sky-main.o (__udivsi3)
[...]
Memory Configuration

Name             Origin             Length             Attributes
sfr              0x00000000         0x00000010
peripheral_8bit  0x00000010         0x000000f0
peripheral_16bit 0x00000100         0x00000100
ram_mirror       0x00000200         0x00000800         xw
infomem          0x00001000         0x00000100
infob            0x00001000         0x00000080
infoa            0x00001080         0x00000080
ram              0x00001100         0x00002800         xw
rom              0x00004000         0x0000bfe0         xr
vectors          0x0000ffe0         0x00000020
bsl              0x00000000         0x00000000
infoc            0x00000000         0x00000000
infod            0x00000000         0x00000000
ram2             0x00000000         0x00000000         xw
usbram           0x00000000         0x00000000         xw
far_rom          0x00000000         0x00000000
*default*        0x00000000         0xffffffff

Linker script and memory map

LOAD /usr/lib/gcc/msp430/4.6.3/mmpy-16/crt0ivtbl16.o
LOAD border-router.co
LOAD obj_sky/slip-bridge.o
LOAD obj_sky/httpd-simple.o
LOAD obj_sky/contiki-sky-main.o
LOAD contiki-sky.a
LOAD /usr/lib/gcc/msp430/4.6.3/mmpy-16/libgcc.a
LOAD /usr/lib/gcc/msp430/4.6.3/../../../../msp430/lib/mmpy-16/libc.a
LOAD /usr/lib/gcc/msp430/4.6.3/mmpy-16/libgcc.a
LOAD /usr/lib/gcc/msp430/4.6.3/mmpy-16/libcrt0.a
                0x00000080                PROVIDE (__info_segment_size, 0x80)
                0x00001000                PROVIDE (__infob, 0x1000)
                0x00001080                PROVIDE (__infoa, 0x1080)
                0x00000000                __IE1 = 0x0
                0x00000002                __IFG1 = 0x2
                0x00000004                __ME1 = 0x4
                0x00000001                __IE2 = 0x1
                0x00000003                __IFG2 = 0x3
                0x00000005                __ME2 = 0x5
                0x00000120                __WDTCTL = 0x120
                0x00000130                __MPY = 0x130
                0x00000132                __MPYS = 0x132
                0x00000134                __MAC = 0x134
                0x00000136                __MACS = 0x136
                0x00000138                __OP2 = 0x138
                0x0000013a                __RESLO = 0x13a
                0x0000013c                __RESHI = 0x13c
                0x0000013e                __SUMEXT = 0x13e
                0x00000020                __P1IN = 0x20
                0x00000021                __P1OUT = 0x21
                0x00000022                __P1DIR = 0x22
                0x00000023                __P1IFG = 0x23
                0x00000024                __P1IES = 0x24
                0x00000025                __P1IE = 0x25
                0x00000026                __P1SEL = 0x26
                0x00000028                __P2IN = 0x28
                0x00000029                __P2OUT = 0x29
                0x0000002a                __P2DIR = 0x2a
                0x0000002b                __P2IFG = 0x2b
                0x0000002c                __P2IES = 0x2c
                0x0000002d                __P2IE = 0x2d
                0x0000002e                __P2SEL = 0x2e
                0x00000018                __P3IN = 0x18
                0x00000019                __P3OUT = 0x19
                0x0000001a                __P3DIR = 0x1a
                0x0000001b                __P3SEL = 0x1b
                0x0000001c                __P4IN = 0x1c
                0x0000001d                __P4OUT = 0x1d
                0x0000001e                __P4DIR = 0x1e
                0x0000001f                __P4SEL = 0x1f
                0x00000030                __P5IN = 0x30
                0x00000031                __P5OUT = 0x31
                0x00000032                __P5DIR = 0x32
                0x00000033                __P5SEL = 0x33
                0x00000034                __P6IN = 0x34
                0x00000035                __P6OUT = 0x35
                0x00000036                __P6DIR = 0x36
                0x00000037                __P6SEL = 0x37
                0x00000070                __U0CTL = 0x70
                0x00000071                __U0TCTL = 0x71
                0x00000072                __U0RCTL = 0x72
                0x00000073                __U0MCTL = 0x73
                0x00000074                __U0BR0 = 0x74
                0x00000075                __U0BR1 = 0x75
                0x00000076                __U0RXBUF = 0x76
                0x00000077                __U0TXBUF = 0x77
                0x00000078                __U1CTL = 0x78
                0x00000079                __U1TCTL = 0x79
                0x0000007a                __U1RCTL = 0x7a
                0x0000007b                __U1MCTL = 0x7b
                0x0000007c                __U1BR0 = 0x7c
                0x0000007d                __U1BR1 = 0x7d
                0x0000007e                __U1RXBUF = 0x7e
                0x0000007f                __U1TXBUF = 0x7f
                0x00000050                __I2CIE = 0x50
                0x00000051                __I2CIFG = 0x51
                0x00000052                __I2CNDAT = 0x52
                0x00000071                __I2CTCTL = 0x71
                0x00000072                __I2CDCTL = 0x72
                0x00000073                __I2CPSC = 0x73
                0x00000074                __I2CSCLH = 0x74
                0x00000075                __I2CSCLL = 0x75
                0x00000076                __I2CDRB = 0x76
                0x00000076                __I2CDRW = 0x76
                0x00000118                __I2COA = 0x118
                0x0000011a                __I2CSA = 0x11a
                0x0000011c                __I2CIV = 0x11c
                0x0000012e                __TAIV = 0x12e
                0x00000160                __TACTL = 0x160
                0x00000162                __TACCTL0 = 0x162
                0x00000164                __TACCTL1 = 0x164
                0x00000166                __TACCTL2 = 0x166
                0x00000170                __TAR = 0x170
                0x00000172                __TACCR0 = 0x172
                0x00000174                __TACCR1 = 0x174
                0x00000176                __TACCR2 = 0x176
                0x0000011e                __TBIV = 0x11e
                0x00000180                __TBCTL = 0x180
                0x00000182                __TBCCTL0 = 0x182
                0x00000184                __TBCCTL1 = 0x184
                0x00000186                __TBCCTL2 = 0x186
                0x00000188                __TBCCTL3 = 0x188
                0x0000018a                __TBCCTL4 = 0x18a
                0x0000018c                __TBCCTL5 = 0x18c
                0x0000018e                __TBCCTL6 = 0x18e
                0x00000190                __TBR = 0x190
                0x00000192                __TBCCR0 = 0x192
                0x00000194                __TBCCR1 = 0x194
                0x00000196                __TBCCR2 = 0x196
                0x00000198                __TBCCR3 = 0x198
                0x0000019a                __TBCCR4 = 0x19a
                0x0000019c                __TBCCR5 = 0x19c
                0x0000019e                __TBCCR6 = 0x19e
                0x00000056                __DCOCTL = 0x56
                0x00000057                __BCSCTL1 = 0x57
                0x00000058                __BCSCTL2 = 0x58
                0x00000055                __SVSCTL = 0x55
                0x00000128                __FCTL1 = 0x128
                0x0000012a                __FCTL2 = 0x12a
                0x0000012c                __FCTL3 = 0x12c
                0x00000059                __CACTL1 = 0x59
                0x0000005a                __CACTL2 = 0x5a
                0x0000005b                __CAPD = 0x5b
                0x000001a0                __ADC12CTL0 = 0x1a0
                0x000001a2                __ADC12CTL1 = 0x1a2
                0x000001a4                __ADC12IFG = 0x1a4
                0x000001a6                __ADC12IE = 0x1a6
                0x000001a8                __ADC12IV = 0x1a8
                0x00000140                __ADC12MEM0 = 0x140
                0x00000142                __ADC12MEM1 = 0x142
                0x00000144                __ADC12MEM2 = 0x144
                0x00000146                __ADC12MEM3 = 0x146
                0x00000148                __ADC12MEM4 = 0x148
                0x0000014a                __ADC12MEM5 = 0x14a
                0x0000014c                __ADC12MEM6 = 0x14c
                0x0000014e                __ADC12MEM7 = 0x14e
                0x00000150                __ADC12MEM8 = 0x150
                0x00000152                __ADC12MEM9 = 0x152
                0x00000154                __ADC12MEM10 = 0x154
                0x00000156                __ADC12MEM11 = 0x156
                0x00000158                __ADC12MEM12 = 0x158
                0x0000015a                __ADC12MEM13 = 0x15a
                0x0000015c                __ADC12MEM14 = 0x15c
                0x0000015e                __ADC12MEM15 = 0x15e
                0x00000080                __ADC12MCTL0 = 0x80
                0x00000081                __ADC12MCTL1 = 0x81
                0x00000082                __ADC12MCTL2 = 0x82
                0x00000083                __ADC12MCTL3 = 0x83
                0x00000084                __ADC12MCTL4 = 0x84
                0x00000085                __ADC12MCTL5 = 0x85
                0x00000086                __ADC12MCTL6 = 0x86
                0x00000087                __ADC12MCTL7 = 0x87
                0x00000088                __ADC12MCTL8 = 0x88
                0x00000089                __ADC12MCTL9 = 0x89
                0x0000008a                __ADC12MCTL10 = 0x8a
                0x0000008b                __ADC12MCTL11 = 0x8b
                0x0000008c                __ADC12MCTL12 = 0x8c
                0x0000008d                __ADC12MCTL13 = 0x8d
                0x0000008e                __ADC12MCTL14 = 0x8e
                0x0000008f                __ADC12MCTL15 = 0x8f
                0x000001c0                __DAC12_0CTL = 0x1c0
                0x000001c2                __DAC12_1CTL = 0x1c2
                0x000001c8                __DAC12_0DAT = 0x1c8
                0x000001ca                __DAC12_1DAT = 0x1ca
                0x00000122                __DMACTL0 = 0x122
                0x00000124                __DMACTL1 = 0x124
                0x000001e0                __DMA0CTL = 0x1e0
                0x000001e8                __DMA1CTL = 0x1e8
                0x000001f0                __DMA2CTL = 0x1f0
                0x000001e2                __DMA0SA = 0x1e2
                0x000001e4                __DMA0DA = 0x1e4
                0x000001e6                __DMA0SZ = 0x1e6
                0x000001ea                __DMA1SA = 0x1ea
                0x000001ec                __DMA1DA = 0x1ec
                0x000001ee                __DMA1SZ = 0x1ee
                0x000001f2                __DMA2SA = 0x1f2
                0x000001f4                __DMA2DA = 0x1f4
                0x000001f6                __DMA2SZ = 0x1f6

.hash
 *(.hash)

.dynsym
 *(.dynsym)

.dynstr
 *(.dynstr)

.gnu.version
 *(.gnu.version)

.gnu.version_d
 *(.gnu.version_d)

.gnu.version_r
 *(.gnu.version_r)

.rel.init
 *(.rel.init)

.rela.init
 *(.rela.init)

.rel.fini
 *(.rel.fini)

.rela.fini
 *(.rela.fini)

.rel.text
 *(.rel.text .rel.text.* .rel.gnu.linkonce.t.*)

.rela.text
 *(.rela.text .rela.text.* .rela.gnu.linkonce.t.*)

.rel.rodata
 *(.rel.rodata .rel.rodata.* .rel.gnu.linkonce.r.*)

.rela.rodata
 *(.rela.rodata .rela.rodata.* .rela.gnu.linkonce.r.*)

.rel.data
 *(.rel.data .rel.data.* .rel.gnu.linkonce.d.*)

.rela.data
 *(.rela.data .rela.data.* .rela.gnu.linkonce.d.*)

.rel.bss
 *(.rel.bss .rel.bss.* .rel.gnu.linkonce.b.*)

.rela.bss
 *(.rela.bss .rela.bss.* .rela.gnu.linkonce.b.*)

.rel.ctors
 *(.rel.ctors)

.rela.ctors
 *(.rela.ctors)

.rel.dtors
 *(.rel.dtors)

.rela.dtors
 *(.rela.dtors)

.rel.got
 *(.rel.got)

.rela.got
 *(.rela.got)

.rel.plt
 *(.rel.plt)

.rela.plt
 *(.rela.plt)

.text           0x00004000     0xb3d2
                0x00004000                . = ALIGN (0x2)
 *(.init .init.*)
 *(.init0)
 .init0         0x00004000        0x0 /usr/lib/gcc/msp430/4.6.3/mmpy-16/libcrt0.a(_reset_vector__.o)
                0x00004000                _reset_vector__
 *(.init1)
 .init1         0x00004000        0xc /usr/lib/gcc/msp430/4.6.3/mmpy-16/libcrt0.a(__watchdog_support.o)
                0x00004000                __watchdog_support
 *(.init2)
 .init2         0x0000400c        0x4 /usr/lib/gcc/msp430/4.6.3/mmpy-16/libcrt0.a(__init_stack.o)
                0x0000400c                __init_stack
 *(.init3)
 .init3         0x00004010        0x0 /usr/lib/gcc/msp430/4.6.3/mmpy-16/libcrt0.a(__low_level_init.o)
                0x00004010                __low_level_init
 *(.init4)
 .init4         0x00004010       0x18 /usr/lib/gcc/msp430/4.6.3/mmpy-16/libcrt0.a(_copy_data.o)
                0x00004010                __do_copy_data
 .init4         0x00004028       0x16 /usr/lib/gcc/msp430/4.6.3/mmpy-16/libcrt0.a(_clear_bss.o)
                0x00004028                __do_clear_bss
 *(.init5)
 *(.init6)
 *(.init7)
 *(.init8)
 *(.init9)
 .init9         0x0000403e      0x2d8 obj_sky/contiki-sky-main.o
                0x0000403e                main
 *(.fini9)
 .fini9         0x00004316        0x0 /usr/lib/gcc/msp430/4.6.3/mmpy-16/libcrt0.a(__stop_progExec__.o)
                0x00004316                __stop_progExec__
 *(.fini8)
 *(.fini7)
 *(.fini6)
 *(.fini5)
 *(.fini4)
 *(.fini3)
 *(.fini2)
 *(.fini1)
 *(.fini0)
 .fini0         0x00004316        0x6 /usr/lib/gcc/msp430/4.6.3/mmpy-16/libcrt0.a(_endless_loop__.o)
                0x00004316                _endless_loop__
 *(.fini .fini.*)
                0x0000431c                . = ALIGN (0x2)
                0x0000431c                __ctors_start = .
 *(.ctors)
                0x0000431c                __ctors_end = .
                0x0000431c                __dtors_start = .
 *(.dtors)
                0x0000431c                __dtors_end = .
                0x0000431c                . = ALIGN (0x2)
 *(.text .text.* .gnu.linkonce.t.*)
 .text          0x0000431c        0x4 /usr/lib/gcc/msp430/4.6.3/mmpy-16/crt0ivtbl16.o
                0x0000431c                __isr_14
                0x0000431c                __isr_11
                0x0000431c                __isr_2
                0x0000431c                __isr_7
                0x0000431c                __isr_0
                0x0000431c                __isr_8
                0x0000431c                __isr_3
                0x0000431c                __isr_12
                0x0000431c                __isr_13
                0x0000431c                __isr_9
 .text.process_thread_webserver_nogui_process
                0x00004320       0x3c border-router.co
 .text.ipaddr_add
                0x0000435c       0xc4 border-router.co
 .text.generate_routes
                0x00004420      0x298 border-router.co
 .text.httpd_simple_get_script
                0x000046b8        0x6 border-router.co
                0x000046b8                httpd_simple_get_script
 .text.request_prefix
                0x000046be       0x1e border-router.co
                0x000046be                request_prefix
 .text.process_thread_border_router_process
                0x000046dc      0x122 border-router.co
 .text.set_prefix_64
                0x000047fe       0x5e border-router.co
                0x000047fe                set_prefix_64
 .text.init     0x0000485c       0x1e obj_sky/slip-bridge.o
 .text.slip_input_callback
                0x0000487a       0xe2 obj_sky/slip-bridge.o
 .text.output   0x0000495c       0x48 obj_sky/slip-bridge.o
 .text.putchar  0x000049a4       0x3c obj_sky/slip-bridge.o
                0x000049a4                putchar
 .text.handle_input
                0x000049e0       0xf0 obj_sky/httpd-simple.o
 .text.send_headers
                0x00004ad0       0x6a obj_sky/httpd-simple.o
 .text.handle_output
                0x00004b3a       0xf4 obj_sky/httpd-simple.o
 .text.httpd_appcall
                0x00004c2e       0xd0 obj_sky/httpd-simple.o
                0x00004c2e                httpd_appcall
 .text.httpd_init
                0x00004cfe       0x12 obj_sky/httpd-simple.o
                0x00004cfe                httpd_init
 .text.start_network_layer
                0x00004d10       0xa2 obj_sky/contiki-sky-main.o
 .text.powertrace_print
                0x00004db2      0x122 contiki-sky.a(powertrace.o)
                0x00004db2                powertrace_print
 .text.process_thread_powertrace_process
                0x00004ed4       0x5c contiki-sky.a(powertrace.o)
 .text.powertrace_start
                0x00004f30       0x18 contiki-sky.a(powertrace.o)
                0x00004f30                powertrace_start
 .text.init_platform
                0x00004f48        0xc contiki-sky.a(contiki-sky-pla)
                0x00004f48                init_platform
 .text.status   0x00004f54       0x16 contiki-sky.a(button-sensor.o)
 .text.configure
                0x00004f6a       0x52 contiki-sky.a(button-sensor.o)
 .text.value    0x00004fbc       0x22 contiki-sky.a(button-sensor.o)
 .text.irq_p2   0x00004fde       0x8a contiki-sky.a(button-sensor.o)
                0x00004fde                irq_p2
                0x00004fde                __isr_1
 .text.owreadb  0x00005068       0x52 contiki-sky.a(ds2411.o)
 .text.ds2411_init
                0x000050ba      0x122 contiki-sky.a(ds2411.o)
                0x000050ba                ds2411_init
 .text.wait_ready
                0x000051dc       0x50 contiki-sky.a(xmem.o)
 .text.xmem_init
                0x0000522c       0x3e contiki-sky.a(xmem.o)
                0x0000522c                xmem_init
 .text.xmem_pread
                0x0000526a       0xea contiki-sky.a(xmem.o)
                0x0000526a                xmem_pread
 .text.node_id_restore
                0x00005354       0x38 contiki-sky.a(node-id.o)
                0x00005354                node_id_restore
 .text.process_thread_sensors_process
                0x0000538c       0xbe contiki-sky.a(sensors.o)
 .text.sensors_changed
                0x0000544a       0x2a contiki-sky.a(sensors.o)
                0x0000544a                sensors_changed
 .text.get_object
                0x00005474        0x4 contiki-sky.a(cc2420.o)
 .text.set_object
                0x00005478        0x4 contiki-sky.a(cc2420.o)
 .text.strobe   0x0000547c       0x20 contiki-sky.a(cc2420.o)
 .text.getreg   0x0000549c       0x54 contiki-sky.a(cc2420.o)
 .text.setreg   0x000054f0       0x52 contiki-sky.a(cc2420.o)
 .text.write_ram
                0x00005542       0x80 contiki-sky.a(cc2420.o)
 .text.write_fifo_buf
                0x000055c2       0x40 contiki-sky.a(cc2420.o)
 .text.get_status
                0x00005602       0x24 contiki-sky.a(cc2420.o)
 .text.set_txpower
                0x00005626       0x26 contiki-sky.a(cc2420.o)
 .text.cc2420_receiving_packet
                0x0000564c        0xe contiki-sky.a(cc2420.o)
 .text.pending_packet
                0x0000565a        0x8 contiki-sky.a(cc2420.o)
 .text.on       0x00005662       0x1e contiki-sky.a(cc2420.o)
 .text.wait_for_transmission
                0x00005680       0x22 contiki-sky.a(cc2420.o)
 .text.wait_for_status
                0x000056a2       0x2a contiki-sky.a(cc2420.o)
 .text.getrxdata
                0x000056cc       0x56 contiki-sky.a(cc2420.o)
 .text.flushrx  0x00005722       0x1a contiki-sky.a(cc2420.o)
 .text.off      0x0000573c       0x5a contiki-sky.a(cc2420.o)
 .text.RELEASE_LOCK
                0x00005796       0x28 contiki-sky.a(cc2420.o)
 .text.set_key  0x000057be       0x18 contiki-sky.a(cc2420.o)
 .text.cc2420_prepare
                0x000057d6       0x3c contiki-sky.a(cc2420.o)
 .text.cc2420_on
                0x00005812       0x22 contiki-sky.a(cc2420.o)
                0x00005812                cc2420_on
 .text.cc2420_off
                0x00005834       0x30 contiki-sky.a(cc2420.o)
                0x00005834                cc2420_off
 .text.cc2420_cca
                0x00005864       0x5e contiki-sky.a(cc2420.o)
 .text.cc2420_read
                0x000058c2       0xb0 contiki-sky.a(cc2420.o)
 .text.process_thread_cc2420_process
                0x00005972       0x50 contiki-sky.a(cc2420.o)
 .text.encrypt  0x000059c2       0x8e contiki-sky.a(cc2420.o)
 .text.cc2420_set_channel
                0x00005a50       0x3c contiki-sky.a(cc2420.o)
                0x00005a50                cc2420_set_channel
 .text.cc2420_set_pan_addr
                0x00005a8c       0x4c contiki-sky.a(cc2420.o)
                0x00005a8c                cc2420_set_pan_addr
 .text.cc2420_interrupt
                0x00005ad8       0x18 contiki-sky.a(cc2420.o)
                0x00005ad8                cc2420_interrupt
 .text.cc2420_set_txpower
                0x00005af0        0xe contiki-sky.a(cc2420.o)
                0x00005af0                cc2420_set_txpower
 .text.cc2420_get_txpower
                0x00005afe       0x1e contiki-sky.a(cc2420.o)
                0x00005afe                cc2420_get_txpower
 .text.cc2420_transmit
                0x00005b1c      0x10e contiki-sky.a(cc2420.o)
 .text.cc2420_send
                0x00005c2a       0x12 contiki-sky.a(cc2420.o)
 .text.cc2420_rssi
                0x00005c3c       0x4c contiki-sky.a(cc2420.o)
                0x00005c3c                cc2420_rssi
 .text.get_value
                0x00005c88       0xac contiki-sky.a(cc2420.o)
 .text.cc2420_set_cca_threshold
                0x00005d34       0x16 contiki-sky.a(cc2420.o)
                0x00005d34                cc2420_set_cca_threshold
 .text.set_value
                0x00005d4a       0x8a contiki-sky.a(cc2420.o)
 .text.cc2420_init
                0x00005dd4       0xde contiki-sky.a(cc2420.o)
                0x00005dd4                cc2420_init
 .text.cc2420_port1_interrupt
                0x00005eb2       0x62 contiki-sky.a(cc2420-arch.o)
                0x00005eb2                __isr_4
                0x00005eb2                cc2420_port1_interrupt
 .text.cc2420_arch_init
                0x00005f14       0x1a contiki-sky.a(cc2420-arch.o)
                0x00005f14                cc2420_arch_init
 .text.handle_rxdma_timer
                0x00005f2e       0x3a contiki-sky.a(uart1.o)
 .text.uart1_active
                0x00005f68       0x1a contiki-sky.a(uart1.o)
                0x00005f68                uart1_active
 .text.uart1_set_input
                0x00005f82       0x20 contiki-sky.a(uart1.o)
                0x00005f82                uart1_set_input
 .text.uart1_writeb
                0x00005fa2       0x1a contiki-sky.a(uart1.o)
                0x00005fa2                uart1_writeb
 .text.uart1_init
                0x00005fbc       0xf6 contiki-sky.a(uart1.o)
                0x00005fbc                uart1_init
 .text.slip_arch_writeb
                0x000060b2        0x6 contiki-sky.a(slip_uart1.o)
                0x000060b2                slip_arch_writeb
 .text.slip_arch_init
                0x000060b8        0xa contiki-sky.a(slip_uart1.o)
                0x000060b8                slip_arch_init
 .text.rxbuf_init
                0x000060c2       0x12 contiki-sky.a(slip.o)
 .text.process_thread_slip_process
                0x000060d4      0x138 contiki-sky.a(slip.o)
 .text.slip_set_input_callback
                0x0000620c        0x6 contiki-sky.a(slip.o)
                0x0000620c                slip_set_input_callback
 .text.slip_send
                0x00006212       0x5e contiki-sky.a(slip.o)
                0x00006212                slip_send
 .text.slip_input_byte
                0x00006270       0xbe contiki-sky.a(slip.o)
                0x00006270                slip_input_byte
 .text.msp430_init_dco
                0x0000632e       0x84 contiki-sky.a(msp430.o)
                0x0000632e                msp430_init_dco
 .text.msp430_add_lpm_req
                0x000063b2        0xc contiki-sky.a(msp430.o)
                0x000063b2                msp430_add_lpm_req
 .text.msp430_cpu_init
                0x000063be       0x2a contiki-sky.a(msp430.o)
                0x000063be                msp430_cpu_init
 .text.splhigh_
                0x000063e8        0x8 contiki-sky.a(msp430.o)
                0x000063e8                splhigh_
 .text.msp430_sync_dco
                0x000063f0       0x68 contiki-sky.a(msp430.o)
                0x000063f0                msp430_sync_dco
 .text.timera1  0x00006458      0x11e contiki-sky.a(clock.o)
                0x00006458                __isr_5
                0x00006458                timera1
 .text.clock_time
                0x00006576       0x1a contiki-sky.a(clock.o)
                0x00006576                clock_time
 .text.clock_init
                0x00006590       0x28 contiki-sky.a(clock.o)
                0x00006590                clock_init
 .text.clock_delay
                0x000065b8        0xc contiki-sky.a(clock.o)
                0x000065b8                clock_delay
 .text.clock_seconds
                0x000065c4       0x1a contiki-sky.a(clock.o)
                0x000065c4                clock_seconds
 .text.show_leds
                0x000065de       0xf6 contiki-sky.a(leds.o)
 .text.leds_init
                0x000066d4        0xa contiki-sky.a(leds.o)
                0x000066d4                leds_init
 .text.leds_on  0x000066de        0xa contiki-sky.a(leds.o)
                0x000066de                leds_on
 .text.leds_off
                0x000066e8        0xe contiki-sky.a(leds.o)
                0x000066e8                leds_off
 .text.leds_arch_init
                0x000066f6        0xe contiki-sky.a(leds-arch.o)
                0x000066f6                leds_arch_init
 .text.leds_arch_set
                0x00006704       0x3a contiki-sky.a(leds-arch.o)
                0x00006704                leds_arch_set
 .text.watchdog_interrupt
                0x0000673e        0x6 contiki-sky.a(watchdog.o)
                0x0000673e                __isr_10
                0x0000673e                watchdog_interrupt
 .text.watchdog_start
                0x00006744       0x14 contiki-sky.a(watchdog.o)
                0x00006744                watchdog_start
 .text.watchdog_periodic
                0x00006758       0x12 contiki-sky.a(watchdog.o)
                0x00006758                watchdog_periodic
 .text.watchdog_stop
                0x0000676a       0x16 contiki-sky.a(watchdog.o)
                0x0000676a                watchdog_stop
 .text.watchdog_init
                0x00006780       0x14 contiki-sky.a(watchdog.o)
                0x00006780                watchdog_init
 .text.rtimer_arch_init
                0x00006794        0xe contiki-sky.a(rtimer-arch.o)
                0x00006794                rtimer_arch_init
 .text.rtimer_arch_now
                0x000067a2        0xe contiki-sky.a(rtimer-arch.o)
                0x000067a2                rtimer_arch_now
 .text.timera0  0x000067b0       0x70 contiki-sky.a(rtimer-arch.o)
                0x000067b0                __isr_6
                0x000067b0                timera0
 .text.rtimer_arch_schedule
                0x00006820        0x6 contiki-sky.a(rtimer-arch.o)
                0x00006820                rtimer_arch_schedule
 .text.autostart_start
                0x00006826       0x16 contiki-sky.a(autostart.o)
                0x00006826                autostart_start
 .text.process_thread_ctimer_process
                0x0000683c       0xa4 contiki-sky.a(ctimer.o)
 .text.ctimer_init
                0x000068e0       0x18 contiki-sky.a(ctimer.o)
                0x000068e0                ctimer_init
 .text.ctimer_set
                0x000068f8       0x50 contiki-sky.a(ctimer.o)
                0x000068f8                ctimer_set
 .text.ctimer_reset
                0x00006948       0x30 contiki-sky.a(ctimer.o)
                0x00006948                ctimer_reset
 .text.ctimer_stop
                0x00006978       0x28 contiki-sky.a(ctimer.o)
                0x00006978                ctimer_stop
 .text.energest_init
                0x000069a0       0x28 contiki-sky.a(energest.o)
                0x000069a0                energest_init
 .text.energest_type_time
                0x000069c8       0x46 contiki-sky.a(energest.o)
                0x000069c8                energest_type_time
 .text.energest_type_set
                0x00006a0e        0xe contiki-sky.a(energest.o)
                0x00006a0e                energest_type_set
 .text.energest_flush
                0x00006a1c       0x48 contiki-sky.a(energest.o)
                0x00006a1c                energest_flush
 .text.update_time
                0x00006a64       0x78 contiki-sky.a(etimer.o)
 .text.etimer_request_poll
                0x00006adc        0xa contiki-sky.a(etimer.o)
                0x00006adc                etimer_request_poll
 .text.process_thread_etimer_process
                0x00006ae6       0xc8 contiki-sky.a(etimer.o)
 .text.add_timer
                0x00006bae       0x40 contiki-sky.a(etimer.o)
 .text.etimer_set
                0x00006bee       0x12 contiki-sky.a(etimer.o)
                0x00006bee                etimer_set
 .text.etimer_reset
                0x00006c00       0x12 contiki-sky.a(etimer.o)
                0x00006c00                etimer_reset
 .text.etimer_restart
                0x00006c12       0x12 contiki-sky.a(etimer.o)
                0x00006c12                etimer_restart
 .text.etimer_expired
                0x00006c24        0xe contiki-sky.a(etimer.o)
                0x00006c24                etimer_expired
 .text.etimer_expiration_time
                0x00006c32       0x14 contiki-sky.a(etimer.o)
                0x00006c32                etimer_expiration_time
 .text.etimer_pending
                0x00006c46        0xc contiki-sky.a(etimer.o)
                0x00006c46                etimer_pending
 .text.etimer_next_expiration_time
                0x00006c52       0x16 contiki-sky.a(etimer.o)
                0x00006c52                etimer_next_expiration_time
 .text.etimer_stop
                0x00006c68       0x3c contiki-sky.a(etimer.o)
                0x00006c68                etimer_stop
 .text.call_process
                0x00006ca4       0x4a contiki-sky.a(process.o)
 .text.exit_process
                0x00006cee       0x96 contiki-sky.a(process.o)
 .text.do_poll  0x00006d84       0x30 contiki-sky.a(process.o)
 .text.process_alloc_event
                0x00006db4        0xe contiki-sky.a(process.o)
                0x00006db4                process_alloc_event
 .text.process_init
                0x00006dc2       0x1c contiki-sky.a(process.o)
                0x00006dc2                process_init
 .text.process_run
                0x00006dde       0xa2 contiki-sky.a(process.o)
                0x00006dde                process_run
 .text.process_nevents
                0x00006e80        0xe contiki-sky.a(process.o)
                0x00006e80                process_nevents
 .text.process_post
                0x00006e8e       0x54 contiki-sky.a(process.o)
                0x00006e8e                process_post
 .text.process_post_synch
                0x00006ee2       0x12 contiki-sky.a(process.o)
                0x00006ee2                process_post_synch
 .text.process_start
                0x00006ef4       0x32 contiki-sky.a(process.o)
                0x00006ef4                process_start
 .text.process_poll
                0x00006f26       0x18 contiki-sky.a(process.o)
                0x00006f26                process_poll
 .text.rtimer_init
                0x00006f3e        0x6 contiki-sky.a(rtimer.o)
                0x00006f3e                rtimer_init
 .text.rtimer_set
                0x00006f44       0x24 contiki-sky.a(rtimer.o)
                0x00006f44                rtimer_set
 .text.rtimer_run_next
                0x00006f68       0x26 contiki-sky.a(rtimer.o)
                0x00006f68                rtimer_run_next
 .text.timer_set
                0x00006f8e       0x1c contiki-sky.a(timer.o)
                0x00006f8e                timer_set
 .text.timer_reset
                0x00006faa        0xe contiki-sky.a(timer.o)
                0x00006faa                timer_reset
 .text.timer_restart
                0x00006fb8       0x14 contiki-sky.a(timer.o)
                0x00006fb8                timer_restart
 .text.timer_expired
                0x00006fcc       0x2a contiki-sky.a(timer.o)
                0x00006fcc                timer_expired
 .text.list_init
                0x00006ff6        0x6 contiki-sky.a(list.o)
                0x00006ff6                list_init
 .text.list_head
                0x00006ffc        0x4 contiki-sky.a(list.o)
                0x00006ffc                list_head
 .text.list_tail
                0x00007000       0x12 contiki-sky.a(list.o)
                0x00007000                list_tail
 .text.list_remove
                0x00007012       0x34 contiki-sky.a(list.o)
                0x00007012                list_remove
 .text.list_push
                0x00007046       0x1a contiki-sky.a(list.o)
                0x00007046                list_push
 .text.list_add
                0x00007060       0x2a contiki-sky.a(list.o)
                0x00007060                list_add
 .text.list_length
                0x0000708a       0x10 contiki-sky.a(list.o)
                0x0000708a                list_length
 .text.list_item_next
                0x0000709a        0xc contiki-sky.a(list.o)
                0x0000709a                list_item_next
 .text.memb_init
                0x000070a6       0x36 contiki-sky.a(memb.o)
                0x000070a6                memb_init
 .text.memb_alloc
                0x000070dc       0x3e contiki-sky.a(memb.o)
                0x000070dc                memb_alloc
 .text.memb_free
                0x0000711a       0x3a contiki-sky.a(memb.o)
                0x0000711a                memb_free
 .text.memb_inmemb
                0x00007154       0x2e contiki-sky.a(memb.o)
                0x00007154                memb_inmemb
 .text.memb_numfree
                0x00007182       0x26 contiki-sky.a(memb.o)
                0x00007182                memb_numfree
 .text.random_init
                0x000071a8        0x6 contiki-sky.a(random.o)
                0x000071a8                random_init
 .text.random_rand
                0x000071ae        0x6 contiki-sky.a(random.o)
                0x000071ae                random_rand
 .text.set_packet_attrs
                0x000071b4       0x44 contiki-sky.a(sicslowpan.o)
 .text.addr_context_lookup_by_number
                0x000071f8       0x36 contiki-sky.a(sicslowpan.o)
 .text.compress_addr_64
                0x0000722e       0xae contiki-sky.a(sicslowpan.o)
 .text.uncompress_addr
                0x000072dc       0xb4 contiki-sky.a(sicslowpan.o)
 .text.input    0x00007390      0x65c contiki-sky.a(sicslowpan.o)
 .text.sicslowpan_init
                0x000079ec       0x26 contiki-sky.a(sicslowpan.o)
                0x000079ec                sicslowpan_init
 .text.addr_context_lookup_by_prefix
                0x00007a12       0x4c contiki-sky.a(sicslowpan.o)
 .text.send_packet
                0x00007a5e       0x1a contiki-sky.a(sicslowpan.o)
 .text.output   0x00007a78      0x6da contiki-sky.a(sicslowpan.o)
 .text.packet_sent
                0x00008152       0x22 contiki-sky.a(sicslowpan.o)
 .text.chksum   0x00008174       0x32 contiki-sky.a(uip6.o)
 .text.upper_layer_chksum
                0x000081a6       0x56 contiki-sky.a(uip6.o)
 .text.ext_hdr_options_process
                0x000081fc       0xda contiki-sky.a(uip6.o)
 .text.uip_add32
                0x000082d6       0x68 contiki-sky.a(uip6.o)
                0x000082d6                uip_add32
 .text.unlikely.uip_add_rcv_nxt
                0x0000833e       0x2e contiki-sky.a(uip6.o)
 .text.uip_icmp6chksum
                0x0000836c        0xa contiki-sky.a(uip6.o)
                0x0000836c                uip_icmp6chksum
 .text.uip_tcpchksum
                0x00008376        0xa contiki-sky.a(uip6.o)
                0x00008376                uip_tcpchksum
 .text.uip_udpchksum
                0x00008380        0xa contiki-sky.a(uip6.o)
                0x00008380                uip_udpchksum
 .text.uip_init
                0x0000838a       0x7a contiki-sky.a(uip6.o)
                0x0000838a                uip_init
 .text.remove_ext_hdr
                0x00008404       0x5a contiki-sky.a(uip6.o)
                0x00008404                remove_ext_hdr
 .text.uip_unlisten
                0x0000845e       0x2a contiki-sky.a(uip6.o)
                0x0000845e                uip_unlisten
 .text.uip_listen
                0x00008488       0x2c contiki-sky.a(uip6.o)
                0x00008488                uip_listen
 .text.uip_process
                0x000084b4      0xe9e contiki-sky.a(uip6.o)
                0x000084b4                uip_process
 .text.uip_htonl
                0x00009352       0x2e contiki-sky.a(uip6.o)
                0x00009352                uip_htonl
 .text.uip_send
                0x00009380       0x74 contiki-sky.a(uip6.o)
                0x00009380                uip_send
 .text.uip_ds6_list_loop
                0x000093f4       0x86 contiki-sky.a(uip-ds6.o)
                0x000093f4                uip_ds6_list_loop
 .text.uip_ds6_prefix_add
                0x0000947a       0x80 contiki-sky.a(uip-ds6.o)
                0x0000947a                uip_ds6_prefix_add
 .text.uip_ds6_is_addr_onlink
                0x000094fa       0x54 contiki-sky.a(uip-ds6.o)
                0x000094fa                uip_ds6_is_addr_onlink
 .text.uip_ds6_addr_lookup
                0x0000954e       0x2a contiki-sky.a(uip-ds6.o)
                0x0000954e                uip_ds6_addr_lookup
 .text.uip_ds6_get_link_local
                0x00009578       0x3e contiki-sky.a(uip-ds6.o)
                0x00009578                uip_ds6_get_link_local
 .text.uip_ds6_maddr_add
                0x000095b6       0x4c contiki-sky.a(uip-ds6.o)
                0x000095b6                uip_ds6_maddr_add
 .text.uip_ds6_addr_add
                0x00009602       0xc4 contiki-sky.a(uip-ds6.o)
                0x00009602                uip_ds6_addr_add
 .text.uip_ds6_maddr_lookup
                0x000096c6       0x2a contiki-sky.a(uip-ds6.o)
                0x000096c6                uip_ds6_maddr_lookup
 .text.uip_ds6_addr_rm
                0x000096f0       0x54 contiki-sky.a(uip-ds6.o)
                0x000096f0                uip_ds6_addr_rm
 .text.uip_ds6_periodic
                0x00009744       0x4a contiki-sky.a(uip-ds6.o)
                0x00009744                uip_ds6_periodic
 .text.uip_ds6_set_addr_iid
                0x0000978e       0x14 contiki-sky.a(uip-ds6.o)
                0x0000978e                uip_ds6_set_addr_iid
 .text.get_match_length
                0x000097a2       0x3e contiki-sky.a(uip-ds6.o)
                0x000097a2                get_match_length
 .text.uip_ds6_select_src
                0x000097e0       0xaa contiki-sky.a(uip-ds6.o)
                0x000097e0                uip_ds6_select_src
 .text.uip_ds6_compute_reachable_time
                0x0000988a       0x3e contiki-sky.a(uip-ds6.o)
                0x0000988a                uip_ds6_compute_reachable_time
 .text.uip_ds6_init
                0x000098c8      0x154 contiki-sky.a(uip-ds6.o)
                0x000098c8                uip_ds6_init
 .text.uip_ds6_nbr_rm
                0x00009a1c       0x1a contiki-sky.a(uip-ds6-nbr.o)
                0x00009a1c                uip_ds6_nbr_rm
 .text.uip_ds6_neighbors_init
                0x00009a36        0xe contiki-sky.a(uip-ds6-nbr.o)
                0x00009a36                uip_ds6_neighbors_init
 .text.uip_ds6_nbr_add
                0x00009a44       0x60 contiki-sky.a(uip-ds6-nbr.o)
                0x00009a44                uip_ds6_nbr_add
 .text.uip_ds6_nbr_get_ll
                0x00009aa4        0xc contiki-sky.a(uip-ds6-nbr.o)
                0x00009aa4                uip_ds6_nbr_get_ll
 .text.uip_ds6_nbr_lookup
                0x00009ab0       0x42 contiki-sky.a(uip-ds6-nbr.o)
                0x00009ab0                uip_ds6_nbr_lookup
 .text.uip_ds6_nbr_ll_lookup
                0x00009af2        0xc contiki-sky.a(uip-ds6-nbr.o)
                0x00009af2                uip_ds6_nbr_ll_lookup
 .text.uip_ds6_nbr_ipaddr_from_lladdr
                0x00009afe        0x6 contiki-sky.a(uip-ds6-nbr.o)
                0x00009afe                uip_ds6_nbr_ipaddr_from_lladdr
 .text.uip_ds6_nbr_lladdr_from_ipaddr
                0x00009b04       0x12 contiki-sky.a(uip-ds6-nbr.o)
                0x00009b04                uip_ds6_nbr_lladdr_from_ipaddr
 .text.uip_ds6_link_neighbor_callback
                0x00009b16       0x2a contiki-sky.a(uip-ds6-nbr.o)
                0x00009b16                uip_ds6_link_neighbor_callback
 .text.uip_ds6_neighbor_periodic
                0x00009b40       0x60 contiki-sky.a(uip-ds6-nbr.o)
                0x00009b40                uip_ds6_neighbor_periodic
 .text.call_route_callback
                0x00009ba0       0x4c contiki-sky.a(uip-ds6-route.o)
 .text.uip_ds6_route_init
                0x00009bec       0x36 contiki-sky.a(uip-ds6-route.o)
                0x00009bec                uip_ds6_route_init
 .text.uip_ds6_route_nexthop
                0x00009c22       0x1a contiki-sky.a(uip-ds6-route.o)
                0x00009c22                uip_ds6_route_nexthop
 .text.uip_ds6_route_head
                0x00009c3c        0xa contiki-sky.a(uip-ds6-route.o)
                0x00009c3c                uip_ds6_route_head
 .text.uip_ds6_route_next
                0x00009c46        0xe contiki-sky.a(uip-ds6-route.o)
                0x00009c46                uip_ds6_route_next
 .text.uip_ds6_route_lookup
                0x00009c54       0x8c contiki-sky.a(uip-ds6-route.o)
                0x00009c54                uip_ds6_route_lookup
 .text.uip_ds6_route_rm
                0x00009ce0       0xa4 contiki-sky.a(uip-ds6-route.o)
                0x00009ce0                uip_ds6_route_rm
 .text.rm_routelist
                0x00009d84       0x34 contiki-sky.a(uip-ds6-route.o)
 .text.rm_routelist_callback
                0x00009db8        0x6 contiki-sky.a(uip-ds6-route.o)
 .text.uip_ds6_route_add
                0x00009dbe      0x10c contiki-sky.a(uip-ds6-route.o)
                0x00009dbe                uip_ds6_route_add
 .text.uip_ds6_defrt_rm
                0x00009eca       0x48 contiki-sky.a(uip-ds6-route.o)
                0x00009eca                uip_ds6_defrt_rm
 .text.uip_ds6_defrt_lookup
                0x00009f12       0x36 contiki-sky.a(uip-ds6-route.o)
                0x00009f12                uip_ds6_defrt_lookup
 .text.uip_ds6_defrt_add
                0x00009f48       0x74 contiki-sky.a(uip-ds6-route.o)
                0x00009f48                uip_ds6_defrt_add
 .text.uip_ds6_defrt_choose
                0x00009fbc       0x3a contiki-sky.a(uip-ds6-route.o)
                0x00009fbc                uip_ds6_defrt_choose
 .text.uip_ds6_defrt_periodic
                0x00009ff6       0x38 contiki-sky.a(uip-ds6-route.o)
                0x00009ff6                uip_ds6_defrt_periodic
 .text.echo_reply_input
                0x0000a02e      0x112 contiki-sky.a(uip-icmp6.o)
 .text.echo_request_input
                0x0000a140      0x12c contiki-sky.a(uip-icmp6.o)
 .text.uip_icmp6_input
                0x0000a26c       0x44 contiki-sky.a(uip-icmp6.o)
                0x0000a26c                uip_icmp6_input
 .text.uip_icmp6_register_input_handler
                0x0000a2b0        0xc contiki-sky.a(uip-icmp6.o)
                0x0000a2b0                uip_icmp6_register_input_handler
 .text.uip_icmp6_error_output
                0x0000a2bc      0x17a contiki-sky.a(uip-icmp6.o)
                0x0000a2bc                uip_icmp6_error_output
 .text.uip_icmp6_send
                0x0000a436       0x96 contiki-sky.a(uip-icmp6.o)
                0x0000a436                uip_icmp6_send
 .text.uip_icmp6_init
                0x0000a4cc       0x12 contiki-sky.a(uip-icmp6.o)
                0x0000a4cc                uip_icmp6_init
 .text.uip_nd6_init
                0x0000a4de        0x2 contiki-sky.a(uip-nd6.o)
                0x0000a4de                uip_nd6_init
 .text.psock_send
                0x0000a4e0       0xaa contiki-sky.a(psock.o)
                0x0000a4e0                psock_send
 .text.psock_datalen
                0x0000a58a        0xc contiki-sky.a(psock.o)
                0x0000a58a                psock_datalen
 .text.psock_newdata
                0x0000a596       0x26 contiki-sky.a(psock.o)
                0x0000a596                psock_newdata
 .text.psock_readto
                0x0000a5bc       0xa6 contiki-sky.a(psock.o)
                0x0000a5bc                psock_readto
 .text.psock_init
                0x0000a662       0x22 contiki-sky.a(psock.o)
                0x0000a662                psock_init
 .text.start_periodic_tcp_timer
                0x0000a684       0x16 contiki-sky.a(tcpip.o)
 .text.tcpip_output
                0x0000a69a       0x10 contiki-sky.a(tcpip.o)
                0x0000a69a                tcpip_output
 .text.tcpip_set_outputfunc
                0x0000a6aa        0x6 contiki-sky.a(tcpip.o)
                0x0000a6aa                tcpip_set_outputfunc
 .text.tcp_listen
                0x0000a6b0       0x34 contiki-sky.a(tcpip.o)
                0x0000a6b0                tcp_listen
 .text.tcp_attach
                0x0000a6e4        0xc contiki-sky.a(tcpip.o)
                0x0000a6e4                tcp_attach
 .text.tcpip_input
                0x0000a6f0       0x16 contiki-sky.a(tcpip.o)
                0x0000a6f0                tcpip_input
 .text.tcpip_ipv6_output
                0x0000a706       0xe4 contiki-sky.a(tcpip.o)
                0x0000a706                tcpip_ipv6_output
 .text.process_thread_tcpip_process
                0x0000a7ea      0x1d4 contiki-sky.a(tcpip.o)
 .text.tcpip_uipcall
                0x0000a9be       0x72 contiki-sky.a(tcpip.o)
                0x0000a9be                tcpip_uipcall
 .text.uip_debug_ipaddr_print
                0x0000aa30       0x7c contiki-sky.a(uip-debug.o)
                0x0000aa30                uip_debug_ipaddr_print
 .text.rpl_get_mode
                0x0000aaac        0x6 contiki-sky.a(rpl.o)
                0x0000aaac                rpl_get_mode
 .text.rpl_purge_routes
                0x0000aab2       0x96 contiki-sky.a(rpl.o)
                0x0000aab2                rpl_purge_routes
 .text.rpl_remove_routes
                0x0000ab48       0x22 contiki-sky.a(rpl.o)
                0x0000ab48                rpl_remove_routes
 .text.rpl_remove_routes_by_nexthop
                0x0000ab6a       0x46 contiki-sky.a(rpl.o)
                0x0000ab6a                rpl_remove_routes_by_nexthop
 .text.rpl_add_route
                0x0000abb0       0x44 contiki-sky.a(rpl.o)
                0x0000abb0                rpl_add_route
 .text.rpl_link_neighbor_callback
                0x0000abf4       0x7c contiki-sky.a(rpl.o)
                0x0000abf4                rpl_link_neighbor_callback
 .text.rpl_ipv6_neighbor_callback
                0x0000ac70       0x1e contiki-sky.a(rpl.o)
                0x0000ac70                rpl_ipv6_neighbor_callback
 .text.rpl_init
                0x0000ac8e       0x4a contiki-sky.a(rpl.o)
                0x0000ac8e                rpl_init
 .text.lollipop_greater_than
                0x0000acd8       0x44 contiki-sky.a(rpl-dag.o)
 .text.acceptable_rank
                0x0000ad1c       0x50 contiki-sky.a(rpl-dag.o)
 .text.find_parent_any_dag_any_instance
                0x0000ad6c       0x14 contiki-sky.a(rpl-dag.o)
 .text.rpl_set_preferred_parent
                0x0000ad80       0x30 contiki-sky.a(rpl-dag.o)
 .text.set_ip_from_prefix
                0x0000adb0       0x38 contiki-sky.a(rpl-dag.o)
 .text.check_prefix
                0x0000ade8       0x80 contiki-sky.a(rpl-dag.o)
 .text.rpl_get_nbr
                0x0000ae68       0x1e contiki-sky.a(rpl-dag.o)
                0x0000ae68                rpl_get_nbr
 .text.rpl_dag_init
                0x0000ae86        0xe contiki-sky.a(rpl-dag.o)
                0x0000ae86                rpl_dag_init
 .text.rpl_get_parent
                0x0000ae94        0xc contiki-sky.a(rpl-dag.o)
                0x0000ae94                rpl_get_parent
 .text.rpl_get_parent_ipaddr
                0x0000aea0       0x10 contiki-sky.a(rpl-dag.o)
                0x0000aea0                rpl_get_parent_ipaddr
 .text.rpl_set_prefix
                0x0000aeb0       0x8e contiki-sky.a(rpl-dag.o)
                0x0000aeb0                rpl_set_prefix
 .text.rpl_set_default_route
                0x0000af3e       0x5a contiki-sky.a(rpl-dag.o)
                0x0000af3e                rpl_set_default_route
 .text.rpl_alloc_instance
                0x0000af98       0x34 contiki-sky.a(rpl-dag.o)
                0x0000af98                rpl_alloc_instance
 .text.rpl_add_parent
                0x0000afcc       0x56 contiki-sky.a(rpl-dag.o)
                0x0000afcc                rpl_add_parent
 .text.rpl_find_parent
                0x0000b022       0x1a contiki-sky.a(rpl-dag.o)
                0x0000b022                rpl_find_parent
 .text.rpl_find_parent_any_dag
                0x0000b03c       0x22 contiki-sky.a(rpl-dag.o)
                0x0000b03c                rpl_find_parent_any_dag
 .text.rpl_select_parent
                0x0000b05e       0x7e contiki-sky.a(rpl-dag.o)
                0x0000b05e                rpl_select_parent
 .text.rpl_select_dag
                0x0000b0dc      0x182 contiki-sky.a(rpl-dag.o)
                0x0000b0dc                rpl_select_dag
 .text.rpl_nullify_parent
                0x0000b25e       0x54 contiki-sky.a(rpl-dag.o)
                0x0000b25e                rpl_nullify_parent
 .text.rpl_remove_parent
                0x0000b2b2       0x16 contiki-sky.a(rpl-dag.o)
                0x0000b2b2                rpl_remove_parent
 .text.nbr_callback
                0x0000b2c8        0x6 contiki-sky.a(rpl-dag.o)
 .text.remove_parents.constprop.2
                0x0000b2ce       0x32 contiki-sky.a(rpl-dag.o)
 .text.rpl_free_dag
                0x0000b300       0x36 contiki-sky.a(rpl-dag.o)
                0x0000b300                rpl_free_dag
 .text.rpl_move_parent
                0x0000b336       0x5a contiki-sky.a(rpl-dag.o)
                0x0000b336                rpl_move_parent
 .text.rpl_get_any_dag
                0x0000b390       0x18 contiki-sky.a(rpl-dag.o)
                0x0000b390                rpl_get_any_dag
 .text.rpl_get_instance
                0x0000b3a8       0x1a contiki-sky.a(rpl-dag.o)
                0x0000b3a8                rpl_get_instance
 .text.rpl_alloc_dag
                0x0000b3c2       0x60 contiki-sky.a(rpl-dag.o)
                0x0000b3c2                rpl_alloc_dag
 .text.rpl_repair_root
                0x0000b422       0x50 contiki-sky.a(rpl-dag.o)
                0x0000b422                rpl_repair_root
 .text.rpl_set_root
                0x0000b472      0x136 contiki-sky.a(rpl-dag.o)
                0x0000b472                rpl_set_root
 .text.rpl_find_of
                0x0000b5a8       0x10 contiki-sky.a(rpl-dag.o)
                0x0000b5a8                rpl_find_of
 .text.rpl_join_instance
                0x0000b5b8      0x13c contiki-sky.a(rpl-dag.o)
                0x0000b5b8                rpl_join_instance
 .text.rpl_local_repair
                0x0000b6f4       0x7c contiki-sky.a(rpl-dag.o)
                0x0000b6f4                rpl_local_repair
 .text.rpl_process_parent_event
                0x0000b770       0x4e contiki-sky.a(rpl-dag.o)
                0x0000b770                rpl_process_parent_event
 .text.rpl_recalculate_ranks
                0x0000b7be       0x48 contiki-sky.a(rpl-dag.o)
                0x0000b7be                rpl_recalculate_ranks
 .text.rpl_add_dag
                0x0000b806      0x112 contiki-sky.a(rpl-dag.o)
                0x0000b806                rpl_add_dag
 .text.rpl_process_dio
                0x0000b918      0x2e2 contiki-sky.a(rpl-dag.o)
                0x0000b918                rpl_process_dio
 .text.rpl_lock_parent
                0x0000bbfa        0xc contiki-sky.a(rpl-dag.o)
                0x0000bbfa                rpl_lock_parent
 .text.rpl_verify_header
                0x0000bc06       0xba contiki-sky.a(rpl-ext-header.)
                0x0000bc06                rpl_verify_header
 .text.rpl_update_header_empty
                0x0000bcc0      0x126 contiki-sky.a(rpl-ext-header.)
                0x0000bcc0                rpl_update_header_empty
 .text.rpl_update_header_final
                0x0000bde6       0x94 contiki-sky.a(rpl-ext-header.)
                0x0000bde6                rpl_update_header_final
 .text.rpl_invert_header
                0x0000be7a       0x7a contiki-sky.a(rpl-ext-header.)
                0x0000be7a                rpl_invert_header
 .text.rpl_insert_header
                0x0000bef4       0x12 contiki-sky.a(rpl-ext-header.)
                0x0000bef4                rpl_insert_header
 .text.get32    0x0000bf06       0x46 contiki-sky.a(rpl-icmp6.o)
 .text.set32    0x0000bf4c       0x2a contiki-sky.a(rpl-icmp6.o)
 .text.get16    0x0000bf76        0xe contiki-sky.a(rpl-icmp6.o)
 .text.set16    0x0000bf84       0x10 contiki-sky.a(rpl-icmp6.o)
 .text.dao_ack_input
                0x0000bf94        0x6 contiki-sky.a(rpl-icmp6.o)
 .text.dio_input
                0x0000bf9a      0x2d2 contiki-sky.a(rpl-icmp6.o)
 .text.dis_output
                0x0000c26c       0x50 contiki-sky.a(rpl-icmp6.o)
                0x0000c26c                dis_output
 .text.dio_output
                0x0000c2bc      0x268 contiki-sky.a(rpl-icmp6.o)
                0x0000c2bc                dio_output
 .text.dis_input
                0x0000c524       0x28 contiki-sky.a(rpl-icmp6.o)
 .text.dao_output_target
                0x0000c54c       0xea contiki-sky.a(rpl-icmp6.o)
                0x0000c54c                dao_output_target
 .text.dao_output
                0x0000c636       0x80 contiki-sky.a(rpl-icmp6.o)
                0x0000c636                dao_output
 .text.dao_ack_output
                0x0000c6b6       0x32 contiki-sky.a(rpl-icmp6.o)
                0x0000c6b6                dao_ack_output
 .text.dao_input
                0x0000c6e8      0x2a8 contiki-sky.a(rpl-icmp6.o)
 .text.rpl_icmp6_register_handlers
                0x0000c990       0x22 contiki-sky.a(rpl-icmp6.o)
                0x0000c990                rpl_icmp6_register_handlers
 .text.reset    0x0000c9b2        0x2 contiki-sky.a(rpl-mrhof.o)
 .text.update_metric_container
                0x0000c9b4        0x6 contiki-sky.a(rpl-mrhof.o)
 .text.calculate_rank
                0x0000c9ba       0x3e contiki-sky.a(rpl-mrhof.o)
 .text.best_parent
                0x0000c9f8       0x74 contiki-sky.a(rpl-mrhof.o)
 .text.neighbor_link_callback
                0x0000ca6c       0xa2 contiki-sky.a(rpl-mrhof.o)
 .text.best_dag
                0x0000cb0e       0x34 contiki-sky.a(rpl-mrhof.o)
 .text.new_dio_interval
                0x0000cb42       0x92 contiki-sky.a(rpl-timers.o)
 .text.handle_periodic_timer
                0x0000cbd4       0x2e contiki-sky.a(rpl-timers.o)
 .text.set_dao_lifetime_timer
                0x0000cc02       0x52 contiki-sky.a(rpl-timers.o)
 .text.schedule_dao
                0x0000cc54       0x82 contiki-sky.a(rpl-timers.o)
 .text.handle_dio_timer
                0x0000ccd6       0x88 contiki-sky.a(rpl-timers.o)
 .text.handle_dao_timer
                0x0000cd5e       0x64 contiki-sky.a(rpl-timers.o)
 .text.rpl_reset_periodic_timer
                0x0000cdc2       0x60 contiki-sky.a(rpl-timers.o)
                0x0000cdc2                rpl_reset_periodic_timer
 .text.rpl_reset_dio_timer
                0x0000ce22       0x18 contiki-sky.a(rpl-timers.o)
                0x0000ce22                rpl_reset_dio_timer
 .text.rpl_schedule_dao
                0x0000ce3a        0xc contiki-sky.a(rpl-timers.o)
                0x0000ce3a                rpl_schedule_dao
 .text.rpl_schedule_probing
                0x0000ce46       0x3c contiki-sky.a(rpl-timers.o)
                0x0000ce46                rpl_schedule_probing
 .text.handle_probing_timer
                0x0000ce82      0x124 contiki-sky.a(rpl-timers.o)
 .text.parse    0x0000cfa6       0xa0 contiki-sky.a(framer-802154.o)
 .text.create_frame.isra.0
                0x0000d046      0x108 contiki-sky.a(framer-802154.o)
 .text.create   0x0000d14e        0x8 contiki-sky.a(framer-802154.o)
 .text.hdr_length
                0x0000d156        0x8 contiki-sky.a(framer-802154.o)
 .text.framer_canonical_create_and_secure
                0x0000d15e       0x20 contiki-sky.a(framer.o)
                0x0000d15e                framer_canonical_create_and_secure
 .text.send_packet
                0x0000d17e        0x6 contiki-sky.a(nullmac.o)
 .text.packet_input
                0x0000d184        0x6 contiki-sky.a(nullmac.o)
 .text.on       0x0000d18a        0x6 contiki-sky.a(nullmac.o)
 .text.off      0x0000d190        0x6 contiki-sky.a(nullmac.o)
 .text.channel_check_interval
                0x0000d196        0x4 contiki-sky.a(nullmac.o)
 .text.init     0x0000d19a        0x2 contiki-sky.a(nullmac.o)
 .text.linkaddr_copy
                0x0000d19c        0x8 contiki-sky.a(linkaddr.o)
                0x0000d19c                linkaddr_copy
 .text.linkaddr_cmp
                0x0000d1a4       0x12 contiki-sky.a(linkaddr.o)
                0x0000d1a4                linkaddr_cmp
 .text.linkaddr_set_node_addr
                0x0000d1b6        0xc contiki-sky.a(linkaddr.o)
                0x0000d1b6                linkaddr_set_node_addr
 .text.index_from_key
                0x0000d1c2       0x48 contiki-sky.a(nbr-table.o)
 .text.item_from_key
                0x0000d20a       0x34 contiki-sky.a(nbr-table.o)
 .text.nbr_set_bit
                0x0000d23e       0x8e contiki-sky.a(nbr-table.o)
 .text.index_from_lladdr
                0x0000d2cc       0x42 contiki-sky.a(nbr-table.o)
 .text.nbr_get_bit.constprop.0
                0x0000d30e       0x62 contiki-sky.a(nbr-table.o)
 .text.nbr_table_register
                0x0000d370       0x28 contiki-sky.a(nbr-table.o)
                0x0000d370                nbr_table_register
 .text.nbr_table_next
                0x0000d398       0x90 contiki-sky.a(nbr-table.o)
                0x0000d398                nbr_table_next
 .text.nbr_table_head
                0x0000d428       0x36 contiki-sky.a(nbr-table.o)
                0x0000d428                nbr_table_head
 .text.nbr_table_add_lladdr
                0x0000d45e      0x144 contiki-sky.a(nbr-table.o)
                0x0000d45e                nbr_table_add_lladdr
 .text.nbr_table_get_from_lladdr
                0x0000d5a2       0x48 contiki-sky.a(nbr-table.o)
                0x0000d5a2                nbr_table_get_from_lladdr
 .text.nbr_table_remove
                0x0000d5ea       0x32 contiki-sky.a(nbr-table.o)
                0x0000d5ea                nbr_table_remove
 .text.nbr_table_lock
                0x0000d61c       0x10 contiki-sky.a(nbr-table.o)
                0x0000d61c                nbr_table_lock
 .text.nbr_table_unlock
                0x0000d62c       0x10 contiki-sky.a(nbr-table.o)
                0x0000d62c                nbr_table_unlock
 .text.nbr_table_get_lladdr
                0x0000d63c       0x5a contiki-sky.a(nbr-table.o)
                0x0000d63c                nbr_table_get_lladdr
 .text.packetbuf_compact
                0x0000d696       0x2e contiki-sky.a(packetbuf.o)
                0x0000d696                packetbuf_compact
 .text.packetbuf_copyto
                0x0000d6c4       0x52 contiki-sky.a(packetbuf.o)
                0x0000d6c4                packetbuf_copyto
 .text.packetbuf_hdrreduce
                0x0000d716       0x1a contiki-sky.a(packetbuf.o)
                0x0000d716                packetbuf_hdrreduce
 .text.packetbuf_set_datalen
                0x0000d730        0x6 contiki-sky.a(packetbuf.o)
                0x0000d730                packetbuf_set_datalen
 .text.packetbuf_dataptr
                0x0000d736        0xe contiki-sky.a(packetbuf.o)
                0x0000d736                packetbuf_dataptr
 .text.packetbuf_hdrptr
                0x0000d744        0xa contiki-sky.a(packetbuf.o)
                0x0000d744                packetbuf_hdrptr
 .text.packetbuf_datalen
                0x0000d74e        0x6 contiki-sky.a(packetbuf.o)
                0x0000d74e                packetbuf_datalen
 .text.packetbuf_hdrlen
                0x0000d754       0x10 contiki-sky.a(packetbuf.o)
                0x0000d754                packetbuf_hdrlen
 .text.packetbuf_totlen
                0x0000d764        0xc contiki-sky.a(packetbuf.o)
                0x0000d764                packetbuf_totlen
 .text.packetbuf_hdralloc
                0x0000d770       0x2e contiki-sky.a(packetbuf.o)
                0x0000d770                packetbuf_hdralloc
 .text.packetbuf_attr_clear
                0x0000d79e       0x28 contiki-sky.a(packetbuf.o)
                0x0000d79e                packetbuf_attr_clear
 .text.packetbuf_clear
                0x0000d7c6       0x1a contiki-sky.a(packetbuf.o)
                0x0000d7c6                packetbuf_clear
 .text.packetbuf_copyfrom
                0x0000d7e0       0x2e contiki-sky.a(packetbuf.o)
                0x0000d7e0                packetbuf_copyfrom
 .text.packetbuf_attr_copyto
                0x0000d80e       0x22 contiki-sky.a(packetbuf.o)
                0x0000d80e                packetbuf_attr_copyto
 .text.packetbuf_attr_copyfrom
                0x0000d830       0x24 contiki-sky.a(packetbuf.o)
                0x0000d830                packetbuf_attr_copyfrom
 .text.packetbuf_holds_broadcast
                0x0000d854        0xe contiki-sky.a(packetbuf.o)
                0x0000d854                packetbuf_holds_broadcast
 .text.queuebuf_init
                0x0000d862       0x12 contiki-sky.a(queuebuf.o)
                0x0000d862                queuebuf_init
 .text.queuebuf_numfree
                0x0000d874        0xa contiki-sky.a(queuebuf.o)
                0x0000d874                queuebuf_numfree
 .text.queuebuf_new_from_packetbuf
                0x0000d87e       0x52 contiki-sky.a(queuebuf.o)
                0x0000d87e                queuebuf_new_from_packetbuf
 .text.queuebuf_update_from_packetbuf
                0x0000d8d0       0x22 contiki-sky.a(queuebuf.o)
                0x0000d8d0                queuebuf_update_from_packetbuf
 .text.queuebuf_free
                0x0000d8f2       0x2a contiki-sky.a(queuebuf.o)
                0x0000d8f2                queuebuf_free
 .text.queuebuf_to_packetbuf
                0x0000d91c       0x32 contiki-sky.a(queuebuf.o)
                0x0000d91c                queuebuf_to_packetbuf
 .text.duty_cycle
                0x0000d94e        0x6 contiki-sky.a(contikimac.o)
 .text.init     0x0000d954       0x2a contiki-sky.a(contikimac.o)
 .text.on       0x0000d97e       0x1a contiki-sky.a(contikimac.o)
 .text.off      0x0000d998       0x22 contiki-sky.a(contikimac.o)
 .text.recv_burst_off
                0x0000d9ba        0xa contiki-sky.a(contikimac.o)
 .text.turn_off
                0x0000d9c4       0x20 contiki-sky.a(contikimac.o)
 .text.turn_on  0x0000d9e4       0x30 contiki-sky.a(contikimac.o)
 .text.schedule_powercycle_fixed.part.4
                0x0000da14       0x36 contiki-sky.a(contikimac.o)
 .text.powercycle_turn_radio_off
                0x0000da4a       0x30 contiki-sky.a(contikimac.o)
 .text.powercycle
                0x0000da7a      0x1d2 contiki-sky.a(contikimac.o)
 .text.input_packet
                0x0000dc4c       0xb2 contiki-sky.a(contikimac.o)
 .text.send_packet.isra.7
                0x0000dcfe      0x1ec contiki-sky.a(contikimac.o)
 .text.qsend_list
                0x0000deea       0xc4 contiki-sky.a(contikimac.o)
 .text.qsend_packet
                0x0000dfae       0x28 contiki-sky.a(contikimac.o)
 .text.bootstrap
                0x0000dfd6        0x4 contiki-sky.a(nullsec.o)
 .text.send     0x0000dfda        0xa contiki-sky.a(nullsec.o)
 .text.on_frame_created
                0x0000dfe4        0x4 contiki-sky.a(nullsec.o)
 .text.input    0x0000dfe8        0x6 contiki-sky.a(nullsec.o)
 .text.get_overhead
                0x0000dfee        0x4 contiki-sky.a(nullsec.o)
 .text.spi_init
                0x0000dff2       0x32 contiki-sky.a(spi.o)
                0x0000dff2                spi_init
 .text.compower_accumulate
                0x0000e024       0x72 contiki-sky.a(compower.o)
                0x0000e024                compower_accumulate
 .text.compower_clear
                0x0000e096       0x12 contiki-sky.a(compower.o)
                0x0000e096                compower_clear
 .text.compower_attrconv
                0x0000e0a8       0x10 contiki-sky.a(compower.o)
                0x0000e0a8                compower_attrconv
 .text.stimer_set
                0x0000e0b8       0x1c contiki-sky.a(stimer.o)
                0x0000e0b8                stimer_set
 .text.stimer_expired
                0x0000e0d4       0x30 contiki-sky.a(stimer.o)
                0x0000e0d4                stimer_expired
 .text.field_len
                0x0000e104       0x98 contiki-sky.a(frame802154.o)
 .text.frame802154_hdrlen
                0x0000e19c       0x2e contiki-sky.a(frame802154.o)
                0x0000e19c                frame802154_hdrlen
 .text.frame802154_create
                0x0000e1ca      0x146 contiki-sky.a(frame802154.o)
                0x0000e1ca                frame802154_create
 .text.frame802154_parse
                0x0000e310      0x1da contiki-sky.a(frame802154.o)
                0x0000e310                frame802154_parse
 .text.mac_call_sent_callback
                0x0000e4ea       0x14 contiki-sky.a(mac.o)
                0x0000e4ea                mac_call_sent_callback
 .text.mac_sequence_is_duplicate
                0x0000e4fe       0x44 contiki-sky.a(mac-sequence.o)
                0x0000e4fe                mac_sequence_is_duplicate
 .text.mac_sequence_register_seqno
                0x0000e542       0x76 contiki-sky.a(mac-sequence.o)
                0x0000e542                mac_sequence_register_seqno
 .text.libgcc   0x0000e5b8       0x2c /usr/lib/gcc/msp430/4.6.3/mmpy-16/libgcc.a(_mulsi3.o)
                0x0000e5b8                __mulsi3
 .text.libgcc   0x0000e5e4       0x22 /usr/lib/gcc/msp430/4.6.3/mmpy-16/libgcc.a(_udivmod16.o)
                0x0000e5e4                __udivhi3
                0x0000e5e4                __ext_udivmod16
                0x0000e5fe                __umodhi3
 .text.libgcc   0x0000e606       0x3a /usr/lib/gcc/msp430/4.6.3/mmpy-16/libgcc.a(_divmod16.o)
                0x0000e606                __ext_divmod16
                0x0000e606                __divhi3
                0x0000e638                __modhi3
 .text.libgcc   0x0000e640       0x40 /usr/lib/gcc/msp430/4.6.3/mmpy-16/libgcc.a(_udivmod32.o)
                0x0000e640                __udivsi3
                0x0000e640                __ext_udivmod32
                0x0000e676                __umodsi3
 .text          0x0000e680       0x28 /usr/lib/gcc/msp430/4.6.3/../../../../msp430/lib/mmpy-16/libc.a(strncmp.o)
                0x0000e680                strncmp
 .text          0x0000e6a8       0x20 /usr/lib/gcc/msp430/4.6.3/../../../../msp430/lib/mmpy-16/libc.a(memcmp.o)
                0x0000e6a8                memcmp
 .text          0x0000e6c8       0x2a /usr/lib/gcc/msp430/4.6.3/../../../../msp430/lib/mmpy-16/libc.a(strncpy.o)
                0x0000e6c8                strncpy
 .text          0x0000e6f2       0xfa /usr/lib/gcc/msp430/4.6.3/../../../../msp430/lib/mmpy-16/libc.a(memcpy.o)
                0x0000e6f2                memcpy
 .text          0x0000e7ec       0xfa /usr/lib/gcc/msp430/4.6.3/../../../../msp430/lib/mmpy-16/libc.a(memmove.o)
                0x0000e7ec                memmove
 .text          0x0000e8e6       0x6a /usr/lib/gcc/msp430/4.6.3/../../../../msp430/lib/mmpy-16/libc.a(memset.o)
                0x0000e8e6                memset
 .text          0x0000e950       0x1e /usr/lib/gcc/msp430/4.6.3/../../../../msp430/lib/mmpy-16/libc.a(printf.o)
                0x0000e950                printf
                0x0000e960                vprintf
 .text          0x0000e96e       0xbc /usr/lib/gcc/msp430/4.6.3/../../../../msp430/lib/mmpy-16/libc.a(sprintf.o)
                0x0000e9cc                sprintf
                0x0000e9e8                snprintf
                0x0000ea02                vsprintf
                0x0000ea18                vsnprintf
 .text          0x0000ea2a      0x836 /usr/lib/gcc/msp430/4.6.3/../../../../msp430/lib/mmpy-16/libc.a(vuprintf.o)
                0x0000ebc2                vuprintf
 .text          0x0000f260       0x2c /usr/lib/gcc/msp430/4.6.3/../../../../msp430/lib/mmpy-16/libc.a(puts.o)
                0x0000f260                puts
 .text          0x0000f28c       0x54 /usr/lib/gcc/msp430/4.6.3/../../../../msp430/lib/mmpy-16/libc.a(rand.o)
                0x0000f28c                rand_r
                0x0000f2b0                rand
                0x0000f2d6                srand
 .text.libgcc   0x0000f2e0       0xf0 /usr/lib/gcc/msp430/4.6.3/mmpy-16/libgcc.a(_udivmod64.o)
                0x0000f2e0                __xabi_udivmod64
                0x0000f33e                __udivdi3
                0x0000f364                __umoddi3
                0x0000f392                __udivmoddi4
 .text.crt0     0x0000f3d0        0x2 /usr/lib/gcc/msp430/4.6.3/mmpy-16/libcrt0.a(_unexpected_.o)
                0x0000f3d0                _unexpected_
                0x0000f3d2                . = ALIGN (0x2)

.rodata         0x0000f3d2      0x596
                0x0000f3d2                . = ALIGN (0x2)
 *(.rodata .rodata.* .gnu.linkonce.r.*)
 .rodata        0x0000f3d2       0xc8 border-router.co
                0x0000f472                autostart_processes
 .rodata        0x0000f49a       0xa6 obj_sky/slip-bridge.o
                0x0000f53c                rpl_interface
 .rodata        0x0000f540      0x139 obj_sky/httpd-simple.o
                0x0000f599                http_index_html
                0x0000f5a5                http_get
                0x0000f5aa                http_header_404
                0x0000f607                http_header_200
                0x0000f65d                http_content_type_html
 .rodata        0x0000f679      0x12e obj_sky/contiki-sky-main.o
 .rodata        0x0000f7a7       0x38 contiki-sky.a(powertrace.o)
 *fill*         0x0000f7df        0x1 00
 .rodata        0x0000f7e0       0x10 contiki-sky.a(button-sensor.o)
                0x0000f7e8                button_sensor
 .rodata        0x0000f7f0        0x8 contiki-sky.a(sensors.o)
 .rodata        0x0000f7f8       0x5a contiki-sky.a(cc2420.o)
                0x0000f814                cc2420_aes_128_driver
                0x0000f818                cc2420_driver
 .rodata        0x0000f852       0x21 contiki-sky.a(slip.o)
 .rodata        0x0000f873        0xf contiki-sky.a(ctimer.o)
 .rodata        0x0000f882        0xc contiki-sky.a(etimer.o)
 .rodata        0x0000f88e       0x24 contiki-sky.a(sicslowpan.o)
                0x0000f89a                sicslowpan_driver
                0x0000f8a0                llprefix
                0x0000f8a2                unc_mxconf
                0x0000f8a6                unc_ctxconf
                0x0000f8aa                unc_llconf
 .rodata        0x0000f8b2       0x20 contiki-sky.a(uip6.o)
 .rodata        0x0000f8d2        0xd contiki-sky.a(tcpip.o)
 .rodata        0x0000f8df       0x29 contiki-sky.a(uip-debug.o)
 .rodata        0x0000f908        0x8 contiki-sky.a(framer-802154.o)
                0x0000f908                framer_802154
 .rodata        0x0000f910       0x16 contiki-sky.a(nullmac.o)
                0x0000f918                nullmac_driver
 .rodata        0x0000f926        0x8 contiki-sky.a(linkaddr.o)
                0x0000f926                linkaddr_null
 .rodata        0x0000f92e       0x1c contiki-sky.a(contikimac.o)
                0x0000f93a                contikimac_driver
 .rodata        0x0000f94a       0x14 contiki-sky.a(nullsec.o)
                0x0000f952                nullsec_driver
 .rodata        0x0000f95e        0x2 contiki-sky.a(frame802154.o)
 .rodata        0x0000f960        0x7 /usr/lib/gcc/msp430/4.6.3/../../../../msp430/lib/mmpy-16/libc.a(vuprintf.o)
                0x0000f968                . = ALIGN (0x2)
 *fill*         0x0000f967        0x1 00
                0x0000f968                _etext = .

.data           0x00001100       0xec load address 0x0000f968
                0x00001100                . = ALIGN (0x2)
                0x00001100                PROVIDE (__data_start, .)
 *(.data .data.* .gnu.linkonce.d.*)
 .data          0x00001100       0x14 border-router.co
                0x00001100                webserver_nogui_process
                0x0000110a                border_router_process
 .data          0x00001114        0x8 obj_sky/httpd-simple.o
 .data          0x0000111c        0xa contiki-sky.a(powertrace.o)
                0x0000111c                powertrace_process
 .data          0x00001126        0x4 contiki-sky.a(contiki-sky-pla)
                0x00001126                sensors
 .data          0x0000112a        0xa contiki-sky.a(sensors.o)
                0x0000112a                sensors_process
 .data          0x00001134        0xa contiki-sky.a(cc2420.o)
                0x00001134                cc2420_process
 .data          0x0000113e        0xa contiki-sky.a(slip.o)
                0x0000113e                slip_process
 .data          0x00001148        0x2 contiki-sky.a(msp430.o)
 .data          0x0000114a        0xa contiki-sky.a(ctimer.o)
                0x0000114a                ctimer_process
 .data          0x00001154        0xa contiki-sky.a(etimer.o)
                0x00001154                etimer_process
 .data          0x0000115e        0xa contiki-sky.a(uip-ds6-nbr.o)
                0x0000115e                ds6_neighbors
 .data          0x00001168       0x20 contiki-sky.a(uip-ds6-route.o)
 .data          0x00001188        0xc contiki-sky.a(uip-icmp6.o)
 .data          0x00001194        0xa contiki-sky.a(tcpip.o)
                0x00001194                tcpip_process
 .data          0x0000119e        0xa contiki-sky.a(rpl-dag.o)
                0x0000119e                rpl_parents
 .data          0x000011a8       0x1a contiki-sky.a(rpl-icmp6.o)
 .data          0x000011c2        0xe contiki-sky.a(rpl-mrhof.o)
                0x000011c2                rpl_mrhof
 .data          0x000011d0        0x8 contiki-sky.a(nbr-table.o)
 .data          0x000011d8       0x10 contiki-sky.a(queuebuf.o)
 .data          0x000011e8        0x4 /usr/lib/gcc/msp430/4.6.3/../../../../msp430/lib/mmpy-16/libc.a(rand.o)
                0x000011ec                . = ALIGN (0x2)
                0x000011ec                _edata = .
                0x0000f968                PROVIDE (__data_load_start, LOADADDR (.data))
                0x000000ec                PROVIDE (__data_size, SIZEOF (.data))

.bss            0x000011ec     0x1b6e load address 0x0000fa54
                0x000011ec                PROVIDE (__bss_start, .)
 *(.bss .bss.*)
 .bss           0x000011ec      0x124 border-router.co
 .bss           0x00001310       0x12 obj_sky/slip-bridge.o
 .bss           0x00001322       0xae obj_sky/httpd-simple.o
 .bss           0x000013d0        0xc obj_sky/contiki-sky-main.o
 .bss           0x000013dc       0x1c contiki-sky.a(powertrace.o)
 .bss           0x000013f8        0x8 contiki-sky.a(button-sensor.o)
 .bss           0x00001400        0x2 contiki-sky.a(node-id.o)
                0x00001400                node_id
 .bss           0x00001402        0x6 contiki-sky.a(sensors.o)
 .bss           0x00001408        0x8 contiki-sky.a(cc2420.o)
 .bss           0x00001410       0x9a contiki-sky.a(uart1.o)
 .bss           0x000014aa      0x10a contiki-sky.a(slip.o)
 .bss           0x000015b4        0xa contiki-sky.a(clock.o)
 .bss           0x000015be        0x1 contiki-sky.a(leds.o)
 *fill*         0x000015bf        0x1 00
 .bss           0x000015c0        0x2 contiki-sky.a(watchdog.o)
 .bss           0x000015c2        0x4 contiki-sky.a(ctimer.o)
 .bss           0x000015c6        0x6 contiki-sky.a(etimer.o)
 .bss           0x000015cc       0x42 contiki-sky.a(process.o)
                0x000015cc                process_current
                0x000015ce                process_list
 .bss           0x0000160e        0x2 contiki-sky.a(rtimer.o)
 .bss           0x00001610      0x124 contiki-sky.a(sicslowpan.o)
 .bss           0x00001734       0x12 contiki-sky.a(uip6.o)
                0x00001734                uip_ext_opt_offset
                0x00001736                uip_ext_len
                0x00001738                uip_ext_bitmap
 .bss           0x00001746       0x18 contiki-sky.a(uip-ds6.o)
 .bss           0x0000175e      0x2f8 contiki-sky.a(uip-ds6-nbr.o)
 .bss           0x00001a56      0x362 contiki-sky.a(uip-ds6-route.o)
 .bss           0x00001db8       0x14 contiki-sky.a(uip-icmp6.o)
 .bss           0x00001dcc       0x36 contiki-sky.a(tcpip.o)
 .bss           0x00001e02        0x2 contiki-sky.a(rpl.o)
 .bss           0x00001e04       0xf0 contiki-sky.a(rpl-dag.o)
 .bss           0x00001ef4       0x18 contiki-sky.a(rpl-timers.o)
 .bss           0x00001f0c        0x2 contiki-sky.a(framer-802154.o)
 .bss           0x00001f0e      0x118 contiki-sky.a(nbr-table.o)
 .bss           0x00002026       0xb8 contiki-sky.a(packetbuf.o)
 .bss           0x000020de      0x5a0 contiki-sky.a(queuebuf.o)
 .bss           0x0000267e       0x32 contiki-sky.a(contikimac.o)
 .bss           0x000026b0        0x8 contiki-sky.a(compower.o)
 .bss           0x000026b8       0xa0 contiki-sky.a(mac-sequence.o)
 .bss           0x00002758        0x4 /usr/lib/gcc/msp430/4.6.3/../../../../msp430/lib/mmpy-16/libc.a(sprintf.o)
 *(COMMON)
 COMMON         0x0000275c        0x2 contiki-sky.a(contiki-sky-pla)
                0x0000275c                sensors_flags
 COMMON         0x0000275e        0x8 contiki-sky.a(ds2411.o)
                0x0000275e                ds2411_id
 COMMON         0x00002766        0x1 contiki-sky.a(sensors.o)
                0x00002766                sensors_event
 *fill*         0x00002767        0x1 00
 COMMON         0x00002768       0x10 contiki-sky.a(cc2420.o)
                0x00002768                cc2420_last_rssi
                0x0000276a                cc2420_sfd_start_time
                0x0000276c                cc2420_time_of_departure
                0x0000276e                cc2420_time_of_arrival
                0x00002770                cc2420_last_correlation
                0x00002772                cc2420_authority_level_of_sender
                0x00002774                cc2420_sfd_counter
                0x00002776                cc2420_sfd_end_time
 COMMON         0x00002778        0x1 contiki-sky.a(slip.o)
                0x00002778                slip_active
 *fill*         0x00002779        0x1 00
 COMMON         0x0000277a        0x2 contiki-sky.a(msp430.o)
                0x0000277a                msp430_dco_required
 COMMON         0x0000277c       0x56 contiki-sky.a(energest.o)
                0x0000277c                energest_total_time
                0x000027ac                energest_total_count
                0x000027ae                energest_current_mode
                0x000027ba                energest_current_time
 COMMON         0x000027d2        0x1 contiki-sky.a(process.o)
                0x000027d2                process_maxevents
 *fill*         0x000027d3        0x1 00
 COMMON         0x000027d4        0x8 contiki-sky.a(sicslowpan.o)
                0x000027d4                frag_sender
 COMMON         0x000027dc      0x304 contiki-sky.a(uip6.o)
                0x000027dc                uip_len
                0x000027de                uip_sappdata
                0x000027e0                uip_acc32
                0x000027e4                uip_lladdr
                0x000027ec                uip_aligned_buf
                0x000028dc                uip_flags
                0x000028de                uip_next_hdr
                0x000028e0                uip_udp_conn
                0x000028e2                uip_appdata
                0x000028e4                uip_conn
                0x000028e6                uip_conns
                0x00002996                uip_listenports
                0x000029a6                uip_slen
                0x000029a8                uip_udp_conns
 COMMON         0x00002ae0      0x15c contiki-sky.a(uip-ds6.o)
                0x00002ae0                uip_ds6_timer_ra
                0x00002ae8                uip_ds6_if
                0x00002bd4                uip_ds6_netif_addr_list_offset
                0x00002bd5                uip_ds6_addr_size
                0x00002bd6                uip_ds6_prefix_list
                0x00002c30                uip_ds6_timer_periodic
 COMMON         0x00002c3c        0x1 contiki-sky.a(tcpip.o)
                0x00002c3c                tcpip_event
 *fill*         0x00002c3d        0x1 00
 COMMON         0x00002c3e       0xde contiki-sky.a(rpl-dag.o)
                0x00002c3e                default_instance
                0x00002c40                instance_table
 COMMON         0x00002d1c        0x8 contiki-sky.a(linkaddr.o)
                0x00002d1c                linkaddr_node_addr
 COMMON         0x00002d24       0x2e contiki-sky.a(packetbuf.o)
                0x00002d24                packetbuf_addrs
                0x00002d34                packetbuf_attrs
 COMMON         0x00002d52        0x8 contiki-sky.a(compower.o)
                0x00002d52                compower_idle_activity
                0x00002d5a                . = ALIGN (0x2)
                0x00002d5a                PROVIDE (__bss_end, .)
                0x00001b6e                PROVIDE (__bss_size, SIZEOF (.bss))

.noinit         0x00002d5a        0x2 load address 0x0000fa54
                0x00002d5a                PROVIDE (__noinit_start, .)
 *(.noinit .noinit.*)
 .noinit.crt0   0x00002d5a        0x2 /usr/lib/gcc/msp430/4.6.3/mmpy-16/libcrt0.a(__watchdog_support.o)
                0x00002d5a                __wdt_clear_value
                0x00002d5c                . = ALIGN (0x2)
                0x00002d5c                PROVIDE (__noinit_end, .)
                0x00002d5c                . = ALIGN (0x2)
                0x00002d5c                _end = .

.infomem        0x00001000        0x0
 *(.infomem)
                0x00001000                . = ALIGN (0x2)
 *(.infomem.*)

.infomemnobits  0x00001000        0x0
 *(.infomemnobits)
                0x00001000                . = ALIGN (0x2)
 *(.infomemnobits.*)

.infoa
 *(.infoa .infoa.*)

.infob
 *(.infob .infob.*)

.infoc
 *(.infoc .infoc.*)

.infod
 *(.infod .infod.*)

.vectors        0x0000ffe0       0x20
                0x0000ffe0                PROVIDE (__vectors_start, .)
 *(.vectors*)
 .vectors       0x0000ffe0       0x20 /usr/lib/gcc/msp430/4.6.3/mmpy-16/crt0ivtbl16.o
                0x0000ffe0                __ivtbl_16
                0x00010000                _vectors_end = .

.fartext        0x00000000        0x0
                0x00000000                . = ALIGN (0x2)
 *(.fartext)
                0x00000000                . = ALIGN (0x2)
 *(.fartext.*)
                0x00000000                _efartext = .

.profiler
 *(.profiler)

.stab           0x00000000    0x2a9d8
 *(.stab)
 .stab          0x00000000     0x1f98 border-router.co
 .stab          0x00001f98      0x87c obj_sky/slip-bridge.o
                               0x1194 (size before relaxing)
 .stab          0x00002814      0xa98 obj_sky/httpd-simple.o
                               0x1bb4 (size before relaxing)
 .stab          0x000032ac     0x10d4 obj_sky/contiki-sky-main.o
                               0x1b0c (size before relaxing)
 .stab          0x00004380      0x5d0 contiki-sky.a(powertrace.o)
                                0xb70 (size before relaxing)
 .stab          0x00004950      0x258 contiki-sky.a(contiki-sky-pla)
                                0x5b8 (size before relaxing)
 .stab          0x00004ba8      0x468 contiki-sky.a(button-sensor.o)
                                0x7d4 (size before relaxing)
 .stab          0x00005010      0x624 contiki-sky.a(ds2411.o)
                                0xb40 (size before relaxing)
 .stab          0x00005634      0xbac contiki-sky.a(xmem.o)
                                0xf60 (size before relaxing)
 .stab          0x000061e0      0x2b8 contiki-sky.a(node-id.o)
                                0x4e0 (size before relaxing)
 .stab          0x00006498      0x654 contiki-sky.a(sensors.o)
                                0xb70 (size before relaxing)
 .stab          0x00006aec     0x25e0 contiki-sky.a(cc2420.o)
                               0x2cac (size before relaxing)
 .stab          0x000090cc      0x5ac contiki-sky.a(cc2420-arch.o)
                               0x1728 (size before relaxing)
 .stab          0x00009678      0x60c contiki-sky.a(uart1.o)
                                0x960 (size before relaxing)
 .stab          0x00009c84      0x27c contiki-sky.a(slip_uart1.o)
                                0x5d0 (size before relaxing)
 .stab          0x00009f00      0xa68 contiki-sky.a(slip.o)
                               0x1200 (size before relaxing)
 .stab          0x0000a968      0x744 contiki-sky.a(msp430.o)
                                0xa98 (size before relaxing)
 .stab          0x0000b0ac      0x948 contiki-sky.a(clock.o)
                                0xc9c (size before relaxing)
 .stab          0x0000b9f4      0x5dc contiki-sky.a(leds.o)
                                0x828 (size before relaxing)
 .stab          0x0000bfd0      0x3a8 contiki-sky.a(leds-arch.o)
                                0x6fc (size before relaxing)
 .stab          0x0000c378      0x3fc contiki-sky.a(watchdog.o)
                                0x750 (size before relaxing)
 .stab          0x0000c774      0x3cc contiki-sky.a(rtimer-arch.o)
                                0x720 (size before relaxing)
 .stab          0x0000cb40      0x294 contiki-sky.a(autostart.o)
                                0x534 (size before relaxing)
 .stab          0x0000cdd4      0x7a4 contiki-sky.a(ctimer.o)
                                0xb10 (size before relaxing)
 .stab          0x0000d578      0x474 contiki-sky.a(energest.o)
                                0x6fc (size before relaxing)
 .stab          0x0000d9ec      0xa38 contiki-sky.a(etimer.o)
                                0xd08 (size before relaxing)
 .stab          0x0000e424      0xb7c contiki-sky.a(process.o)
                               0x1014 (size before relaxing)
 .stab          0x0000efa0      0x3d8 contiki-sky.a(rtimer.o)
                                0x6c0 (size before relaxing)
 .stab          0x0000f378      0x354 contiki-sky.a(timer.o)
                                0x594 (size before relaxing)
 .stab          0x0000f6cc      0x7f8 contiki-sky.a(list.o)
                                0x804 (size before relaxing)
 .stab          0x0000fec4      0x5c4 contiki-sky.a(memb.o)
                                0xaf8 (size before relaxing)
 .stab          0x00010488      0x228 contiki-sky.a(random.o)
                                0x624 (size before relaxing)
 .stab          0x000106b0     0x1f74 contiki-sky.a(sicslowpan.o)
                               0x2ee0 (size before relaxing)
 .stab          0x00012624     0x2bc8 contiki-sky.a(uip6.o)
                               0x378c (size before relaxing)
 .stab          0x000151ec     0x13c8 contiki-sky.a(uip-ds6.o)
                               0x1f74 (size before relaxing)
 .stab          0x000165b4      0xcd8 contiki-sky.a(uip-ds6-nbr.o)
                               0x1710 (size before relaxing)
 .stab          0x0001728c     0x1260 contiki-sky.a(uip-ds6-route.o)
                               0x1de8 (size before relaxing)
 .stab          0x000184ec      0xcf0 contiki-sky.a(uip-icmp6.o)
                               0x1968 (size before relaxing)
 .stab          0x000191dc      0x57c contiki-sky.a(uip-nd6.o)
                               0x1158 (size before relaxing)
 .stab          0x00019758      0xd50 contiki-sky.a(psock.o)
                               0x1dac (size before relaxing)
 .stab          0x0001a4a8     0x147c contiki-sky.a(tcpip.o)
                               0x26c4 (size before relaxing)
 .stab          0x0001b924      0x444 contiki-sky.a(uip-debug.o)
                                0xbd0 (size before relaxing)
 .stab          0x0001bd68      0xa8c contiki-sky.a(rpl.o)
                               0x17b8 (size before relaxing)
 .stab          0x0001c7f4     0x2f10 contiki-sky.a(rpl-dag.o)
                               0x3c18 (size before relaxing)
 .stab          0x0001f704      0xa50 contiki-sky.a(rpl-ext-header.)
                               0x180c (size before relaxing)
 .stab          0x00020154     0x17ac contiki-sky.a(rpl-icmp6.o)
                               0x25b0 (size before relaxing)
 .stab          0x00021900      0x8ac contiki-sky.a(rpl-mrhof.o)
                               0x159c (size before relaxing)
 .stab          0x000221ac      0xbdc contiki-sky.a(rpl-timers.o)
                               0x18cc (size before relaxing)
 .stab          0x00022d88      0x930 contiki-sky.a(framer-802154.o)
                                0xf54 (size before relaxing)
 .stab          0x000236b8      0x3fc contiki-sky.a(framer.o)
                                0xc54 (size before relaxing)
 .stab          0x00023ab4      0x96c contiki-sky.a(nullmac.o)
                                0xdd4 (size before relaxing)
 .stab          0x00024420      0x2c4 contiki-sky.a(linkaddr.o)
                                0x6c0 (size before relaxing)
 .stab          0x000246e4      0xd80 contiki-sky.a(nbr-table.o)
                               0x1428 (size before relaxing)
 .stab          0x00025464      0xdb0 contiki-sky.a(packetbuf.o)
                               0x1ed8 (size before relaxing)
 .stab          0x00026214      0xaa4 contiki-sky.a(queuebuf.o)
                               0x1bb4 (size before relaxing)
 .stab          0x00026cb8     0x1a70 contiki-sky.a(contikimac.o)
                               0x22f8 (size before relaxing)
 .stab          0x00028728      0x66c contiki-sky.a(nullsec.o)
                                0xda4 (size before relaxing)
 .stab          0x00028d94      0x204 contiki-sky.a(spi.o)
                                0x42c (size before relaxing)
 .stab          0x00028f98      0x51c contiki-sky.a(compower.o)
                                0xd20 (size before relaxing)
 .stab          0x000294b4      0x3c0 contiki-sky.a(stimer.o)
                                0x600 (size before relaxing)
 .stab          0x00029874      0x924 contiki-sky.a(frame802154.o)
                               0x10f8 (size before relaxing)
 .stab          0x0002a198      0x1f8 contiki-sky.a(mac.o)
                                0x4ec (size before relaxing)
 .stab          0x0002a390      0x648 contiki-sky.a(mac-sequence.o)
                               0x1770 (size before relaxing)

.stabstr        0x00000000    0x1d91e
 *(.stabstr)
 .stabstr       0x00000000    0x1d91e border-router.co

.stab.excl
 *(.stab.excl)

.stab.exclstr
 *(.stab.exclstr)

.stab.index
 *(.stab.index)

.stab.indexstr
 *(.stab.indexstr)

.comment
 *(.comment)

.debug
 *(.debug)

.line
 *(.line)

.debug_srcinfo
 *(.debug_srcinfo)

.debug_sfnames
 *(.debug_sfnames)

.debug_aranges  0x00000000      0x1b8
 *(.debug_aranges)
 .debug_aranges
                0x00000000       0x14 /usr/lib/gcc/msp430/4.6.3/mmpy-16/libgcc.a(_mulsi3.o)
 .debug_aranges
                0x00000014       0x14 /usr/lib/gcc/msp430/4.6.3/mmpy-16/libgcc.a(_udivmod16.o)
 .debug_aranges
                0x00000028       0x14 /usr/lib/gcc/msp430/4.6.3/mmpy-16/libgcc.a(_divmod16.o)
 .debug_aranges
                0x0000003c       0x14 /usr/lib/gcc/msp430/4.6.3/mmpy-16/libgcc.a(_udivmod32.o)
 .debug_aranges
                0x00000050       0x14 /usr/lib/gcc/msp430/4.6.3/../../../../msp430/lib/mmpy-16/libc.a(strncmp.o)
 .debug_aranges
                0x00000064       0x14 /usr/lib/gcc/msp430/4.6.3/../../../../msp430/lib/mmpy-16/libc.a(memcmp.o)
 .debug_aranges
                0x00000078       0x14 /usr/lib/gcc/msp430/4.6.3/../../../../msp430/lib/mmpy-16/libc.a(strncpy.o)
 .debug_aranges
                0x0000008c       0x14 /usr/lib/gcc/msp430/4.6.3/../../../../msp430/lib/mmpy-16/libc.a(memcpy.o)
 .debug_aranges
                0x000000a0       0x14 /usr/lib/gcc/msp430/4.6.3/../../../../msp430/lib/mmpy-16/libc.a(memmove.o)
 .debug_aranges
                0x000000b4       0x14 /usr/lib/gcc/msp430/4.6.3/../../../../msp430/lib/mmpy-16/libc.a(memset.o)
 .debug_aranges
                0x000000c8       0x14 /usr/lib/gcc/msp430/4.6.3/../../../../msp430/lib/mmpy-16/libc.a(printf.o)
 .debug_aranges
                0x000000dc       0x14 /usr/lib/gcc/msp430/4.6.3/../../../../msp430/lib/mmpy-16/libc.a(sprintf.o)
 .debug_aranges
                0x000000f0       0x14 /usr/lib/gcc/msp430/4.6.3/../../../../msp430/lib/mmpy-16/libc.a(vuprintf.o)
 .debug_aranges
                0x00000104       0x14 /usr/lib/gcc/msp430/4.6.3/../../../../msp430/lib/mmpy-16/libc.a(puts.o)
 .debug_aranges
                0x00000118       0x14 /usr/lib/gcc/msp430/4.6.3/../../../../msp430/lib/mmpy-16/libc.a(rand.o)
 .debug_aranges
                0x0000012c       0x14 /usr/lib/gcc/msp430/4.6.3/mmpy-16/libgcc.a(_udivmod64.o)
 .debug_aranges
                0x00000140       0x14 /usr/lib/gcc/msp430/4.6.3/mmpy-16/libcrt0.a(__watchdog_support.o)
 .debug_aranges
                0x00000154       0x14 /usr/lib/gcc/msp430/4.6.3/mmpy-16/libcrt0.a(__init_stack.o)
 .debug_aranges
                0x00000168       0x14 /usr/lib/gcc/msp430/4.6.3/mmpy-16/libcrt0.a(_copy_data.o)
 .debug_aranges
                0x0000017c       0x14 /usr/lib/gcc/msp430/4.6.3/mmpy-16/libcrt0.a(_clear_bss.o)
 .debug_aranges