Archive member included because of file (symbol)

contiki-sky.a(powertrace.o)   sky-websense.co (powertrace_start)
contiki-sky.a(contiki-sky-pla)
                              obj_sky/contiki-sky-main.o (init_platform)
contiki-sky.a(sht11-sensor.o)
                              sky-websense.co (sht11_sensor)
contiki-sky.a(light-sensor.o)
                              sky-websense.co (light_sensor)
contiki-sky.a(button-sensor.o)
                              contiki-sky.a(contiki-sky-pla) (button_sensor)
contiki-sky.a(ds2411.o)       obj_sky/contiki-sky-main.o (ds2411_init)
contiki-sky.a(xmem.o)         obj_sky/contiki-sky-main.o (xmem_init)
contiki-sky.a(node-id.o)      obj_sky/contiki-sky-main.o (node_id_restore)
contiki-sky.a(sensors.o)      contiki-sky.a(button-sensor.o) (sensors_changed)
contiki-sky.a(cc2420.o)       obj_sky/contiki-sky-main.o (cc2420_set_pan_addr)
contiki-sky.a(cc2420-arch.o)  contiki-sky.a(cc2420.o) (cc2420_arch_init)
contiki-sky.a(sky-sensors.o)  contiki-sky.a(light-sensor.o) (sky_sensors_status)
contiki-sky.a(uart1.o)        obj_sky/contiki-sky-main.o (uart1_active)
contiki-sky.a(uart1-putchar.o)
                              obj_sky/contiki-sky-main.o (putchar)
contiki-sky.a(msp430.o)       contiki-sky.a(uart1.o) (msp430_add_lpm_req)
contiki-sky.a(clock.o)        obj_sky/contiki-sky-main.o (clock_init)
contiki-sky.a(leds.o)         obj_sky/contiki-sky-main.o (leds_init)
contiki-sky.a(leds-arch.o)    contiki-sky.a(leds.o) (leds_arch_init)
contiki-sky.a(watchdog.o)     obj_sky/contiki-sky-main.o (watchdog_start)
contiki-sky.a(rtimer-arch.o)  obj_sky/contiki-sky-main.o (rtimer_arch_now)
contiki-sky.a(autostart.o)    obj_sky/contiki-sky-main.o (autostart_start)
contiki-sky.a(ctimer.o)       obj_sky/contiki-sky-main.o (ctimer_init)
contiki-sky.a(energest.o)     obj_sky/contiki-sky-main.o (energest_init)
contiki-sky.a(etimer.o)       contiki-sky.a(clock.o) (etimer_request_poll)
contiki-sky.a(process.o)      contiki-sky.a(ctimer.o) (process_current)
contiki-sky.a(rtimer.o)       obj_sky/contiki-sky-main.o (rtimer_init)
contiki-sky.a(timer.o)        obj_sky/httpd-simple.o (timer_set)
contiki-sky.a(list.o)         contiki-sky.a(ctimer.o) (list_init)
contiki-sky.a(memb.o)         obj_sky/httpd-simple.o (memb_init)
contiki-sky.a(random.o)       obj_sky/contiki-sky-main.o (random_init)
contiki-sky.a(sicslowpan.o)   obj_sky/contiki-sky-main.o (sicslowpan_driver)
contiki-sky.a(uip6.o)         contiki-sky.a(sicslowpan.o) (uip_aligned_buf)
contiki-sky.a(uip-ds6.o)      contiki-sky.a(uip6.o) (uip_ds6_is_addr_onlink)
contiki-sky.a(uip-ds6-nbr.o)  contiki-sky.a(uip-ds6.o) (uip_ds6_neighbors_init)
contiki-sky.a(uip-ds6-route.o)
                              contiki-sky.a(uip-ds6.o) (uip_ds6_route_init)
contiki-sky.a(uip-icmp6.o)    contiki-sky.a(uip6.o) (uip_icmp6_input)
contiki-sky.a(uip-nd6.o)      contiki-sky.a(uip6.o) (uip_nd6_init)
contiki-sky.a(psock.o)        sky-websense.co (psock_send)
contiki-sky.a(tcpip.o)        contiki-sky.a(sicslowpan.o) (tcpip_set_outputfunc)
contiki-sky.a(uip-debug.o)    contiki-sky.a(uip-ds6-route.o) (uip_debug_ipaddr_print)
contiki-sky.a(rpl.o)          contiki-sky.a(uip-ds6-nbr.o) (rpl_link_neighbor_callback)
contiki-sky.a(rpl-dag.o)      contiki-sky.a(rpl.o) (default_instance)
contiki-sky.a(rpl-ext-header.)
                              contiki-sky.a(uip6.o) (rpl_verify_header)
contiki-sky.a(rpl-icmp6.o)    contiki-sky.a(rpl.o) (dao_output_target)
contiki-sky.a(rpl-mrhof.o)    contiki-sky.a(rpl.o) (rpl_mrhof)
contiki-sky.a(rpl-timers.o)   contiki-sky.a(rpl.o) (rpl_reset_periodic_timer)
contiki-sky.a(framer-802154.o)
                              contiki-sky.a(sicslowpan.o) (framer_802154)
contiki-sky.a(framer.o)       contiki-sky.a(framer-802154.o) (framer_canonical_create_and_secure)
contiki-sky.a(nullmac.o)      obj_sky/contiki-sky-main.o (nullmac_driver)
contiki-sky.a(linkaddr.o)     obj_sky/contiki-sky-main.o (linkaddr_copy)
contiki-sky.a(nbr-table.o)    contiki-sky.a(uip-ds6-nbr.o) (nbr_table_register)
contiki-sky.a(packetbuf.o)    contiki-sky.a(framer.o) (packetbuf_compact)
contiki-sky.a(queuebuf.o)     obj_sky/contiki-sky-main.o (queuebuf_init)
contiki-sky.a(contikimac.o)   obj_sky/contiki-sky-main.o (contikimac_driver)
contiki-sky.a(nullsec.o)      obj_sky/contiki-sky-main.o (nullsec_driver)
contiki-sky.a(sht11.o)        contiki-sky.a(sht11-sensor.o) (sht11_init)
contiki-sky.a(spi.o)          contiki-sky.a(xmem.o) (spi_init)
contiki-sky.a(compower.o)     contiki-sky.a(contikimac.o) (compower_accumulate)
contiki-sky.a(stimer.o)       contiki-sky.a(uip-ds6.o) (stimer_set)
contiki-sky.a(frame802154.o)  contiki-sky.a(framer-802154.o) (frame802154_hdrlen)
contiki-sky.a(mac.o)          contiki-sky.a(contikimac.o) (mac_call_sent_callback)
contiki-sky.a(mac-sequence.o)
                              contiki-sky.a(contikimac.o) (mac_sequence_is_duplicate)
/usr/lib/gcc/msp430/4.6.3/mmpy-16/libgcc.a(_mulsi3.o)
[...]
Memory Configuration

Name             Origin             Length             Attributes
sfr              0x00000000         0x00000010
peripheral_8bit  0x00000010         0x000000f0
peripheral_16bit 0x00000100         0x00000100
ram_mirror       0x00000200         0x00000800         xw
infomem          0x00001000         0x00000100
infob            0x00001000         0x00000080
infoa            0x00001080         0x00000080
ram              0x00001100         0x00002800         xw
rom              0x00004000         0x0000bfe0         xr
vectors          0x0000ffe0         0x00000020
bsl              0x00000000         0x00000000
infoc            0x00000000         0x00000000
infod            0x00000000         0x00000000
ram2             0x00000000         0x00000000         xw
usbram           0x00000000         0x00000000         xw
far_rom          0x00000000         0x00000000
*default*        0x00000000         0xffffffff

Linker script and memory map

LOAD /usr/lib/gcc/msp430/4.6.3/mmpy-16/crt0ivtbl16.o
LOAD sky-websense.co
LOAD obj_sky/httpd-simple.o
LOAD obj_sky/contiki-sky-main.o
LOAD contiki-sky.a
LOAD /usr/lib/gcc/msp430/4.6.3/mmpy-16/libgcc.a
LOAD /usr/lib/gcc/msp430/4.6.3/../../../../msp430/lib/mmpy-16/libc.a
LOAD /usr/lib/gcc/msp430/4.6.3/mmpy-16/libgcc.a
LOAD /usr/lib/gcc/msp430/4.6.3/mmpy-16/libcrt0.a
                0x00000080                PROVIDE (__info_segment_size, 0x80)
                0x00001000                PROVIDE (__infob, 0x1000)
                0x00001080                PROVIDE (__infoa, 0x1080)
                0x00000000                __IE1 = 0x0
                0x00000002                __IFG1 = 0x2
                0x00000004                __ME1 = 0x4
                0x00000001                __IE2 = 0x1
                0x00000003                __IFG2 = 0x3
                0x00000005                __ME2 = 0x5
                0x00000120                __WDTCTL = 0x120
                0x00000130                __MPY = 0x130
                0x00000132                __MPYS = 0x132
                0x00000134                __MAC = 0x134
                0x00000136                __MACS = 0x136
                0x00000138                __OP2 = 0x138
                0x0000013a                __RESLO = 0x13a
                0x0000013c                __RESHI = 0x13c
                0x0000013e                __SUMEXT = 0x13e
                0x00000020                __P1IN = 0x20
                0x00000021                __P1OUT = 0x21
                0x00000022                __P1DIR = 0x22
                0x00000023                __P1IFG = 0x23
                0x00000024                __P1IES = 0x24
                0x00000025                __P1IE = 0x25
                0x00000026                __P1SEL = 0x26
                0x00000028                __P2IN = 0x28
                0x00000029                __P2OUT = 0x29
                0x0000002a                __P2DIR = 0x2a
                0x0000002b                __P2IFG = 0x2b
                0x0000002c                __P2IES = 0x2c
                0x0000002d                __P2IE = 0x2d
                0x0000002e                __P2SEL = 0x2e
                0x00000018                __P3IN = 0x18
                0x00000019                __P3OUT = 0x19
                0x0000001a                __P3DIR = 0x1a
                0x0000001b                __P3SEL = 0x1b
                0x0000001c                __P4IN = 0x1c
                0x0000001d                __P4OUT = 0x1d
                0x0000001e                __P4DIR = 0x1e
                0x0000001f                __P4SEL = 0x1f
                0x00000030                __P5IN = 0x30
                0x00000031                __P5OUT = 0x31
                0x00000032                __P5DIR = 0x32
                0x00000033                __P5SEL = 0x33
                0x00000034                __P6IN = 0x34
                0x00000035                __P6OUT = 0x35
                0x00000036                __P6DIR = 0x36
                0x00000037                __P6SEL = 0x37
                0x00000070                __U0CTL = 0x70
                0x00000071                __U0TCTL = 0x71
                0x00000072                __U0RCTL = 0x72
                0x00000073                __U0MCTL = 0x73
                0x00000074                __U0BR0 = 0x74
                0x00000075                __U0BR1 = 0x75
                0x00000076                __U0RXBUF = 0x76
                0x00000077                __U0TXBUF = 0x77
                0x00000078                __U1CTL = 0x78
                0x00000079                __U1TCTL = 0x79
                0x0000007a                __U1RCTL = 0x7a
                0x0000007b                __U1MCTL = 0x7b
                0x0000007c                __U1BR0 = 0x7c
                0x0000007d                __U1BR1 = 0x7d
                0x0000007e                __U1RXBUF = 0x7e
                0x0000007f                __U1TXBUF = 0x7f
                0x00000050                __I2CIE = 0x50
                0x00000051                __I2CIFG = 0x51
                0x00000052                __I2CNDAT = 0x52
                0x00000071                __I2CTCTL = 0x71
                0x00000072                __I2CDCTL = 0x72
                0x00000073                __I2CPSC = 0x73
                0x00000074                __I2CSCLH = 0x74
                0x00000075                __I2CSCLL = 0x75
                0x00000076                __I2CDRB = 0x76
                0x00000076                __I2CDRW = 0x76
                0x00000118                __I2COA = 0x118
                0x0000011a                __I2CSA = 0x11a
                0x0000011c                __I2CIV = 0x11c
                0x0000012e                __TAIV = 0x12e
                0x00000160                __TACTL = 0x160
                0x00000162                __TACCTL0 = 0x162
                0x00000164                __TACCTL1 = 0x164
                0x00000166                __TACCTL2 = 0x166
                0x00000170                __TAR = 0x170
                0x00000172                __TACCR0 = 0x172
                0x00000174                __TACCR1 = 0x174
                0x00000176                __TACCR2 = 0x176
                0x0000011e                __TBIV = 0x11e
                0x00000180                __TBCTL = 0x180
                0x00000182                __TBCCTL0 = 0x182
                0x00000184                __TBCCTL1 = 0x184
                0x00000186                __TBCCTL2 = 0x186
                0x00000188                __TBCCTL3 = 0x188
                0x0000018a                __TBCCTL4 = 0x18a
                0x0000018c                __TBCCTL5 = 0x18c
                0x0000018e                __TBCCTL6 = 0x18e
                0x00000190                __TBR = 0x190
                0x00000192                __TBCCR0 = 0x192
                0x00000194                __TBCCR1 = 0x194
                0x00000196                __TBCCR2 = 0x196
                0x00000198                __TBCCR3 = 0x198
                0x0000019a                __TBCCR4 = 0x19a
                0x0000019c                __TBCCR5 = 0x19c
                0x0000019e                __TBCCR6 = 0x19e
                0x00000056                __DCOCTL = 0x56
                0x00000057                __BCSCTL1 = 0x57
                0x00000058                __BCSCTL2 = 0x58
                0x00000055                __SVSCTL = 0x55
                0x00000128                __FCTL1 = 0x128
                0x0000012a                __FCTL2 = 0x12a
                0x0000012c                __FCTL3 = 0x12c
                0x00000059                __CACTL1 = 0x59
                0x0000005a                __CACTL2 = 0x5a
                0x0000005b                __CAPD = 0x5b
                0x000001a0                __ADC12CTL0 = 0x1a0
                0x000001a2                __ADC12CTL1 = 0x1a2
                0x000001a4                __ADC12IFG = 0x1a4
                0x000001a6                __ADC12IE = 0x1a6
                0x000001a8                __ADC12IV = 0x1a8
                0x00000140                __ADC12MEM0 = 0x140
                0x00000142                __ADC12MEM1 = 0x142
                0x00000144                __ADC12MEM2 = 0x144
                0x00000146                __ADC12MEM3 = 0x146
                0x00000148                __ADC12MEM4 = 0x148
                0x0000014a                __ADC12MEM5 = 0x14a
                0x0000014c                __ADC12MEM6 = 0x14c
                0x0000014e                __ADC12MEM7 = 0x14e
                0x00000150                __ADC12MEM8 = 0x150
                0x00000152                __ADC12MEM9 = 0x152
                0x00000154                __ADC12MEM10 = 0x154
                0x00000156                __ADC12MEM11 = 0x156
                0x00000158                __ADC12MEM12 = 0x158
                0x0000015a                __ADC12MEM13 = 0x15a
                0x0000015c                __ADC12MEM14 = 0x15c
                0x0000015e                __ADC12MEM15 = 0x15e
                0x00000080                __ADC12MCTL0 = 0x80
                0x00000081                __ADC12MCTL1 = 0x81
                0x00000082                __ADC12MCTL2 = 0x82
                0x00000083                __ADC12MCTL3 = 0x83
                0x00000084                __ADC12MCTL4 = 0x84
                0x00000085                __ADC12MCTL5 = 0x85
                0x00000086                __ADC12MCTL6 = 0x86
                0x00000087                __ADC12MCTL7 = 0x87
                0x00000088                __ADC12MCTL8 = 0x88
                0x00000089                __ADC12MCTL9 = 0x89
                0x0000008a                __ADC12MCTL10 = 0x8a
                0x0000008b                __ADC12MCTL11 = 0x8b
                0x0000008c                __ADC12MCTL12 = 0x8c
                0x0000008d                __ADC12MCTL13 = 0x8d
                0x0000008e                __ADC12MCTL14 = 0x8e
                0x0000008f                __ADC12MCTL15 = 0x8f
                0x000001c0                __DAC12_0CTL = 0x1c0
                0x000001c2                __DAC12_1CTL = 0x1c2
                0x000001c8                __DAC12_0DAT = 0x1c8
                0x000001ca                __DAC12_1DAT = 0x1ca
                0x00000122                __DMACTL0 = 0x122
                0x00000124                __DMACTL1 = 0x124
                0x000001e0                __DMA0CTL = 0x1e0
                0x000001e8                __DMA1CTL = 0x1e8
                0x000001f0                __DMA2CTL = 0x1f0
                0x000001e2                __DMA0SA = 0x1e2
                0x000001e4                __DMA0DA = 0x1e4
                0x000001e6                __DMA0SZ = 0x1e6
                0x000001ea                __DMA1SA = 0x1ea
                0x000001ec                __DMA1DA = 0x1ec
                0x000001ee                __DMA1SZ = 0x1ee
                0x000001f2                __DMA2SA = 0x1f2
                0x000001f4                __DMA2DA = 0x1f4
                0x000001f6                __DMA2SZ = 0x1f6

.hash
 *(.hash)

.dynsym
 *(.dynsym)

.dynstr
 *(.dynstr)

.gnu.version
 *(.gnu.version)

.gnu.version_d
 *(.gnu.version_d)

.gnu.version_r
 *(.gnu.version_r)

.rel.init
 *(.rel.init)

.rela.init
 *(.rela.init)

.rel.fini
 *(.rel.fini)

.rela.fini
 *(.rela.fini)

.rel.text
 *(.rel.text .rel.text.* .rel.gnu.linkonce.t.*)

.rela.text
 *(.rela.text .rela.text.* .rela.gnu.linkonce.t.*)

.rel.rodata
 *(.rel.rodata .rel.rodata.* .rel.gnu.linkonce.r.*)

.rela.rodata
 *(.rela.rodata .rela.rodata.* .rela.gnu.linkonce.r.*)

.rel.data
 *(.rel.data .rel.data.* .rel.gnu.linkonce.d.*)

.rela.data
 *(.rela.data .rela.data.* .rela.gnu.linkonce.d.*)

.rel.bss
 *(.rel.bss .rel.bss.* .rel.gnu.linkonce.b.*)

.rela.bss
 *(.rela.bss .rela.bss.* .rela.gnu.linkonce.b.*)

.rel.ctors
 *(.rel.ctors)

.rela.ctors
 *(.rela.ctors)

.rel.dtors
 *(.rel.dtors)

.rela.dtors
 *(.rela.dtors)

.rel.got
 *(.rel.got)

.rela.got
 *(.rela.got)

.rel.plt
 *(.rel.plt)

.rela.plt
 *(.rela.plt)

.text           0x00004000     0xb15c
                0x00004000                . = ALIGN (0x2)
 *(.init .init.*)
 *(.init0)
 .init0         0x00004000        0x0 /usr/lib/gcc/msp430/4.6.3/mmpy-16/libcrt0.a(_reset_vector__.o)
                0x00004000                _reset_vector__
 *(.init1)
 .init1         0x00004000        0xc /usr/lib/gcc/msp430/4.6.3/mmpy-16/libcrt0.a(__watchdog_support.o)
                0x00004000                __watchdog_support
 *(.init2)
 .init2         0x0000400c        0x4 /usr/lib/gcc/msp430/4.6.3/mmpy-16/libcrt0.a(__init_stack.o)
                0x0000400c                __init_stack
 *(.init3)
 .init3         0x00004010        0x0 /usr/lib/gcc/msp430/4.6.3/mmpy-16/libcrt0.a(__low_level_init.o)
                0x00004010                __low_level_init
 *(.init4)
 .init4         0x00004010       0x18 /usr/lib/gcc/msp430/4.6.3/mmpy-16/libcrt0.a(_copy_data.o)
                0x00004010                __do_copy_data
 .init4         0x00004028       0x16 /usr/lib/gcc/msp430/4.6.3/mmpy-16/libcrt0.a(_clear_bss.o)
                0x00004028                __do_clear_bss
 *(.init5)
 *(.init6)
 *(.init7)
 *(.init8)
 *(.init9)
 .init9         0x0000403e      0x2d8 obj_sky/contiki-sky-main.o
                0x0000403e                main
 *(.fini9)
 .fini9         0x00004316        0x0 /usr/lib/gcc/msp430/4.6.3/mmpy-16/libcrt0.a(__stop_progExec__.o)
                0x00004316                __stop_progExec__
 *(.fini8)
 *(.fini7)
 *(.fini6)
 *(.fini5)
 *(.fini4)
 *(.fini3)
 *(.fini2)
 *(.fini1)
 *(.fini0)
 .fini0         0x00004316        0x6 /usr/lib/gcc/msp430/4.6.3/mmpy-16/libcrt0.a(_endless_loop__.o)
                0x00004316                _endless_loop__
 *(.fini .fini.*)
                0x0000431c                . = ALIGN (0x2)
                0x0000431c                __ctors_start = .
 *(.ctors)
                0x0000431c                __ctors_end = .
                0x0000431c                __dtors_start = .
 *(.dtors)
                0x0000431c                __dtors_end = .
                0x0000431c                . = ALIGN (0x2)
 *(.text .text.* .gnu.linkonce.t.*)
 .text          0x0000431c        0x4 /usr/lib/gcc/msp430/4.6.3/mmpy-16/crt0ivtbl16.o
                0x0000431c                __isr_14
                0x0000431c                __isr_11
                0x0000431c                __isr_2
                0x0000431c                __isr_7
                0x0000431c                __isr_0
                0x0000431c                __isr_8
                0x0000431c                __isr_3
                0x0000431c                __isr_12
                0x0000431c                __isr_13
                0x0000431c                __isr_9
 .text.process_thread_webserver_nogui_process
                0x00004320       0x3c sky-websense.co
 .text.process_thread_web_sense_process
                0x0000435c       0xe2 sky-websense.co
 .text.generate_chart
                0x0000443e       0xb4 sky-websense.co
 .text.send_values
                0x000044f2      0x208 sky-websense.co
 .text.httpd_simple_get_script
                0x000046fa        0x6 sky-websense.co
                0x000046fa                httpd_simple_get_script
 .text.handle_input
                0x00004700       0xe8 obj_sky/httpd-simple.o
 .text.send_headers
                0x000047e8       0x6a obj_sky/httpd-simple.o
 .text.handle_output
                0x00004852       0xf4 obj_sky/httpd-simple.o
 .text.httpd_appcall
                0x00004946       0xd0 obj_sky/httpd-simple.o
                0x00004946                httpd_appcall
 .text.httpd_init
                0x00004a16       0x12 obj_sky/httpd-simple.o
                0x00004a16                httpd_init
 .text.start_network_layer
                0x00004a28       0xa2 obj_sky/contiki-sky-main.o
 .text.powertrace_print
                0x00004aca      0x122 contiki-sky.a(powertrace.o)
                0x00004aca                powertrace_print
 .text.process_thread_powertrace_process
                0x00004bec       0x5c contiki-sky.a(powertrace.o)
 .text.powertrace_start
                0x00004c48       0x18 contiki-sky.a(powertrace.o)
                0x00004c48                powertrace_start
 .text.init_platform
                0x00004c60        0xc contiki-sky.a(contiki-sky-pla)
                0x00004c60                init_platform
 .text.status   0x00004c6c       0x18 contiki-sky.a(sht11-sensor.o)
 .text.configure
                0x00004c84       0x40 contiki-sky.a(sht11-sensor.o)
 .text.value    0x00004cc4       0x2e contiki-sky.a(sht11-sensor.o)
 .text.value    0x00004cf2       0x1a contiki-sky.a(light-sensor.o)
 .text.status   0x00004d0c        0xc contiki-sky.a(light-sensor.o)
 .text.configure
                0x00004d18       0x10 contiki-sky.a(light-sensor.o)
 .text.status   0x00004d28       0x16 contiki-sky.a(button-sensor.o)
 .text.configure
                0x00004d3e       0x52 contiki-sky.a(button-sensor.o)
 .text.value    0x00004d90       0x22 contiki-sky.a(button-sensor.o)
 .text.irq_p2   0x00004db2       0x8a contiki-sky.a(button-sensor.o)
                0x00004db2                irq_p2
                0x00004db2                __isr_1
 .text.owreadb  0x00004e3c       0x52 contiki-sky.a(ds2411.o)
 .text.ds2411_init
                0x00004e8e      0x122 contiki-sky.a(ds2411.o)
                0x00004e8e                ds2411_init
 .text.wait_ready
                0x00004fb0       0x50 contiki-sky.a(xmem.o)
 .text.xmem_init
                0x00005000       0x3e contiki-sky.a(xmem.o)
                0x00005000                xmem_init
 .text.xmem_pread
                0x0000503e       0xea contiki-sky.a(xmem.o)
                0x0000503e                xmem_pread
 .text.node_id_restore
                0x00005128       0x38 contiki-sky.a(node-id.o)
                0x00005128                node_id_restore
 .text.process_thread_sensors_process
                0x00005160       0xbe contiki-sky.a(sensors.o)
 .text.sensors_changed
                0x0000521e       0x2a contiki-sky.a(sensors.o)
                0x0000521e                sensors_changed
 .text.get_object
                0x00005248        0x4 contiki-sky.a(cc2420.o)
 .text.set_object
                0x0000524c        0x4 contiki-sky.a(cc2420.o)
 .text.strobe   0x00005250       0x20 contiki-sky.a(cc2420.o)
 .text.getreg   0x00005270       0x54 contiki-sky.a(cc2420.o)
 .text.setreg   0x000052c4       0x52 contiki-sky.a(cc2420.o)
 .text.write_ram
                0x00005316       0x80 contiki-sky.a(cc2420.o)
 .text.write_fifo_buf
                0x00005396       0x40 contiki-sky.a(cc2420.o)
 .text.get_status
                0x000053d6       0x24 contiki-sky.a(cc2420.o)
 .text.set_txpower
                0x000053fa       0x26 contiki-sky.a(cc2420.o)
 .text.cc2420_receiving_packet
                0x00005420        0xe contiki-sky.a(cc2420.o)
 .text.pending_packet
                0x0000542e        0x8 contiki-sky.a(cc2420.o)
 .text.on       0x00005436       0x1e contiki-sky.a(cc2420.o)
 .text.wait_for_transmission
                0x00005454       0x22 contiki-sky.a(cc2420.o)
 .text.wait_for_status
                0x00005476       0x2a contiki-sky.a(cc2420.o)
 .text.getrxdata
                0x000054a0       0x56 contiki-sky.a(cc2420.o)
 .text.flushrx  0x000054f6       0x1a contiki-sky.a(cc2420.o)
 .text.off      0x00005510       0x5a contiki-sky.a(cc2420.o)
 .text.RELEASE_LOCK
                0x0000556a       0x28 contiki-sky.a(cc2420.o)
 .text.set_key  0x00005592       0x18 contiki-sky.a(cc2420.o)
 .text.cc2420_prepare
                0x000055aa       0x3c contiki-sky.a(cc2420.o)
 .text.cc2420_on
                0x000055e6       0x22 contiki-sky.a(cc2420.o)
                0x000055e6                cc2420_on
 .text.cc2420_off
                0x00005608       0x30 contiki-sky.a(cc2420.o)
                0x00005608                cc2420_off
 .text.cc2420_cca
                0x00005638       0x5e contiki-sky.a(cc2420.o)
 .text.cc2420_read
                0x00005696       0xb0 contiki-sky.a(cc2420.o)
 .text.process_thread_cc2420_process
                0x00005746       0x50 contiki-sky.a(cc2420.o)
 .text.encrypt  0x00005796       0x8e contiki-sky.a(cc2420.o)
 .text.cc2420_set_channel
                0x00005824       0x3c contiki-sky.a(cc2420.o)
                0x00005824                cc2420_set_channel
 .text.cc2420_set_pan_addr
                0x00005860       0x4c contiki-sky.a(cc2420.o)
                0x00005860                cc2420_set_pan_addr
 .text.cc2420_interrupt
                0x000058ac       0x18 contiki-sky.a(cc2420.o)
                0x000058ac                cc2420_interrupt
 .text.cc2420_set_txpower
                0x000058c4        0xe contiki-sky.a(cc2420.o)
                0x000058c4                cc2420_set_txpower
 .text.cc2420_get_txpower
                0x000058d2       0x1e contiki-sky.a(cc2420.o)
                0x000058d2                cc2420_get_txpower
 .text.cc2420_transmit
                0x000058f0      0x10e contiki-sky.a(cc2420.o)
 .text.cc2420_send
                0x000059fe       0x12 contiki-sky.a(cc2420.o)
 .text.cc2420_rssi
                0x00005a10       0x4c contiki-sky.a(cc2420.o)
                0x00005a10                cc2420_rssi
 .text.get_value
                0x00005a5c       0xac contiki-sky.a(cc2420.o)
 .text.cc2420_set_cca_threshold
                0x00005b08       0x16 contiki-sky.a(cc2420.o)
                0x00005b08                cc2420_set_cca_threshold
 .text.set_value
                0x00005b1e       0x8a contiki-sky.a(cc2420.o)
 .text.cc2420_init
                0x00005ba8       0xde contiki-sky.a(cc2420.o)
                0x00005ba8                cc2420_init
 .text.cc2420_port1_interrupt
                0x00005c86       0x62 contiki-sky.a(cc2420-arch.o)
                0x00005c86                __isr_4
                0x00005c86                cc2420_port1_interrupt
 .text.cc2420_arch_init
                0x00005ce8       0x1a contiki-sky.a(cc2420-arch.o)
                0x00005ce8                cc2420_arch_init
 .text.sky_sensors_status
                0x00005d02       0x42 contiki-sky.a(sky-sensors.o)
                0x00005d02                sky_sensors_status
 .text.sky_sensors_configure
                0x00005d44       0xfc contiki-sky.a(sky-sensors.o)
                0x00005d44                sky_sensors_configure
 .text.uart1_active
                0x00005e40       0x1a contiki-sky.a(uart1.o)
                0x00005e40                uart1_active
 .text.uart1_writeb
                0x00005e5a       0x1a contiki-sky.a(uart1.o)
                0x00005e5a                uart1_writeb
 .text.uart1_init
                0x00005e74       0xf6 contiki-sky.a(uart1.o)
                0x00005e74                uart1_init
 .text.putchar  0x00005f6a       0x10 contiki-sky.a(uart1-putchar.o)
                0x00005f6a                putchar
 .text.msp430_init_dco
                0x00005f7a       0x84 contiki-sky.a(msp430.o)
                0x00005f7a                msp430_init_dco
 .text.msp430_add_lpm_req
                0x00005ffe        0xc contiki-sky.a(msp430.o)
                0x00005ffe                msp430_add_lpm_req
 .text.msp430_cpu_init
                0x0000600a       0x2a contiki-sky.a(msp430.o)
                0x0000600a                msp430_cpu_init
 .text.splhigh_
                0x00006034        0x8 contiki-sky.a(msp430.o)
                0x00006034                splhigh_
 .text.msp430_sync_dco
                0x0000603c       0x68 contiki-sky.a(msp430.o)
                0x0000603c                msp430_sync_dco
 .text.timera1  0x000060a4      0x11e contiki-sky.a(clock.o)
                0x000060a4                __isr_5
                0x000060a4                timera1
 .text.clock_time
                0x000061c2       0x1a contiki-sky.a(clock.o)
                0x000061c2                clock_time
 .text.clock_init
                0x000061dc       0x28 contiki-sky.a(clock.o)
                0x000061dc                clock_init
 .text.clock_delay
                0x00006204        0xc contiki-sky.a(clock.o)
                0x00006204                clock_delay
 .text.clock_wait
                0x00006210       0x34 contiki-sky.a(clock.o)
                0x00006210                clock_wait
 .text.clock_seconds
                0x00006244       0x1a contiki-sky.a(clock.o)
                0x00006244                clock_seconds
 .text.show_leds
                0x0000625e       0xf6 contiki-sky.a(leds.o)
 .text.leds_init
                0x00006354        0xa contiki-sky.a(leds.o)
                0x00006354                leds_init
 .text.leds_on  0x0000635e        0xa contiki-sky.a(leds.o)
                0x0000635e                leds_on
 .text.leds_off
                0x00006368        0xe contiki-sky.a(leds.o)
                0x00006368                leds_off
 .text.leds_arch_init
                0x00006376        0xe contiki-sky.a(leds-arch.o)
                0x00006376                leds_arch_init
 .text.leds_arch_set
                0x00006384       0x3a contiki-sky.a(leds-arch.o)
                0x00006384                leds_arch_set
 .text.watchdog_interrupt
                0x000063be        0x6 contiki-sky.a(watchdog.o)
                0x000063be                __isr_10
                0x000063be                watchdog_interrupt
 .text.watchdog_start
                0x000063c4       0x14 contiki-sky.a(watchdog.o)
                0x000063c4                watchdog_start
 .text.watchdog_periodic
                0x000063d8       0x12 contiki-sky.a(watchdog.o)
                0x000063d8                watchdog_periodic
 .text.watchdog_stop
                0x000063ea       0x16 contiki-sky.a(watchdog.o)
                0x000063ea                watchdog_stop
 .text.watchdog_init
                0x00006400       0x14 contiki-sky.a(watchdog.o)
                0x00006400                watchdog_init
 .text.rtimer_arch_init
                0x00006414        0xe contiki-sky.a(rtimer-arch.o)
                0x00006414                rtimer_arch_init
 .text.rtimer_arch_now
                0x00006422        0xe contiki-sky.a(rtimer-arch.o)
                0x00006422                rtimer_arch_now
 .text.timera0  0x00006430       0x70 contiki-sky.a(rtimer-arch.o)
                0x00006430                __isr_6
                0x00006430                timera0
 .text.rtimer_arch_schedule
                0x000064a0        0x6 contiki-sky.a(rtimer-arch.o)
                0x000064a0                rtimer_arch_schedule
 .text.autostart_start
                0x000064a6       0x16 contiki-sky.a(autostart.o)
                0x000064a6                autostart_start
 .text.process_thread_ctimer_process
                0x000064bc       0xa4 contiki-sky.a(ctimer.o)
 .text.ctimer_init
                0x00006560       0x18 contiki-sky.a(ctimer.o)
                0x00006560                ctimer_init
 .text.ctimer_set
                0x00006578       0x50 contiki-sky.a(ctimer.o)
                0x00006578                ctimer_set
 .text.ctimer_reset
                0x000065c8       0x30 contiki-sky.a(ctimer.o)
                0x000065c8                ctimer_reset
 .text.ctimer_stop
                0x000065f8       0x28 contiki-sky.a(ctimer.o)
                0x000065f8                ctimer_stop
 .text.energest_init
                0x00006620       0x28 contiki-sky.a(energest.o)
                0x00006620                energest_init
 .text.energest_type_time
                0x00006648       0x46 contiki-sky.a(energest.o)
                0x00006648                energest_type_time
 .text.energest_type_set
                0x0000668e        0xe contiki-sky.a(energest.o)
                0x0000668e                energest_type_set
 .text.energest_flush
                0x0000669c       0x48 contiki-sky.a(energest.o)
                0x0000669c                energest_flush
 .text.update_time
                0x000066e4       0x78 contiki-sky.a(etimer.o)
 .text.etimer_request_poll
                0x0000675c        0xa contiki-sky.a(etimer.o)
                0x0000675c                etimer_request_poll
 .text.process_thread_etimer_process
                0x00006766       0xc8 contiki-sky.a(etimer.o)
 .text.add_timer
                0x0000682e       0x40 contiki-sky.a(etimer.o)
 .text.etimer_set
                0x0000686e       0x12 contiki-sky.a(etimer.o)
                0x0000686e                etimer_set
 .text.etimer_reset
                0x00006880       0x12 contiki-sky.a(etimer.o)
                0x00006880                etimer_reset
 .text.etimer_restart
                0x00006892       0x12 contiki-sky.a(etimer.o)
                0x00006892                etimer_restart
 .text.etimer_expired
                0x000068a4        0xe contiki-sky.a(etimer.o)
                0x000068a4                etimer_expired
 .text.etimer_expiration_time
                0x000068b2       0x14 contiki-sky.a(etimer.o)
                0x000068b2                etimer_expiration_time
 .text.etimer_pending
                0x000068c6        0xc contiki-sky.a(etimer.o)
                0x000068c6                etimer_pending
 .text.etimer_next_expiration_time
                0x000068d2       0x16 contiki-sky.a(etimer.o)
                0x000068d2                etimer_next_expiration_time
 .text.etimer_stop
                0x000068e8       0x3c contiki-sky.a(etimer.o)
                0x000068e8                etimer_stop
 .text.call_process
                0x00006924       0x4a contiki-sky.a(process.o)
 .text.exit_process
                0x0000696e       0x96 contiki-sky.a(process.o)
 .text.do_poll  0x00006a04       0x30 contiki-sky.a(process.o)
 .text.process_alloc_event
                0x00006a34        0xe contiki-sky.a(process.o)
                0x00006a34                process_alloc_event
 .text.process_init
                0x00006a42       0x1c contiki-sky.a(process.o)
                0x00006a42                process_init
 .text.process_run
                0x00006a5e       0xa2 contiki-sky.a(process.o)
                0x00006a5e                process_run
 .text.process_nevents
                0x00006b00        0xe contiki-sky.a(process.o)
                0x00006b00                process_nevents
 .text.process_post
                0x00006b0e       0x54 contiki-sky.a(process.o)
                0x00006b0e                process_post
 .text.process_post_synch
                0x00006b62       0x12 contiki-sky.a(process.o)
                0x00006b62                process_post_synch
 .text.process_start
                0x00006b74       0x32 contiki-sky.a(process.o)
                0x00006b74                process_start
 .text.process_poll
                0x00006ba6       0x18 contiki-sky.a(process.o)
                0x00006ba6                process_poll
 .text.rtimer_init
                0x00006bbe        0x6 contiki-sky.a(rtimer.o)
                0x00006bbe                rtimer_init
 .text.rtimer_set
                0x00006bc4       0x24 contiki-sky.a(rtimer.o)
                0x00006bc4                rtimer_set
 .text.rtimer_run_next
                0x00006be8       0x26 contiki-sky.a(rtimer.o)
                0x00006be8                rtimer_run_next
 .text.timer_set
                0x00006c0e       0x1c contiki-sky.a(timer.o)
                0x00006c0e                timer_set
 .text.timer_reset
                0x00006c2a        0xe contiki-sky.a(timer.o)
                0x00006c2a                timer_reset
 .text.timer_restart
                0x00006c38       0x14 contiki-sky.a(timer.o)
                0x00006c38                timer_restart
 .text.timer_expired
                0x00006c4c       0x2a contiki-sky.a(timer.o)
                0x00006c4c                timer_expired
 .text.list_init
                0x00006c76        0x6 contiki-sky.a(list.o)
                0x00006c76                list_init
 .text.list_head
                0x00006c7c        0x4 contiki-sky.a(list.o)
                0x00006c7c                list_head
 .text.list_tail
                0x00006c80       0x12 contiki-sky.a(list.o)
                0x00006c80                list_tail
 .text.list_remove
                0x00006c92       0x34 contiki-sky.a(list.o)
                0x00006c92                list_remove
 .text.list_push
                0x00006cc6       0x1a contiki-sky.a(list.o)
                0x00006cc6                list_push
 .text.list_add
                0x00006ce0       0x2a contiki-sky.a(list.o)
                0x00006ce0                list_add
 .text.list_length
                0x00006d0a       0x10 contiki-sky.a(list.o)
                0x00006d0a                list_length
 .text.list_item_next
                0x00006d1a        0xc contiki-sky.a(list.o)
                0x00006d1a                list_item_next
 .text.memb_init
                0x00006d26       0x36 contiki-sky.a(memb.o)
                0x00006d26                memb_init
 .text.memb_alloc
                0x00006d5c       0x3e contiki-sky.a(memb.o)
                0x00006d5c                memb_alloc
 .text.memb_free
                0x00006d9a       0x3a contiki-sky.a(memb.o)
                0x00006d9a                memb_free
 .text.memb_inmemb
                0x00006dd4       0x2e contiki-sky.a(memb.o)
                0x00006dd4                memb_inmemb
 .text.memb_numfree
                0x00006e02       0x26 contiki-sky.a(memb.o)
                0x00006e02                memb_numfree
 .text.random_init
                0x00006e28        0x6 contiki-sky.a(random.o)
                0x00006e28                random_init
 .text.random_rand
                0x00006e2e        0x6 contiki-sky.a(random.o)
                0x00006e2e                random_rand
 .text.set_packet_attrs
                0x00006e34       0x44 contiki-sky.a(sicslowpan.o)
 .text.addr_context_lookup_by_number
                0x00006e78       0x36 contiki-sky.a(sicslowpan.o)
 .text.compress_addr_64
                0x00006eae       0xae contiki-sky.a(sicslowpan.o)
 .text.uncompress_addr
                0x00006f5c       0xb4 contiki-sky.a(sicslowpan.o)
 .text.input    0x00007010      0x65c contiki-sky.a(sicslowpan.o)
 .text.sicslowpan_init
                0x0000766c       0x26 contiki-sky.a(sicslowpan.o)
                0x0000766c                sicslowpan_init
 .text.addr_context_lookup_by_prefix
                0x00007692       0x4c contiki-sky.a(sicslowpan.o)
 .text.send_packet
                0x000076de       0x1a contiki-sky.a(sicslowpan.o)
 .text.output   0x000076f8      0x6da contiki-sky.a(sicslowpan.o)
 .text.packet_sent
                0x00007dd2       0x22 contiki-sky.a(sicslowpan.o)
 .text.chksum   0x00007df4       0x32 contiki-sky.a(uip6.o)
 .text.upper_layer_chksum
                0x00007e26       0x56 contiki-sky.a(uip6.o)
 .text.ext_hdr_options_process
                0x00007e7c       0xda contiki-sky.a(uip6.o)
 .text.uip_add32
                0x00007f56       0x68 contiki-sky.a(uip6.o)
                0x00007f56                uip_add32
 .text.unlikely.uip_add_rcv_nxt
                0x00007fbe       0x2e contiki-sky.a(uip6.o)
 .text.uip_icmp6chksum
                0x00007fec        0xa contiki-sky.a(uip6.o)
                0x00007fec                uip_icmp6chksum
 .text.uip_tcpchksum
                0x00007ff6        0xa contiki-sky.a(uip6.o)
                0x00007ff6                uip_tcpchksum
 .text.uip_udpchksum
                0x00008000        0xa contiki-sky.a(uip6.o)
                0x00008000                uip_udpchksum
 .text.uip_init
                0x0000800a       0x7a contiki-sky.a(uip6.o)
                0x0000800a                uip_init
 .text.remove_ext_hdr
                0x00008084       0x5a contiki-sky.a(uip6.o)
                0x00008084                remove_ext_hdr
 .text.uip_unlisten
                0x000080de       0x2a contiki-sky.a(uip6.o)
                0x000080de                uip_unlisten
 .text.uip_listen
                0x00008108       0x2c contiki-sky.a(uip6.o)
                0x00008108                uip_listen
 .text.uip_process
                0x00008134      0xe9e contiki-sky.a(uip6.o)
                0x00008134                uip_process
 .text.uip_htonl
                0x00008fd2       0x2e contiki-sky.a(uip6.o)
                0x00008fd2                uip_htonl
 .text.uip_send
                0x00009000       0x74 contiki-sky.a(uip6.o)
                0x00009000                uip_send
 .text.uip_ds6_list_loop
                0x00009074       0x86 contiki-sky.a(uip-ds6.o)
                0x00009074                uip_ds6_list_loop
 .text.uip_ds6_prefix_add
                0x000090fa       0x80 contiki-sky.a(uip-ds6.o)
                0x000090fa                uip_ds6_prefix_add
 .text.uip_ds6_is_addr_onlink
                0x0000917a       0x54 contiki-sky.a(uip-ds6.o)
                0x0000917a                uip_ds6_is_addr_onlink
 .text.uip_ds6_addr_lookup
                0x000091ce       0x2a contiki-sky.a(uip-ds6.o)
                0x000091ce                uip_ds6_addr_lookup
 .text.uip_ds6_get_link_local
                0x000091f8       0x3e contiki-sky.a(uip-ds6.o)
                0x000091f8                uip_ds6_get_link_local
 .text.uip_ds6_maddr_add
                0x00009236       0x4c contiki-sky.a(uip-ds6.o)
                0x00009236                uip_ds6_maddr_add
 .text.uip_ds6_addr_add
                0x00009282       0xc4 contiki-sky.a(uip-ds6.o)
                0x00009282                uip_ds6_addr_add
 .text.uip_ds6_maddr_lookup
                0x00009346       0x2a contiki-sky.a(uip-ds6.o)
                0x00009346                uip_ds6_maddr_lookup
 .text.uip_ds6_addr_rm
                0x00009370       0x54 contiki-sky.a(uip-ds6.o)
                0x00009370                uip_ds6_addr_rm
 .text.uip_ds6_periodic
                0x000093c4       0x4a contiki-sky.a(uip-ds6.o)
                0x000093c4                uip_ds6_periodic
 .text.uip_ds6_set_addr_iid
                0x0000940e       0x14 contiki-sky.a(uip-ds6.o)
                0x0000940e                uip_ds6_set_addr_iid
 .text.get_match_length
                0x00009422       0x3e contiki-sky.a(uip-ds6.o)
                0x00009422                get_match_length
 .text.uip_ds6_select_src
                0x00009460       0xaa contiki-sky.a(uip-ds6.o)
                0x00009460                uip_ds6_select_src
 .text.uip_ds6_compute_reachable_time
                0x0000950a       0x3e contiki-sky.a(uip-ds6.o)
                0x0000950a                uip_ds6_compute_reachable_time
 .text.uip_ds6_init
                0x00009548      0x154 contiki-sky.a(uip-ds6.o)
                0x00009548                uip_ds6_init
 .text.uip_ds6_nbr_rm
                0x0000969c       0x1a contiki-sky.a(uip-ds6-nbr.o)
                0x0000969c                uip_ds6_nbr_rm
 .text.uip_ds6_neighbors_init
                0x000096b6        0xe contiki-sky.a(uip-ds6-nbr.o)
                0x000096b6                uip_ds6_neighbors_init
 .text.uip_ds6_nbr_add
                0x000096c4       0x60 contiki-sky.a(uip-ds6-nbr.o)
                0x000096c4                uip_ds6_nbr_add
 .text.uip_ds6_nbr_get_ll
                0x00009724        0xc contiki-sky.a(uip-ds6-nbr.o)
                0x00009724                uip_ds6_nbr_get_ll
 .text.uip_ds6_nbr_lookup
                0x00009730       0x42 contiki-sky.a(uip-ds6-nbr.o)
                0x00009730                uip_ds6_nbr_lookup
 .text.uip_ds6_nbr_ll_lookup
                0x00009772        0xc contiki-sky.a(uip-ds6-nbr.o)
                0x00009772                uip_ds6_nbr_ll_lookup
 .text.uip_ds6_nbr_ipaddr_from_lladdr
                0x0000977e        0x6 contiki-sky.a(uip-ds6-nbr.o)
                0x0000977e                uip_ds6_nbr_ipaddr_from_lladdr
 .text.uip_ds6_nbr_lladdr_from_ipaddr
                0x00009784       0x12 contiki-sky.a(uip-ds6-nbr.o)
                0x00009784                uip_ds6_nbr_lladdr_from_ipaddr
 .text.uip_ds6_link_neighbor_callback
                0x00009796       0x2a contiki-sky.a(uip-ds6-nbr.o)
                0x00009796                uip_ds6_link_neighbor_callback
 .text.uip_ds6_neighbor_periodic
                0x000097c0       0x60 contiki-sky.a(uip-ds6-nbr.o)
                0x000097c0                uip_ds6_neighbor_periodic
 .text.call_route_callback
                0x00009820       0x4c contiki-sky.a(uip-ds6-route.o)
 .text.uip_ds6_route_init
                0x0000986c       0x36 contiki-sky.a(uip-ds6-route.o)
                0x0000986c                uip_ds6_route_init
 .text.uip_ds6_route_nexthop
                0x000098a2       0x1a contiki-sky.a(uip-ds6-route.o)
                0x000098a2                uip_ds6_route_nexthop
 .text.uip_ds6_route_head
                0x000098bc        0xa contiki-sky.a(uip-ds6-route.o)
                0x000098bc                uip_ds6_route_head
 .text.uip_ds6_route_next
                0x000098c6        0xe contiki-sky.a(uip-ds6-route.o)
                0x000098c6                uip_ds6_route_next
 .text.uip_ds6_route_lookup
                0x000098d4       0x8c contiki-sky.a(uip-ds6-route.o)
                0x000098d4                uip_ds6_route_lookup
 .text.uip_ds6_route_rm
                0x00009960       0xa4 contiki-sky.a(uip-ds6-route.o)
                0x00009960                uip_ds6_route_rm
 .text.rm_routelist
                0x00009a04       0x34 contiki-sky.a(uip-ds6-route.o)
 .text.rm_routelist_callback
                0x00009a38        0x6 contiki-sky.a(uip-ds6-route.o)
 .text.uip_ds6_route_add
                0x00009a3e      0x10c contiki-sky.a(uip-ds6-route.o)
                0x00009a3e                uip_ds6_route_add
 .text.uip_ds6_defrt_rm
                0x00009b4a       0x48 contiki-sky.a(uip-ds6-route.o)
                0x00009b4a                uip_ds6_defrt_rm
 .text.uip_ds6_defrt_lookup
                0x00009b92       0x36 contiki-sky.a(uip-ds6-route.o)
                0x00009b92                uip_ds6_defrt_lookup
 .text.uip_ds6_defrt_add
                0x00009bc8       0x74 contiki-sky.a(uip-ds6-route.o)
                0x00009bc8                uip_ds6_defrt_add
 .text.uip_ds6_defrt_choose
                0x00009c3c       0x3a contiki-sky.a(uip-ds6-route.o)
                0x00009c3c                uip_ds6_defrt_choose
 .text.uip_ds6_defrt_periodic
                0x00009c76       0x38 contiki-sky.a(uip-ds6-route.o)
                0x00009c76                uip_ds6_defrt_periodic
 .text.echo_reply_input
                0x00009cae      0x112 contiki-sky.a(uip-icmp6.o)
 .text.echo_request_input
                0x00009dc0      0x12c contiki-sky.a(uip-icmp6.o)
 .text.uip_icmp6_input
                0x00009eec       0x44 contiki-sky.a(uip-icmp6.o)
                0x00009eec                uip_icmp6_input
 .text.uip_icmp6_register_input_handler
                0x00009f30        0xc contiki-sky.a(uip-icmp6.o)
                0x00009f30                uip_icmp6_register_input_handler
 .text.uip_icmp6_error_output
                0x00009f3c      0x17a contiki-sky.a(uip-icmp6.o)
                0x00009f3c                uip_icmp6_error_output
 .text.uip_icmp6_send
                0x0000a0b6       0x96 contiki-sky.a(uip-icmp6.o)
                0x0000a0b6                uip_icmp6_send
 .text.uip_icmp6_init
                0x0000a14c       0x12 contiki-sky.a(uip-icmp6.o)
                0x0000a14c                uip_icmp6_init
 .text.uip_nd6_init
                0x0000a15e        0x2 contiki-sky.a(uip-nd6.o)
                0x0000a15e                uip_nd6_init
 .text.psock_send
                0x0000a160       0xaa contiki-sky.a(psock.o)
                0x0000a160                psock_send
 .text.psock_datalen
                0x0000a20a        0xc contiki-sky.a(psock.o)
                0x0000a20a                psock_datalen
 .text.psock_newdata
                0x0000a216       0x26 contiki-sky.a(psock.o)
                0x0000a216                psock_newdata
 .text.psock_readto
                0x0000a23c       0xa6 contiki-sky.a(psock.o)
                0x0000a23c                psock_readto
 .text.psock_init
                0x0000a2e2       0x22 contiki-sky.a(psock.o)
                0x0000a2e2                psock_init
 .text.start_periodic_tcp_timer
                0x0000a304       0x16 contiki-sky.a(tcpip.o)
 .text.tcpip_output
                0x0000a31a       0x10 contiki-sky.a(tcpip.o)
                0x0000a31a                tcpip_output
 .text.tcpip_set_outputfunc
                0x0000a32a        0x6 contiki-sky.a(tcpip.o)
                0x0000a32a                tcpip_set_outputfunc
 .text.tcp_listen
                0x0000a330       0x34 contiki-sky.a(tcpip.o)
                0x0000a330                tcp_listen
 .text.tcp_attach
                0x0000a364        0xc contiki-sky.a(tcpip.o)
                0x0000a364                tcp_attach
 .text.tcpip_input
                0x0000a370       0x16 contiki-sky.a(tcpip.o)
                0x0000a370                tcpip_input
 .text.tcpip_ipv6_output
                0x0000a386       0xce contiki-sky.a(tcpip.o)
                0x0000a386                tcpip_ipv6_output
 .text.process_thread_tcpip_process
                0x0000a454      0x1d0 contiki-sky.a(tcpip.o)
 .text.tcpip_uipcall
                0x0000a624       0x72 contiki-sky.a(tcpip.o)
                0x0000a624                tcpip_uipcall
 .text.uip_debug_ipaddr_print
                0x0000a696       0x7c contiki-sky.a(uip-debug.o)
                0x0000a696                uip_debug_ipaddr_print
 .text.rpl_get_mode
                0x0000a712        0x6 contiki-sky.a(rpl.o)
                0x0000a712                rpl_get_mode
 .text.rpl_purge_routes
                0x0000a718       0x96 contiki-sky.a(rpl.o)
                0x0000a718                rpl_purge_routes
 .text.rpl_remove_routes
                0x0000a7ae       0x22 contiki-sky.a(rpl.o)
                0x0000a7ae                rpl_remove_routes
 .text.rpl_remove_routes_by_nexthop
                0x0000a7d0       0x46 contiki-sky.a(rpl.o)
                0x0000a7d0                rpl_remove_routes_by_nexthop
 .text.rpl_add_route
                0x0000a816       0x44 contiki-sky.a(rpl.o)
                0x0000a816                rpl_add_route
 .text.rpl_link_neighbor_callback
                0x0000a85a       0x7c contiki-sky.a(rpl.o)
                0x0000a85a                rpl_link_neighbor_callback
 .text.rpl_ipv6_neighbor_callback
                0x0000a8d6       0x1e contiki-sky.a(rpl.o)
                0x0000a8d6                rpl_ipv6_neighbor_callback
 .text.rpl_init
                0x0000a8f4       0x4a contiki-sky.a(rpl.o)
                0x0000a8f4                rpl_init
 .text.lollipop_greater_than
                0x0000a93e       0x44 contiki-sky.a(rpl-dag.o)
 .text.acceptable_rank
                0x0000a982       0x50 contiki-sky.a(rpl-dag.o)
 .text.find_parent_any_dag_any_instance
                0x0000a9d2       0x14 contiki-sky.a(rpl-dag.o)
 .text.rpl_set_preferred_parent
                0x0000a9e6       0x30 contiki-sky.a(rpl-dag.o)
 .text.set_ip_from_prefix
                0x0000aa16       0x38 contiki-sky.a(rpl-dag.o)
 .text.check_prefix
                0x0000aa4e       0x80 contiki-sky.a(rpl-dag.o)
 .text.rpl_get_nbr
                0x0000aace       0x1e contiki-sky.a(rpl-dag.o)
                0x0000aace                rpl_get_nbr
 .text.rpl_dag_init
                0x0000aaec        0xe contiki-sky.a(rpl-dag.o)
                0x0000aaec                rpl_dag_init
 .text.rpl_get_parent
                0x0000aafa        0xc contiki-sky.a(rpl-dag.o)
                0x0000aafa                rpl_get_parent
 .text.rpl_get_parent_ipaddr
                0x0000ab06       0x10 contiki-sky.a(rpl-dag.o)
                0x0000ab06                rpl_get_parent_ipaddr
 .text.rpl_set_prefix
                0x0000ab16       0x8e contiki-sky.a(rpl-dag.o)
                0x0000ab16                rpl_set_prefix
 .text.rpl_set_default_route
                0x0000aba4       0x5a contiki-sky.a(rpl-dag.o)
                0x0000aba4                rpl_set_default_route
 .text.rpl_alloc_instance
                0x0000abfe       0x34 contiki-sky.a(rpl-dag.o)
                0x0000abfe                rpl_alloc_instance
 .text.rpl_add_parent
                0x0000ac32       0x56 contiki-sky.a(rpl-dag.o)
                0x0000ac32                rpl_add_parent
 .text.rpl_find_parent
                0x0000ac88       0x1a contiki-sky.a(rpl-dag.o)
                0x0000ac88                rpl_find_parent
 .text.rpl_find_parent_any_dag
                0x0000aca2       0x22 contiki-sky.a(rpl-dag.o)
                0x0000aca2                rpl_find_parent_any_dag
 .text.rpl_select_parent
                0x0000acc4       0x7e contiki-sky.a(rpl-dag.o)
                0x0000acc4                rpl_select_parent
 .text.rpl_select_dag
                0x0000ad42      0x182 contiki-sky.a(rpl-dag.o)
                0x0000ad42                rpl_select_dag
 .text.rpl_nullify_parent
                0x0000aec4       0x54 contiki-sky.a(rpl-dag.o)
                0x0000aec4                rpl_nullify_parent
 .text.rpl_remove_parent
                0x0000af18       0x16 contiki-sky.a(rpl-dag.o)
                0x0000af18                rpl_remove_parent
 .text.nbr_callback
                0x0000af2e        0x6 contiki-sky.a(rpl-dag.o)
 .text.remove_parents.constprop.2
                0x0000af34       0x32 contiki-sky.a(rpl-dag.o)
 .text.rpl_move_parent
                0x0000af66       0x5a contiki-sky.a(rpl-dag.o)
                0x0000af66                rpl_move_parent
 .text.rpl_get_any_dag
                0x0000afc0       0x18 contiki-sky.a(rpl-dag.o)
                0x0000afc0                rpl_get_any_dag
 .text.rpl_get_instance
                0x0000afd8       0x1a contiki-sky.a(rpl-dag.o)
                0x0000afd8                rpl_get_instance
 .text.rpl_alloc_dag
                0x0000aff2       0x60 contiki-sky.a(rpl-dag.o)
                0x0000aff2                rpl_alloc_dag
 .text.rpl_repair_root
                0x0000b052       0x50 contiki-sky.a(rpl-dag.o)
                0x0000b052                rpl_repair_root
 .text.rpl_find_of
                0x0000b0a2       0x10 contiki-sky.a(rpl-dag.o)
                0x0000b0a2                rpl_find_of
 .text.rpl_join_instance
                0x0000b0b2      0x13c contiki-sky.a(rpl-dag.o)
                0x0000b0b2                rpl_join_instance
 .text.rpl_local_repair
                0x0000b1ee       0x7c contiki-sky.a(rpl-dag.o)
                0x0000b1ee                rpl_local_repair
 .text.rpl_process_parent_event
                0x0000b26a       0x4e contiki-sky.a(rpl-dag.o)
                0x0000b26a                rpl_process_parent_event
 .text.rpl_recalculate_ranks
                0x0000b2b8       0x48 contiki-sky.a(rpl-dag.o)
                0x0000b2b8                rpl_recalculate_ranks
 .text.rpl_add_dag
                0x0000b300      0x112 contiki-sky.a(rpl-dag.o)
                0x0000b300                rpl_add_dag
 .text.rpl_process_dio
                0x0000b412      0x2e2 contiki-sky.a(rpl-dag.o)
                0x0000b412                rpl_process_dio
 .text.rpl_lock_parent
                0x0000b6f4        0xc contiki-sky.a(rpl-dag.o)
                0x0000b6f4                rpl_lock_parent
 .text.rpl_verify_header
                0x0000b700       0xba contiki-sky.a(rpl-ext-header.)
                0x0000b700                rpl_verify_header
 .text.rpl_update_header_empty
                0x0000b7ba      0x126 contiki-sky.a(rpl-ext-header.)
                0x0000b7ba                rpl_update_header_empty
 .text.rpl_update_header_final
                0x0000b8e0       0x94 contiki-sky.a(rpl-ext-header.)
                0x0000b8e0                rpl_update_header_final
 .text.rpl_invert_header
                0x0000b974       0x7a contiki-sky.a(rpl-ext-header.)
                0x0000b974                rpl_invert_header
 .text.rpl_insert_header
                0x0000b9ee       0x12 contiki-sky.a(rpl-ext-header.)
                0x0000b9ee                rpl_insert_header
 .text.get32    0x0000ba00       0x46 contiki-sky.a(rpl-icmp6.o)
 .text.set32    0x0000ba46       0x2a contiki-sky.a(rpl-icmp6.o)
 .text.get16    0x0000ba70        0xe contiki-sky.a(rpl-icmp6.o)
 .text.set16    0x0000ba7e       0x10 contiki-sky.a(rpl-icmp6.o)
 .text.dao_ack_input
                0x0000ba8e        0x6 contiki-sky.a(rpl-icmp6.o)
 .text.dio_input
                0x0000ba94      0x2d2 contiki-sky.a(rpl-icmp6.o)
 .text.dis_output
                0x0000bd66       0x50 contiki-sky.a(rpl-icmp6.o)
                0x0000bd66                dis_output
 .text.dio_output
                0x0000bdb6      0x268 contiki-sky.a(rpl-icmp6.o)
                0x0000bdb6                dio_output
 .text.dis_input
                0x0000c01e       0x28 contiki-sky.a(rpl-icmp6.o)
 .text.dao_output_target
                0x0000c046       0xea contiki-sky.a(rpl-icmp6.o)
                0x0000c046                dao_output_target
 .text.dao_output
                0x0000c130       0x80 contiki-sky.a(rpl-icmp6.o)
                0x0000c130                dao_output
 .text.dao_ack_output
                0x0000c1b0       0x32 contiki-sky.a(rpl-icmp6.o)
                0x0000c1b0                dao_ack_output
 .text.dao_input
                0x0000c1e2      0x2a8 contiki-sky.a(rpl-icmp6.o)
 .text.rpl_icmp6_register_handlers
                0x0000c48a       0x22 contiki-sky.a(rpl-icmp6.o)
                0x0000c48a                rpl_icmp6_register_handlers
 .text.reset    0x0000c4ac        0x2 contiki-sky.a(rpl-mrhof.o)
 .text.update_metric_container
                0x0000c4ae        0x6 contiki-sky.a(rpl-mrhof.o)
 .text.calculate_rank
                0x0000c4b4       0x3e contiki-sky.a(rpl-mrhof.o)
 .text.best_parent
                0x0000c4f2       0x74 contiki-sky.a(rpl-mrhof.o)
 .text.neighbor_link_callback
                0x0000c566       0xa2 contiki-sky.a(rpl-mrhof.o)
 .text.best_dag
                0x0000c608       0x34 contiki-sky.a(rpl-mrhof.o)
 .text.new_dio_interval
                0x0000c63c       0x92 contiki-sky.a(rpl-timers.o)
 .text.handle_periodic_timer
                0x0000c6ce       0x2e contiki-sky.a(rpl-timers.o)
 .text.set_dao_lifetime_timer
                0x0000c6fc       0x52 contiki-sky.a(rpl-timers.o)
 .text.schedule_dao
                0x0000c74e       0x82 contiki-sky.a(rpl-timers.o)
 .text.handle_dio_timer
                0x0000c7d0       0x88 contiki-sky.a(rpl-timers.o)
 .text.handle_dao_timer
                0x0000c858       0x64 contiki-sky.a(rpl-timers.o)
 .text.rpl_reset_periodic_timer
                0x0000c8bc       0x60 contiki-sky.a(rpl-timers.o)
                0x0000c8bc                rpl_reset_periodic_timer
 .text.rpl_reset_dio_timer
                0x0000c91c       0x18 contiki-sky.a(rpl-timers.o)
                0x0000c91c                rpl_reset_dio_timer
 .text.rpl_schedule_dao
                0x0000c934        0xc contiki-sky.a(rpl-timers.o)
                0x0000c934                rpl_schedule_dao
 .text.rpl_schedule_probing
                0x0000c940       0x3c contiki-sky.a(rpl-timers.o)
                0x0000c940                rpl_schedule_probing
 .text.handle_probing_timer
                0x0000c97c      0x124 contiki-sky.a(rpl-timers.o)
 .text.parse    0x0000caa0       0xa0 contiki-sky.a(framer-802154.o)
 .text.create_frame.isra.0
                0x0000cb40      0x108 contiki-sky.a(framer-802154.o)
 .text.create   0x0000cc48        0x8 contiki-sky.a(framer-802154.o)
 .text.hdr_length
                0x0000cc50        0x8 contiki-sky.a(framer-802154.o)
 .text.framer_canonical_create_and_secure
                0x0000cc58       0x20 contiki-sky.a(framer.o)
                0x0000cc58                framer_canonical_create_and_secure
 .text.send_packet
                0x0000cc78        0x6 contiki-sky.a(nullmac.o)
 .text.packet_input
                0x0000cc7e        0x6 contiki-sky.a(nullmac.o)
 .text.on       0x0000cc84        0x6 contiki-sky.a(nullmac.o)
 .text.off      0x0000cc8a        0x6 contiki-sky.a(nullmac.o)
 .text.channel_check_interval
                0x0000cc90        0x4 contiki-sky.a(nullmac.o)
 .text.init     0x0000cc94        0x2 contiki-sky.a(nullmac.o)
 .text.linkaddr_copy
                0x0000cc96        0x8 contiki-sky.a(linkaddr.o)
                0x0000cc96                linkaddr_copy
 .text.linkaddr_cmp
                0x0000cc9e       0x12 contiki-sky.a(linkaddr.o)
                0x0000cc9e                linkaddr_cmp
 .text.linkaddr_set_node_addr
                0x0000ccb0        0xc contiki-sky.a(linkaddr.o)
                0x0000ccb0                linkaddr_set_node_addr
 .text.index_from_key
                0x0000ccbc       0x48 contiki-sky.a(nbr-table.o)
 .text.item_from_key
                0x0000cd04       0x34 contiki-sky.a(nbr-table.o)
 .text.nbr_set_bit
                0x0000cd38       0x8e contiki-sky.a(nbr-table.o)
 .text.index_from_lladdr
                0x0000cdc6       0x42 contiki-sky.a(nbr-table.o)
 .text.nbr_get_bit.constprop.0
                0x0000ce08       0x62 contiki-sky.a(nbr-table.o)
 .text.nbr_table_register
                0x0000ce6a       0x28 contiki-sky.a(nbr-table.o)
                0x0000ce6a                nbr_table_register
 .text.nbr_table_next
                0x0000ce92       0x90 contiki-sky.a(nbr-table.o)
                0x0000ce92                nbr_table_next
 .text.nbr_table_head
                0x0000cf22       0x36 contiki-sky.a(nbr-table.o)
                0x0000cf22                nbr_table_head
 .text.nbr_table_add_lladdr
                0x0000cf58      0x144 contiki-sky.a(nbr-table.o)
                0x0000cf58                nbr_table_add_lladdr
 .text.nbr_table_get_from_lladdr
                0x0000d09c       0x48 contiki-sky.a(nbr-table.o)
                0x0000d09c                nbr_table_get_from_lladdr
 .text.nbr_table_remove
                0x0000d0e4       0x32 contiki-sky.a(nbr-table.o)
                0x0000d0e4                nbr_table_remove
 .text.nbr_table_lock
                0x0000d116       0x10 contiki-sky.a(nbr-table.o)
                0x0000d116                nbr_table_lock
 .text.nbr_table_unlock
                0x0000d126       0x10 contiki-sky.a(nbr-table.o)
                0x0000d126                nbr_table_unlock
 .text.nbr_table_get_lladdr
                0x0000d136       0x5a contiki-sky.a(nbr-table.o)
                0x0000d136                nbr_table_get_lladdr
 .text.packetbuf_compact
                0x0000d190       0x2e contiki-sky.a(packetbuf.o)
                0x0000d190                packetbuf_compact
 .text.packetbuf_copyto
                0x0000d1be       0x52 contiki-sky.a(packetbuf.o)
                0x0000d1be                packetbuf_copyto
 .text.packetbuf_hdrreduce
                0x0000d210       0x1a contiki-sky.a(packetbuf.o)
                0x0000d210                packetbuf_hdrreduce
 .text.packetbuf_set_datalen
                0x0000d22a        0x6 contiki-sky.a(packetbuf.o)
                0x0000d22a                packetbuf_set_datalen
 .text.packetbuf_dataptr
                0x0000d230        0xe contiki-sky.a(packetbuf.o)
                0x0000d230                packetbuf_dataptr
 .text.packetbuf_hdrptr
                0x0000d23e        0xa contiki-sky.a(packetbuf.o)
                0x0000d23e                packetbuf_hdrptr
 .text.packetbuf_datalen
                0x0000d248        0x6 contiki-sky.a(packetbuf.o)
                0x0000d248                packetbuf_datalen
 .text.packetbuf_hdrlen
                0x0000d24e       0x10 contiki-sky.a(packetbuf.o)
                0x0000d24e                packetbuf_hdrlen
 .text.packetbuf_totlen
                0x0000d25e        0xc contiki-sky.a(packetbuf.o)
                0x0000d25e                packetbuf_totlen
 .text.packetbuf_hdralloc
                0x0000d26a       0x2e contiki-sky.a(packetbuf.o)
                0x0000d26a                packetbuf_hdralloc
 .text.packetbuf_attr_clear
                0x0000d298       0x28 contiki-sky.a(packetbuf.o)
                0x0000d298                packetbuf_attr_clear
 .text.packetbuf_clear
                0x0000d2c0       0x1a contiki-sky.a(packetbuf.o)
                0x0000d2c0                packetbuf_clear
 .text.packetbuf_copyfrom
                0x0000d2da       0x2e contiki-sky.a(packetbuf.o)
                0x0000d2da                packetbuf_copyfrom
 .text.packetbuf_attr_copyto
                0x0000d308       0x22 contiki-sky.a(packetbuf.o)
                0x0000d308                packetbuf_attr_copyto
 .text.packetbuf_attr_copyfrom
                0x0000d32a       0x24 contiki-sky.a(packetbuf.o)
                0x0000d32a                packetbuf_attr_copyfrom
 .text.packetbuf_holds_broadcast
                0x0000d34e        0xe contiki-sky.a(packetbuf.o)
                0x0000d34e                packetbuf_holds_broadcast
 .text.queuebuf_init
                0x0000d35c       0x12 contiki-sky.a(queuebuf.o)
                0x0000d35c                queuebuf_init
 .text.queuebuf_numfree
                0x0000d36e        0xa contiki-sky.a(queuebuf.o)
                0x0000d36e                queuebuf_numfree
 .text.queuebuf_new_from_packetbuf
                0x0000d378       0x52 contiki-sky.a(queuebuf.o)
                0x0000d378                queuebuf_new_from_packetbuf
 .text.queuebuf_update_from_packetbuf
                0x0000d3ca       0x22 contiki-sky.a(queuebuf.o)
                0x0000d3ca                queuebuf_update_from_packetbuf
 .text.queuebuf_free
                0x0000d3ec       0x2a contiki-sky.a(queuebuf.o)
                0x0000d3ec                queuebuf_free
 .text.queuebuf_to_packetbuf
                0x0000d416       0x32 contiki-sky.a(queuebuf.o)
                0x0000d416                queuebuf_to_packetbuf
 .text.duty_cycle
                0x0000d448        0x6 contiki-sky.a(contikimac.o)
 .text.init     0x0000d44e       0x2a contiki-sky.a(contikimac.o)
 .text.on       0x0000d478       0x1a contiki-sky.a(contikimac.o)
 .text.off      0x0000d492       0x22 contiki-sky.a(contikimac.o)
 .text.recv_burst_off
                0x0000d4b4        0xa contiki-sky.a(contikimac.o)
 .text.turn_off
                0x0000d4be       0x20 contiki-sky.a(contikimac.o)
 .text.turn_on  0x0000d4de       0x30 contiki-sky.a(contikimac.o)
 .text.schedule_powercycle_fixed.part.4
                0x0000d50e       0x36 contiki-sky.a(contikimac.o)
 .text.powercycle_turn_radio_off
                0x0000d544       0x30 contiki-sky.a(contikimac.o)
 .text.powercycle
                0x0000d574      0x1d2 contiki-sky.a(contikimac.o)
 .text.input_packet
                0x0000d746       0xb2 contiki-sky.a(contikimac.o)
 .text.send_packet.isra.7
                0x0000d7f8      0x1ec contiki-sky.a(contikimac.o)
 .text.qsend_list
                0x0000d9e4       0xc4 contiki-sky.a(contikimac.o)
 .text.qsend_packet
                0x0000daa8       0x28 contiki-sky.a(contikimac.o)
 .text.bootstrap
                0x0000dad0        0x4 contiki-sky.a(nullsec.o)
 .text.send     0x0000dad4        0xa contiki-sky.a(nullsec.o)
 .text.on_frame_created
                0x0000dade        0x4 contiki-sky.a(nullsec.o)
 .text.input    0x0000dae2        0x6 contiki-sky.a(nullsec.o)
 .text.get_overhead
                0x0000dae8        0x4 contiki-sky.a(nullsec.o)
 .text.crc8_add
                0x0000daec       0x1c contiki-sky.a(sht11.o)
 .text.sstart   0x0000db08       0x3e contiki-sky.a(sht11.o)
 .text.swrite   0x0000db46       0x52 contiki-sky.a(sht11.o)
 .text.sread    0x0000db98       0x4e contiki-sky.a(sht11.o)
 .text.sreset   0x0000dbe6       0x2a contiki-sky.a(sht11.o)
 .text.scmd.part.0
                0x0000dc10       0xb0 contiki-sky.a(sht11.o)
 .text.sht11_init
                0x0000dcc0       0x1a contiki-sky.a(sht11.o)
                0x0000dcc0                sht11_init
 .text.sht11_off
                0x0000dcda       0x14 contiki-sky.a(sht11.o)
                0x0000dcda                sht11_off
 .text.sht11_temp
                0x0000dcee        0xa contiki-sky.a(sht11.o)
                0x0000dcee                sht11_temp
 .text.sht11_humidity
                0x0000dcf8        0xa contiki-sky.a(sht11.o)
                0x0000dcf8                sht11_humidity
 .text.sht11_sreg
                0x0000dd02       0x7a contiki-sky.a(sht11.o)
                0x0000dd02                sht11_sreg
 .text.spi_init
                0x0000dd7c       0x32 contiki-sky.a(spi.o)
                0x0000dd7c                spi_init
 .text.compower_accumulate
                0x0000ddae       0x72 contiki-sky.a(compower.o)
                0x0000ddae                compower_accumulate
 .text.compower_clear
                0x0000de20       0x12 contiki-sky.a(compower.o)
                0x0000de20                compower_clear
 .text.compower_attrconv
                0x0000de32       0x10 contiki-sky.a(compower.o)
                0x0000de32                compower_attrconv
 .text.stimer_set
                0x0000de42       0x1c contiki-sky.a(stimer.o)
                0x0000de42                stimer_set
 .text.stimer_expired
                0x0000de5e       0x30 contiki-sky.a(stimer.o)
                0x0000de5e                stimer_expired
 .text.field_len
                0x0000de8e       0x98 contiki-sky.a(frame802154.o)
 .text.frame802154_hdrlen
                0x0000df26       0x2e contiki-sky.a(frame802154.o)
                0x0000df26                frame802154_hdrlen
 .text.frame802154_create
                0x0000df54      0x146 contiki-sky.a(frame802154.o)
                0x0000df54                frame802154_create
 .text.frame802154_parse
                0x0000e09a      0x1da contiki-sky.a(frame802154.o)
                0x0000e09a                frame802154_parse
 .text.mac_call_sent_callback
                0x0000e274       0x14 contiki-sky.a(mac.o)
                0x0000e274                mac_call_sent_callback
 .text.mac_sequence_is_duplicate
                0x0000e288       0x44 contiki-sky.a(mac-sequence.o)
                0x0000e288                mac_sequence_is_duplicate
 .text.mac_sequence_register_seqno
                0x0000e2cc       0x76 contiki-sky.a(mac-sequence.o)
                0x0000e2cc                mac_sequence_register_seqno
 .text.libgcc   0x0000e342       0x2c /usr/lib/gcc/msp430/4.6.3/mmpy-16/libgcc.a(_mulsi3.o)
                0x0000e342                __mulsi3
 .text.libgcc   0x0000e36e       0x22 /usr/lib/gcc/msp430/4.6.3/mmpy-16/libgcc.a(_udivmod16.o)
                0x0000e36e                __udivhi3
                0x0000e36e                __ext_udivmod16
                0x0000e388                __umodhi3
 .text.libgcc   0x0000e390       0x3a /usr/lib/gcc/msp430/4.6.3/mmpy-16/libgcc.a(_divmod16.o)
                0x0000e390                __ext_divmod16
                0x0000e390                __divhi3
                0x0000e3c2                __modhi3
 .text.libgcc   0x0000e3ca       0x40 /usr/lib/gcc/msp430/4.6.3/mmpy-16/libgcc.a(_udivmod32.o)
                0x0000e3ca                __udivsi3
                0x0000e3ca                __ext_udivmod32
                0x0000e400                __umodsi3
 .text          0x0000e40a       0x28 /usr/lib/gcc/msp430/4.6.3/../../../../msp430/lib/mmpy-16/libc.a(strncmp.o)
                0x0000e40a                strncmp
 .text          0x0000e432       0x20 /usr/lib/gcc/msp430/4.6.3/../../../../msp430/lib/mmpy-16/libc.a(memcmp.o)
                0x0000e432                memcmp
 .text          0x0000e452       0x2a /usr/lib/gcc/msp430/4.6.3/../../../../msp430/lib/mmpy-16/libc.a(strncpy.o)
                0x0000e452                strncpy
 .text          0x0000e47c       0xfa /usr/lib/gcc/msp430/4.6.3/../../../../msp430/lib/mmpy-16/libc.a(memcpy.o)
                0x0000e47c                memcpy
 .text          0x0000e576       0xfa /usr/lib/gcc/msp430/4.6.3/../../../../msp430/lib/mmpy-16/libc.a(memmove.o)
                0x0000e576                memmove
 .text          0x0000e670       0x6a /usr/lib/gcc/msp430/4.6.3/../../../../msp430/lib/mmpy-16/libc.a(memset.o)
                0x0000e670                memset
 .text          0x0000e6da       0x1e /usr/lib/gcc/msp430/4.6.3/../../../../msp430/lib/mmpy-16/libc.a(printf.o)
                0x0000e6da                printf
                0x0000e6ea                vprintf
 .text          0x0000e6f8       0xbc /usr/lib/gcc/msp430/4.6.3/../../../../msp430/lib/mmpy-16/libc.a(sprintf.o)
                0x0000e756                sprintf
                0x0000e772                snprintf
                0x0000e78c                vsprintf
                0x0000e7a2                vsnprintf
 .text          0x0000e7b4      0x836 /usr/lib/gcc/msp430/4.6.3/../../../../msp430/lib/mmpy-16/libc.a(vuprintf.o)
                0x0000e94c                vuprintf
 .text          0x0000efea       0x2c /usr/lib/gcc/msp430/4.6.3/../../../../msp430/lib/mmpy-16/libc.a(puts.o)
                0x0000efea                puts
 .text          0x0000f016       0x54 /usr/lib/gcc/msp430/4.6.3/../../../../msp430/lib/mmpy-16/libc.a(rand.o)
                0x0000f016                rand_r
                0x0000f03a                rand
                0x0000f060                srand
 .text.libgcc   0x0000f06a       0xf0 /usr/lib/gcc/msp430/4.6.3/mmpy-16/libgcc.a(_udivmod64.o)
                0x0000f06a                __xabi_udivmod64
                0x0000f0c8                __udivdi3
                0x0000f0ee                __umoddi3
                0x0000f11c                __udivmoddi4
 .text.crt0     0x0000f15a        0x2 /usr/lib/gcc/msp430/4.6.3/mmpy-16/libcrt0.a(_unexpected_.o)
                0x0000f15a                _unexpected_
                0x0000f15c                . = ALIGN (0x2)

.rodata         0x0000f15c      0x5ca
                0x0000f15c                . = ALIGN (0x2)
 *(.rodata .rodata.* .gnu.linkonce.r.*)
 .rodata        0x0000f15c      0x198 sky-websense.co
                0x0000f2d4                autostart_processes
 .rodata        0x0000f2f4      0x148 obj_sky/httpd-simple.o
                0x0000f35c                http_index_html
                0x0000f368                http_get
                0x0000f36d                http_header_404
                0x0000f3ca                http_header_200
                0x0000f420                http_content_type_html
 .rodata        0x0000f43c      0x12e obj_sky/contiki-sky-main.o
 .rodata        0x0000f56a       0x38 contiki-sky.a(powertrace.o)
 .rodata        0x0000f5a2        0xe contiki-sky.a(sht11-sensor.o)
                0x0000f5a8                sht11_sensor
 .rodata        0x0000f5b0        0xe contiki-sky.a(light-sensor.o)
                0x0000f5b6                light_sensor
 .rodata        0x0000f5be       0x10 contiki-sky.a(button-sensor.o)
                0x0000f5c6                button_sensor
 .rodata        0x0000f5ce        0x8 contiki-sky.a(sensors.o)
 .rodata        0x0000f5d6       0x5a contiki-sky.a(cc2420.o)
                0x0000f5f2                cc2420_aes_128_driver
                0x0000f5f6                cc2420_driver
 .rodata        0x0000f630        0xf contiki-sky.a(ctimer.o)
 .rodata        0x0000f63f        0xc contiki-sky.a(etimer.o)
 *fill*         0x0000f64b        0x1 00
 .rodata        0x0000f64c       0x24 contiki-sky.a(sicslowpan.o)
                0x0000f658                sicslowpan_driver
                0x0000f65e                llprefix
                0x0000f660                unc_mxconf
                0x0000f664                unc_ctxconf
                0x0000f668                unc_llconf
 .rodata        0x0000f670       0x20 contiki-sky.a(uip6.o)
 .rodata        0x0000f690        0xd contiki-sky.a(tcpip.o)
 .rodata        0x0000f69d       0x29 contiki-sky.a(uip-debug.o)
 .rodata        0x0000f6c6        0x8 contiki-sky.a(framer-802154.o)
                0x0000f6c6                framer_802154
 .rodata        0x0000f6ce       0x16 contiki-sky.a(nullmac.o)
                0x0000f6d6                nullmac_driver
 .rodata        0x0000f6e4        0x8 contiki-sky.a(linkaddr.o)
                0x0000f6e4                linkaddr_null
 .rodata        0x0000f6ec       0x1c contiki-sky.a(contikimac.o)
                0x0000f6f8                contikimac_driver
 .rodata        0x0000f708       0x14 contiki-sky.a(nullsec.o)
                0x0000f710                nullsec_driver
 .rodata        0x0000f71c        0x2 contiki-sky.a(frame802154.o)
 .rodata        0x0000f71e        0x7 /usr/lib/gcc/msp430/4.6.3/../../../../msp430/lib/mmpy-16/libc.a(vuprintf.o)
                0x0000f726                . = ALIGN (0x2)
 *fill*         0x0000f725        0x1 00
                0x0000f726                _etext = .

.data           0x00001100       0xe4 load address 0x0000f726
                0x00001100                . = ALIGN (0x2)
                0x00001100                PROVIDE (__data_start, .)
 *(.data .data.* .gnu.linkonce.d.*)
 .data          0x00001100       0x14 sky-websense.co
                0x00001100                webserver_nogui_process
                0x0000110a                web_sense_process
 .data          0x00001114        0x8 obj_sky/httpd-simple.o
 .data          0x0000111c        0xa contiki-sky.a(powertrace.o)
                0x0000111c                powertrace_process
 .data          0x00001126        0x4 contiki-sky.a(contiki-sky-pla)
                0x00001126                sensors
 .data          0x0000112a        0x1 contiki-sky.a(sht11-sensor.o)
 *fill*         0x0000112b        0x1 00
 .data          0x0000112c        0xa contiki-sky.a(sensors.o)
                0x0000112c                sensors_process
 .data          0x00001136        0xa contiki-sky.a(cc2420.o)
                0x00001136                cc2420_process
 .data          0x00001140        0x2 contiki-sky.a(msp430.o)
 .data          0x00001142        0xa contiki-sky.a(ctimer.o)
                0x00001142                ctimer_process
 .data          0x0000114c        0xa contiki-sky.a(etimer.o)
                0x0000114c                etimer_process
 .data          0x00001156        0xa contiki-sky.a(uip-ds6-nbr.o)
                0x00001156                ds6_neighbors
 .data          0x00001160       0x20 contiki-sky.a(uip-ds6-route.o)
 .data          0x00001180        0xc contiki-sky.a(uip-icmp6.o)
 .data          0x0000118c        0xa contiki-sky.a(tcpip.o)
                0x0000118c                tcpip_process
 .data          0x00001196        0xa contiki-sky.a(rpl-dag.o)
                0x00001196                rpl_parents
 .data          0x000011a0       0x1a contiki-sky.a(rpl-icmp6.o)
 .data          0x000011ba        0xe contiki-sky.a(rpl-mrhof.o)
                0x000011ba                rpl_mrhof
 .data          0x000011c8        0x8 contiki-sky.a(nbr-table.o)
 .data          0x000011d0       0x10 contiki-sky.a(queuebuf.o)
 .data          0x000011e0        0x4 /usr/lib/gcc/msp430/4.6.3/../../../../msp430/lib/mmpy-16/libc.a(rand.o)
                0x000011e4                . = ALIGN (0x2)
                0x000011e4                _edata = .
                0x0000f726                PROVIDE (__data_load_start, LOADADDR (.data))
                0x000000e4                PROVIDE (__data_size, SIZEOF (.data))

.bss            0x000011e4     0x18d6 load address 0x0000f80a
                0x000011e4                PROVIDE (__bss_start, .)
 *(.bss .bss.*)
 .bss           0x000011e4      0x150 sky-websense.co
 .bss           0x00001334      0x1e6 obj_sky/httpd-simple.o
 .bss           0x0000151a        0xc obj_sky/contiki-sky-main.o
 .bss           0x00001526       0x1c contiki-sky.a(powertrace.o)
 .bss           0x00001542        0x8 contiki-sky.a(button-sensor.o)
 .bss           0x0000154a        0x2 contiki-sky.a(node-id.o)
                0x0000154a                node_id
 .bss           0x0000154c        0x6 contiki-sky.a(sensors.o)
 .bss           0x00001552        0x8 contiki-sky.a(cc2420.o)
 .bss           0x0000155a        0x4 contiki-sky.a(sky-sensors.o)
 .bss           0x0000155e       0x9a contiki-sky.a(uart1.o)
 .bss           0x000015f8        0xa contiki-sky.a(clock.o)
 .bss           0x00001602        0x1 contiki-sky.a(leds.o)
 *fill*         0x00001603        0x1 00
 .bss           0x00001604        0x2 contiki-sky.a(watchdog.o)
 .bss           0x00001606        0x4 contiki-sky.a(ctimer.o)
 .bss           0x0000160a        0x6 contiki-sky.a(etimer.o)
 .bss           0x00001610       0x42 contiki-sky.a(process.o)
                0x00001610                process_current
                0x00001612                process_list
 .bss           0x00001652        0x2 contiki-sky.a(rtimer.o)
 .bss           0x00001654       0xc0 contiki-sky.a(sicslowpan.o)
 .bss           0x00001714       0x12 contiki-sky.a(uip6.o)
                0x00001714                uip_ext_opt_offset
                0x00001716                uip_ext_len
                0x00001718                uip_ext_bitmap
 .bss           0x00001726       0x18 contiki-sky.a(uip-ds6.o)
 .bss           0x0000173e      0x2f8 contiki-sky.a(uip-ds6-nbr.o)
 .bss           0x00001a36      0x362 contiki-sky.a(uip-ds6-route.o)
 .bss           0x00001d98       0x14 contiki-sky.a(uip-icmp6.o)
 .bss           0x00001dac       0x36 contiki-sky.a(tcpip.o)
 .bss           0x00001de2        0x2 contiki-sky.a(rpl.o)
 .bss           0x00001de4       0xf0 contiki-sky.a(rpl-dag.o)
 .bss           0x00001ed4       0x18 contiki-sky.a(rpl-timers.o)
 .bss           0x00001eec        0x2 contiki-sky.a(framer-802154.o)
 .bss           0x00001eee      0x118 contiki-sky.a(nbr-table.o)
 .bss           0x00002006       0xb8 contiki-sky.a(packetbuf.o)
 .bss           0x000020be      0x386 contiki-sky.a(queuebuf.o)
 .bss           0x00002444       0x32 contiki-sky.a(contikimac.o)
 .bss           0x00002476        0x8 contiki-sky.a(compower.o)
 .bss           0x0000247e       0xa0 contiki-sky.a(mac-sequence.o)
 .bss           0x0000251e        0x4 /usr/lib/gcc/msp430/4.6.3/../../../../msp430/lib/mmpy-16/libc.a(sprintf.o)
 *(COMMON)
 COMMON         0x00002522        0x2 contiki-sky.a(contiki-sky-pla)
                0x00002522                sensors_flags
 COMMON         0x00002524        0x8 contiki-sky.a(ds2411.o)
                0x00002524                ds2411_id
 COMMON         0x0000252c        0x1 contiki-sky.a(sensors.o)
                0x0000252c                sensors_event
 *fill*         0x0000252d        0x1 00
 COMMON         0x0000252e       0x10 contiki-sky.a(cc2420.o)
                0x0000252e                cc2420_last_rssi
                0x00002530                cc2420_sfd_start_time
                0x00002532                cc2420_time_of_departure
                0x00002534                cc2420_time_of_arrival
                0x00002536                cc2420_last_correlation
                0x00002538                cc2420_authority_level_of_sender
                0x0000253a                cc2420_sfd_counter
                0x0000253c                cc2420_sfd_end_time
 COMMON         0x0000253e        0x2 contiki-sky.a(msp430.o)
                0x0000253e                msp430_dco_required
 COMMON         0x00002540       0x56 contiki-sky.a(energest.o)
                0x00002540                energest_total_time
                0x00002570                energest_total_count
                0x00002572                energest_current_mode
                0x0000257e                energest_current_time
 COMMON         0x00002596        0x1 contiki-sky.a(process.o)
                0x00002596                process_maxevents
 *fill*         0x00002597        0x1 00
 COMMON         0x00002598        0x8 contiki-sky.a(sicslowpan.o)
                0x00002598                frag_sender
 COMMON         0x000025a0      0x2a0 contiki-sky.a(uip6.o)
                0x000025a0                uip_len
                0x000025a2                uip_sappdata
                0x000025a4                uip_acc32
                0x000025a8                uip_lladdr
                0x000025b0                uip_aligned_buf
                0x0000263c                uip_flags
                0x0000263e                uip_next_hdr
                0x00002640                uip_udp_conn
                0x00002642                uip_appdata
                0x00002644                uip_conn
                0x00002646                uip_conns
                0x000026f6                uip_listenports
                0x00002706                uip_slen
                0x00002708                uip_udp_conns
 COMMON         0x00002840      0x15c contiki-sky.a(uip-ds6.o)
                0x00002840                uip_ds6_timer_ra
                0x00002848                uip_ds6_if
                0x00002934                uip_ds6_netif_addr_list_offset
                0x00002935                uip_ds6_addr_size
                0x00002936                uip_ds6_prefix_list
                0x00002990                uip_ds6_timer_periodic
 COMMON         0x0000299c        0x1 contiki-sky.a(tcpip.o)
                0x0000299c                tcpip_event
 *fill*         0x0000299d        0x1 00
 COMMON         0x0000299e       0xde contiki-sky.a(rpl-dag.o)
                0x0000299e                default_instance
                0x000029a0                instance_table
 COMMON         0x00002a7c        0x8 contiki-sky.a(linkaddr.o)
                0x00002a7c                linkaddr_node_addr
 COMMON         0x00002a84       0x2e contiki-sky.a(packetbuf.o)
                0x00002a84                packetbuf_addrs
                0x00002a94                packetbuf_attrs
 COMMON         0x00002ab2        0x8 contiki-sky.a(compower.o)
                0x00002ab2                compower_idle_activity
                0x00002aba                . = ALIGN (0x2)
                0x00002aba                PROVIDE (__bss_end, .)
                0x000018d6                PROVIDE (__bss_size, SIZEOF (.bss))

.noinit         0x00002aba        0x2 load address 0x0000f80a
                0x00002aba                PROVIDE (__noinit_start, .)
 *(.noinit .noinit.*)
 .noinit.crt0   0x00002aba        0x2 /usr/lib/gcc/msp430/4.6.3/mmpy-16/libcrt0.a(__watchdog_support.o)
                0x00002aba                __wdt_clear_value
                0x00002abc                . = ALIGN (0x2)
                0x00002abc                PROVIDE (__noinit_end, .)
                0x00002abc                . = ALIGN (0x2)
                0x00002abc                _end = .

.infomem        0x00001000        0x0
 *(.infomem)
                0x00001000                . = ALIGN (0x2)
 *(.infomem.*)

.infomemnobits  0x00001000        0x0
 *(.infomemnobits)
                0x00001000                . = ALIGN (0x2)
 *(.infomemnobits.*)

.infoa
 *(.infoa .infoa.*)

.infob
 *(.infob .infob.*)

.infoc
 *(.infoc .infoc.*)

.infod
 *(.infod .infod.*)

.vectors        0x0000ffe0       0x20
                0x0000ffe0                PROVIDE (__vectors_start, .)
 *(.vectors*)
 .vectors       0x0000ffe0       0x20 /usr/lib/gcc/msp430/4.6.3/mmpy-16/crt0ivtbl16.o
                0x0000ffe0                __ivtbl_16
                0x00010000                _vectors_end = .

.fartext        0x00000000        0x0
                0x00000000                . = ALIGN (0x2)
 *(.fartext)
                0x00000000                . = ALIGN (0x2)
 *(.fartext.*)
                0x00000000                _efartext = .

.profiler
 *(.profiler)

.stab           0x00000000    0x2ae28
 *(.stab)
 .stab          0x00000000     0x1c98 sky-websense.co
 .stab          0x00001c98      0xc0c obj_sky/httpd-simple.o
                               0x1bb4 (size before relaxing)
 .stab          0x000028a4     0x10d4 obj_sky/contiki-sky-main.o
                               0x1b0c (size before relaxing)
 .stab          0x00003978      0x75c contiki-sky.a(powertrace.o)
                                0xb70 (size before relaxing)
 .stab          0x000040d4      0x264 contiki-sky.a(contiki-sky-pla)
                                0x5b8 (size before relaxing)
 .stab          0x00004338      0x438 contiki-sky.a(sht11-sensor.o)
                                0x948 (size before relaxing)
 .stab          0x00004770      0x324 contiki-sky.a(light-sensor.o)
                                0x690 (size before relaxing)
 .stab          0x00004a94      0x468 contiki-sky.a(button-sensor.o)
                                0x7d4 (size before relaxing)
 .stab          0x00004efc      0x624 contiki-sky.a(ds2411.o)
                                0xb40 (size before relaxing)
 .stab          0x00005520      0xa38 contiki-sky.a(xmem.o)
                                0xf60 (size before relaxing)
 .stab          0x00005f58      0x2b8 contiki-sky.a(node-id.o)
                                0x4e0 (size before relaxing)
 .stab          0x00006210      0x63c contiki-sky.a(sensors.o)
                                0xb70 (size before relaxing)
 .stab          0x0000684c     0x25e0 contiki-sky.a(cc2420.o)
                               0x2cac (size before relaxing)
 .stab          0x00008e2c      0x5ac contiki-sky.a(cc2420-arch.o)
                               0x1728 (size before relaxing)
 .stab          0x000093d8      0x4f8 contiki-sky.a(sky-sensors.o)
                                0x864 (size before relaxing)
 .stab          0x000098d0      0x60c contiki-sky.a(uart1.o)
                                0x960 (size before relaxing)
 .stab          0x00009edc      0x27c contiki-sky.a(uart1-putchar.o)
                                0x7bc (size before relaxing)
 .stab          0x0000a158      0x744 contiki-sky.a(msp430.o)
                                0xa98 (size before relaxing)
 .stab          0x0000a89c      0x948 contiki-sky.a(clock.o)
                                0xc9c (size before relaxing)
 .stab          0x0000b1e4      0x5dc contiki-sky.a(leds.o)
                                0x828 (size before relaxing)
 .stab          0x0000b7c0      0x3a8 contiki-sky.a(leds-arch.o)
                                0x6fc (size before relaxing)
 .stab          0x0000bb68      0x3fc contiki-sky.a(watchdog.o)
                                0x750 (size before relaxing)
 .stab          0x0000bf64      0x3cc contiki-sky.a(rtimer-arch.o)
                                0x720 (size before relaxing)
 .stab          0x0000c330      0x294 contiki-sky.a(autostart.o)
                                0x534 (size before relaxing)
 .stab          0x0000c5c4      0x7a4 contiki-sky.a(ctimer.o)
                                0xb10 (size before relaxing)
 .stab          0x0000cd68      0x474 contiki-sky.a(energest.o)
                                0x6fc (size before relaxing)
 .stab          0x0000d1dc      0xa38 contiki-sky.a(etimer.o)
                                0xd08 (size before relaxing)
 .stab          0x0000dc14      0xb7c contiki-sky.a(process.o)
                               0x1014 (size before relaxing)
 .stab          0x0000e790      0x3d8 contiki-sky.a(rtimer.o)
                                0x6c0 (size before relaxing)
 .stab          0x0000eb68      0x354 contiki-sky.a(timer.o)
                                0x594 (size before relaxing)
 .stab          0x0000eebc      0x7f8 contiki-sky.a(list.o)
                                0x804 (size before relaxing)
 .stab          0x0000f6b4      0x5c4 contiki-sky.a(memb.o)
                                0xaf8 (size before relaxing)
 .stab          0x0000fc78      0x228 contiki-sky.a(random.o)
                                0x624 (size before relaxing)
 .stab          0x0000fea0     0x1f98 contiki-sky.a(sicslowpan.o)
                               0x2ee0 (size before relaxing)
 .stab          0x00011e38     0x2bd4 contiki-sky.a(uip6.o)
                               0x378c (size before relaxing)
 .stab          0x00014a0c     0x13d4 contiki-sky.a(uip-ds6.o)
                               0x1f74 (size before relaxing)
 .stab          0x00015de0      0xcd8 contiki-sky.a(uip-ds6-nbr.o)
                               0x1710 (size before relaxing)
 .stab          0x00016ab8     0x1260 contiki-sky.a(uip-ds6-route.o)
                               0x1de8 (size before relaxing)
 .stab          0x00017d18      0xcf0 contiki-sky.a(uip-icmp6.o)
                               0x1968 (size before relaxing)
 .stab          0x00018a08      0x57c contiki-sky.a(uip-nd6.o)
                               0x1158 (size before relaxing)
 .stab          0x00018f84      0xd50 contiki-sky.a(psock.o)
                               0x1dac (size before relaxing)
 .stab          0x00019cd4     0x1410 contiki-sky.a(tcpip.o)
                               0x2658 (size before relaxing)
 .stab          0x0001b0e4      0x444 contiki-sky.a(uip-debug.o)
                                0xbd0 (size before relaxing)
 .stab          0x0001b528      0xb64 contiki-sky.a(rpl.o)
                               0x17b8 (size before relaxing)
 .stab          0x0001c08c     0x2f10 contiki-sky.a(rpl-dag.o)
                               0x3c18 (size before relaxing)
 .stab          0x0001ef9c      0xa50 contiki-sky.a(rpl-ext-header.)
                               0x180c (size before relaxing)
 .stab          0x0001f9ec     0x17ac contiki-sky.a(rpl-icmp6.o)
                               0x25b0 (size before relaxing)
 .stab          0x00021198      0x8ac contiki-sky.a(rpl-mrhof.o)
                               0x159c (size before relaxing)
 .stab          0x00021a44      0xbdc contiki-sky.a(rpl-timers.o)
                               0x18cc (size before relaxing)
 .stab          0x00022620      0x930 contiki-sky.a(framer-802154.o)
                                0xf54 (size before relaxing)
 .stab          0x00022f50      0x3fc contiki-sky.a(framer.o)
                                0xc54 (size before relaxing)
 .stab          0x0002334c      0x96c contiki-sky.a(nullmac.o)
                                0xdd4 (size before relaxing)
 .stab          0x00023cb8      0x2c4 contiki-sky.a(linkaddr.o)
                                0x6c0 (size before relaxing)
 .stab          0x00023f7c      0xd80 contiki-sky.a(nbr-table.o)
                               0x1428 (size before relaxing)
 .stab          0x00024cfc      0xdb0 contiki-sky.a(packetbuf.o)
                               0x1ed8 (size before relaxing)
 .stab          0x00025aac      0xaa4 contiki-sky.a(queuebuf.o)
                               0x1bb4 (size before relaxing)
 .stab          0x00026550     0x1a70 contiki-sky.a(contikimac.o)
                               0x22f8 (size before relaxing)
 .stab          0x00027fc0      0x66c contiki-sky.a(nullsec.o)
                                0xda4 (size before relaxing)
 .stab          0x0002862c      0xbb8 contiki-sky.a(sht11.o)
                               0x10e0 (size before relaxing)
 .stab          0x000291e4      0x204 contiki-sky.a(spi.o)
                                0x42c (size before relaxing)
 .stab          0x000293e8      0x51c contiki-sky.a(compower.o)
                                0xd20 (size before relaxing)
 .stab          0x00029904      0x3c0 contiki-sky.a(stimer.o)
                                0x600 (size before relaxing)
 .stab          0x00029cc4      0x924 contiki-sky.a(frame802154.o)
                               0x10f8 (size before relaxing)
 .stab          0x0002a5e8      0x1f8 contiki-sky.a(mac.o)
                                0x4ec (size before relaxing)
 .stab          0x0002a7e0      0x648 contiki-sky.a(mac-sequence.o)
                               0x1770 (size before relaxing)

.stabstr        0x00000000    0x1d4ad
 *(.stabstr)
 .stabstr       0x00000000    0x1d4ad sky-websense.co

.stab.excl
 *(.stab.excl)

.stab.exclstr
 *(.stab.exclstr)

.stab.index
 *(.stab.index)

.stab.indexstr
 *(.stab.indexstr)

.comment
 *(.comment)

.debug
 *(.debug)

.line
 *(.line)

.debug_srcinfo
 *(.debug_srcinfo)

.debug_sfnames
 *(.debug_sfnames)

.debug_aranges  0x00000000      0x1b8
 *(.debug_aranges)
 .debug_aranges
                0x00000000       0x14 /usr/lib/gcc/msp430/4.6.3/mmpy-16/libgcc.a(_mulsi3.o)
 .debug_aranges
                0x00000014       0x14 /usr/lib/gcc/msp430/4.6.3/mmpy-16/libgcc.a(_udivmod16.o)
 .debug_aranges
                0x00000028       0x14 /usr/lib/gcc/msp430/4.6.3/mmpy-16/libgcc.a(_divmod16.o)
 .debug_aranges
                0x0000003c       0x14 /usr/lib/gcc/msp430/4.6.3/mmpy-16/libgcc.a(_udivmod32.o)
 .debug_aranges
                0x00000050       0x14 /usr/lib/gcc/msp430/4.6.3/../../../../msp430/lib/mmpy-16/libc.a(strncmp.o)
 .debug_aranges
                0x00000064       0x14 /usr/lib/gcc/msp430/4.6.3/../../../../msp430/lib/mmpy-16/libc.a(memcmp.o)
 .debug_aranges
                0x00000078       0x14 /usr/lib/gcc/msp430/4.6.3/../../../../msp430/lib/mmpy-16/libc.a(strncpy.o)
 .debug_aranges
                0x0000008c       0x14 /usr/lib/gcc/msp430/4.6.3/../../../../msp430/lib/mmpy-16/libc.a(memcpy.o)
 .debug_aranges
                0x000000a0       0x14 /usr/lib/gcc/msp430/4.6.3/../../../../msp430/lib/mmpy-16/libc.a(memmove.o)
 .debug_aranges
                0x000000b4       0x14 /usr/lib/gcc/msp430/4.6.3/../../../../msp430/lib/mmpy-16/libc.a(memset.o)
 .debug_aranges
                0x000000c8       0x14 /usr/lib/gcc/msp430/4.6.3/../../../../msp430/lib/mmpy-16/libc.a(printf.o)
 .debug_aranges
                0x000000dc       0x14 /usr/lib/gcc/msp430/4.6.3/../../../../msp430/lib/mmpy-16/libc.a(sprintf.o)
 .debug_aranges
                0x000000f0       0x14 /usr/lib/gcc/msp430/4.6.3/../../../../msp430/lib/mmpy-16/libc.a(vuprintf.o)
 .debug_aranges
                0x00000104       0x14 /usr/lib/gcc/msp430/4.6.3/../../../../msp430/lib/mmpy-16/libc.a(puts.o)
 .debug_aranges
                0x00000118       0x14 /usr/lib/gcc/msp430/4.6.3/../../../../msp430/lib/mmpy-16/libc.a(rand.o)
 .debug_aranges
                0x0000012c       0x14 /usr/lib/gcc/msp430/4.6.3/mmpy-16/libgcc.a(_udivmod64.o)
 .debug_aranges
                0x00000140       0x14 /usr/lib/gcc/msp430/4.6.3/mmpy-16/libcrt0.a(__watchdog_support.o)
 .debug_aranges
                0x00000154       0x14 /usr/lib/gcc/msp430/4.6.3/mmpy-16/libcrt0.a(__init_stack.o)
 .debug_aranges
                0x00000168       0x14 /usr/lib/gcc/msp430/4.6.3/mmpy-16/libcrt0.a(_copy_data.o)
 .debug_aranges